Aug  2 12:01:29 myremote sshd[823680]: Received disconnect from 5.42.86.119 port 32818:11: Bye Bye [preauth]
Aug  2 12:01:29 myremote sshd[823680]: Disconnected from invalid user interface 5.42.86.119 port 32818 [preauth]
Aug  2 12:01:30 myremote sshd[823683]: pam_unix(sshd:auth): authentication failure; logname= uid=0 euid=0 tty=ssh ruser= rhost=170.210.155.249  user=root
Aug  2 12:01:32 myremote sshd[823683]: Failed password for root from 170.210.155.249 port 45806 ssh2
Aug  2 12:01:33 myremote sshd[823683]: Received disconnect from 170.210.155.249 port 45806:11: Bye Bye [preauth]
Aug  2 12:01:33 myremote sshd[823683]: Disconnected from authenticating user root 170.210.155.249 port 45806 [preauth]
Aug  2 12:01:33 myremote sshd[823686]: pam_unix(sshd:auth): authentication failure; logname= uid=0 euid=0 tty=ssh ruser= rhost=184.18.211.199  user=root
Aug  2 12:01:34 myremote sshd[823689]: Invalid user rstudio from 212.237.38.230 port 54232
Aug  2 12:01:34 myremote sshd[823689]: pam_unix(sshd:auth): check pass; user unknown
Aug  2 12:01:34 myremote sshd[823689]: pam_unix(sshd:auth): authentication failure; logname= uid=0 euid=0 tty=ssh ruser= rhost=212.237.38.230 
Aug  2 12:01:36 myremote sshd[823686]: Failed password for root from 184.18.211.199 port 40552 ssh2
Aug  2 12:01:36 myremote sshd[823689]: Failed password for invalid user rstudio from 212.237.38.230 port 54232 ssh2
Aug  2 12:01:37 myremote sshd[823686]: Received disconnect from 184.18.211.199 port 40552:11: Bye Bye [preauth]
Aug  2 12:01:37 myremote sshd[823686]: Disconnected from authenticating user root 184.18.211.199 port 40552 [preauth]
Aug  2 12:01:38 myremote sshd[823689]: Received disconnect from 212.237.38.230 port 54232:11: Bye Bye [preauth]
Aug  2 12:01:38 myremote sshd[823689]: Disconnected from invalid user rstudio 212.237.38.230 port 54232 [preauth]
Aug  2 12:01:41 myremote sshd[823692]: error: kex_exchange_identification: client sent invalid protocol identifier "-HSS2.0-libssh_0.9.6"
Aug  2 12:01:41 myremote sshd[823692]: banner exchange: Connection from 1.71.130.206 port 49950: invalid format
Aug  2 12:01:45 myremote sshd[823694]: Invalid user celine from 51.38.112.61 port 33580
Aug  2 12:01:45 myremote sshd[823694]: pam_unix(sshd:auth): check pass; user unknown
Aug  2 12:01:45 myremote sshd[823694]: pam_unix(sshd:auth): authentication failure; logname= uid=0 euid=0 tty=ssh ruser= rhost=51.38.112.61 
Aug  2 12:01:47 myremote sshd[823694]: Failed password for invalid user celine from 51.38.112.61 port 33580 ssh2
Aug  2 12:01:48 myremote sshd[823694]: Received disconnect from 51.38.112.61 port 33580:11: Bye Bye [preauth]
Aug  2 12:01:48 myremote sshd[823694]: Disconnected from invalid user celine 51.38.112.61 port 33580 [preauth]
Aug  2 12:01:49 myremote sshd[823697]: pam_unix(sshd:auth): authentication failure; logname= uid=0 euid=0 tty=ssh ruser= rhost=43.156.4.31  user=root
Aug  2 12:01:50 myremote sshd[823697]: Failed password for root from 43.156.4.31 port 43882 ssh2
Aug  2 12:01:51 myremote sshd[823697]: Received disconnect from 43.156.4.31 port 43882:11: Bye Bye [preauth]
Aug  2 12:01:51 myremote sshd[823697]: Disconnected from authenticating user root 43.156.4.31 port 43882 [preauth]
Aug  2 12:01:51 myremote sshd[823700]: Invalid user bsp from 203.80.23.199 port 48154
Aug  2 12:01:51 myremote sshd[823700]: pam_unix(sshd:auth): check pass; user unknown
Aug  2 12:01:51 myremote sshd[823700]: pam_unix(sshd:auth): authentication failure; logname= uid=0 euid=0 tty=ssh ruser= rhost=203.80.23.199 
Aug  2 12:01:53 myremote sshd[823700]: Failed password for invalid user bsp from 203.80.23.199 port 48154 ssh2
Aug  2 12:01:53 myremote sshd[823700]: Received disconnect from 203.80.23.199 port 48154:11: Bye Bye [preauth]
Aug  2 12:01:53 myremote sshd[823700]: Disconnected from invalid user bsp 203.80.23.199 port 48154 [preauth]
Aug  2 12:01:54 myremote sshd[823703]: Invalid user damien from 185.219.127.19 port 35258
Aug  2 12:01:54 myremote sshd[823703]: pam_unix(sshd:auth): check pass; user unknown
Aug  2 12:01:54 myremote sshd[823703]: pam_unix(sshd:auth): authentication failure; logname= uid=0 euid=0 tty=ssh ruser= rhost=185.219.127.19 
Aug  2 12:01:56 myremote sshd[823703]: Failed password for invalid user damien from 185.219.127.19 port 35258 ssh2
Aug  2 12:01:58 myremote sshd[823703]: Received disconnect from 185.219.127.19 port 35258:11: Bye Bye [preauth]
Aug  2 12:01:58 myremote sshd[823703]: Disconnected from invalid user damien 185.219.127.19 port 35258 [preauth]
Aug  2 12:02:04 myremote sshd[823706]: pam_unix(sshd:auth): authentication failure; logname= uid=0 euid=0 tty=ssh ruser= rhost=1.9.101.178  user=root
Aug  2 12:02:06 myremote sshd[823706]: Failed password for root from 1.9.101.178 port 34654 ssh2
Aug  2 12:02:06 myremote sshd[823712]: Invalid user thao from 167.71.220.19 port 57518
Aug  2 12:02:06 myremote sshd[823712]: pam_unix(sshd:auth): check pass; user unknown
Aug  2 12:02:06 myremote sshd[823712]: pam_unix(sshd:auth): authentication failure; logname= uid=0 euid=0 tty=ssh ruser= rhost=167.71.220.19 
Aug  2 12:02:08 myremote sshd[823709]: pam_unix(sshd:auth): authentication failure; logname= uid=0 euid=0 tty=ssh ruser= rhost=113.125.153.122  user=root
Aug  2 12:02:08 myremote sshd[823715]: pam_unix(sshd:auth): authentication failure; logname= uid=0 euid=0 tty=ssh ruser= rhost=5.42.86.119  user=root
Aug  2 12:02:08 myremote sshd[823706]: Received disconnect from 1.9.101.178 port 34654:11: Bye Bye [preauth]
Aug  2 12:02:08 myremote sshd[823706]: Disconnected from authenticating user root 1.9.101.178 port 34654 [preauth]
Aug  2 12:02:09 myremote sshd[823718]: error: kex_exchange_identification: client sent invalid protocol identifier "-HSS2.0-libssh_0.9.6"
Aug  2 12:02:09 myremote sshd[823718]: banner exchange: Connection from 36.46.128.39 port 39458: invalid format
Aug  2 12:02:09 myremote sshd[823712]: Failed password for invalid user thao from 167.71.220.19 port 57518 ssh2
Aug  2 12:02:10 myremote sshd[823709]: Failed password for root from 113.125.153.122 port 38556 ssh2
Aug  2 12:02:10 myremote sshd[823715]: Failed password for root from 5.42.86.119 port 37420 ssh2
Aug  2 12:02:10 myremote sshd[823720]: Invalid user yw from 220.86.29.35 port 52000
Aug  2 12:02:10 myremote sshd[823720]: pam_unix(sshd:auth): check pass; user unknown
Aug  2 12:02:10 myremote sshd[823720]: pam_unix(sshd:auth): authentication failure; logname= uid=0 euid=0 tty=ssh ruser= rhost=220.86.29.35 
Aug  2 12:02:11 myremote sshd[823712]: Received disconnect from 167.71.220.19 port 57518:11: Bye Bye [preauth]
Aug  2 12:02:11 myremote sshd[823712]: Disconnected from invalid user thao 167.71.220.19 port 57518 [preauth]
Aug  2 12:02:12 myremote sshd[823715]: Received disconnect from 5.42.86.119 port 37420:11: Bye Bye [preauth]
Aug  2 12:02:12 myremote sshd[823715]: Disconnected from authenticating user root 5.42.86.119 port 37420 [preauth]
Aug  2 12:02:12 myremote sshd[823709]: Received disconnect from 113.125.153.122 port 38556:11: Bye Bye [preauth]
Aug  2 12:02:12 myremote sshd[823709]: Disconnected from authenticating user root 113.125.153.122 port 38556 [preauth]
Aug  2 12:02:13 myremote sshd[823720]: Failed password for invalid user yw from 220.86.29.35 port 52000 ssh2
Aug  2 12:02:14 myremote sshd[823720]: Received disconnect from 220.86.29.35 port 52000:11: Bye Bye [preauth]
Aug  2 12:02:14 myremote sshd[823720]: Disconnected from invalid user yw 220.86.29.35 port 52000 [preauth]
Aug  2 12:02:18 myremote sshd[823723]: Invalid user thao from 184.18.211.199 port 54976
Aug  2 12:02:18 myremote sshd[823723]: pam_unix(sshd:auth): check pass; user unknown
Aug  2 12:02:18 myremote sshd[823723]: pam_unix(sshd:auth): authentication failure; logname= uid=0 euid=0 tty=ssh ruser= rhost=184.18.211.199 
Aug  2 12:02:20 myremote sshd[823723]: Failed password for invalid user thao from 184.18.211.199 port 54976 ssh2
Aug  2 12:02:22 myremote sshd[823723]: Received disconnect from 184.18.211.199 port 54976:11: Bye Bye [preauth]
Aug  2 12:02:22 myremote sshd[823723]: Disconnected from invalid user thao 184.18.211.199 port 54976 [preauth]
Aug  2 12:02:27 myremote sshd[823726]: Invalid user abdullah from 51.38.112.61 port 46290
Aug  2 12:02:27 myremote sshd[823726]: pam_unix(sshd:auth): check pass; user unknown
Aug  2 12:02:27 myremote sshd[823726]: pam_unix(sshd:auth): authentication failure; logname= uid=0 euid=0 tty=ssh ruser= rhost=51.38.112.61 
Aug  2 12:02:28 myremote sshd[823726]: Failed password for invalid user abdullah from 51.38.112.61 port 46290 ssh2
Aug  2 12:02:29 myremote sshd[823726]: Received disconnect from 51.38.112.61 port 46290:11: Bye Bye [preauth]
Aug  2 12:02:29 myremote sshd[823726]: Disconnected from invalid user abdullah 51.38.112.61 port 46290 [preauth]
Aug  2 12:02:30 myremote sshd[823729]: pam_unix(sshd:auth): authentication failure; logname= uid=0 euid=0 tty=ssh ruser= rhost=125.74.232.57  user=root
Aug  2 12:02:33 myremote sshd[823729]: Failed password for root from 125.74.232.57 port 56436 ssh2
Aug  2 12:02:34 myremote sshd[823732]: Invalid user abdullah from 170.210.155.249 port 52952
Aug  2 12:02:34 myremote sshd[823732]: pam_unix(sshd:auth): check pass; user unknown
Aug  2 12:02:34 myremote sshd[823732]: pam_unix(sshd:auth): authentication failure; logname= uid=0 euid=0 tty=ssh ruser= rhost=170.210.155.249 
Aug  2 12:02:35 myremote sshd[823729]: Received disconnect from 125.74.232.57 port 56436:11: Bye Bye [preauth]
Aug  2 12:02:35 myremote sshd[823729]: Disconnected from authenticating user root 125.74.232.57 port 56436 [preauth]
Aug  2 12:02:36 myremote sshd[823732]: Failed password for invalid user abdullah from 170.210.155.249 port 52952 ssh2
Aug  2 12:02:37 myremote sshd[823732]: Received disconnect from 170.210.155.249 port 52952:11: Bye Bye [preauth]
Aug  2 12:02:37 myremote sshd[823732]: Disconnected from invalid user abdullah 170.210.155.249 port 52952 [preauth]
Aug  2 12:02:37 myremote sshd[823738]: Invalid user rstudio from 185.219.127.19 port 42202
Aug  2 12:02:37 myremote sshd[823738]: pam_unix(sshd:auth): check pass; user unknown
Aug  2 12:02:37 myremote sshd[823738]: pam_unix(sshd:auth): authentication failure; logname= uid=0 euid=0 tty=ssh ruser= rhost=185.219.127.19 
Aug  2 12:02:37 myremote sshd[823735]: Invalid user marcos from 43.156.4.31 port 57982
Aug  2 12:02:37 myremote sshd[823735]: pam_unix(sshd:auth): check pass; user unknown
Aug  2 12:02:37 myremote sshd[823735]: pam_unix(sshd:auth): authentication failure; logname= uid=0 euid=0 tty=ssh ruser= rhost=43.156.4.31 
Aug  2 12:02:39 myremote sshd[823738]: Failed password for invalid user rstudio from 185.219.127.19 port 42202 ssh2
Aug  2 12:02:39 myremote sshd[823735]: Failed password for invalid user marcos from 43.156.4.31 port 57982 ssh2
Aug  2 12:02:40 myremote sshd[823735]: Received disconnect from 43.156.4.31 port 57982:11: Bye Bye [preauth]
Aug  2 12:02:40 myremote sshd[823735]: Disconnected from invalid user marcos 43.156.4.31 port 57982 [preauth]
Aug  2 12:02:41 myremote sshd[823738]: Received disconnect from 185.219.127.19 port 42202:11: Bye Bye [preauth]
Aug  2 12:02:41 myremote sshd[823738]: Disconnected from invalid user rstudio 185.219.127.19 port 42202 [preauth]
Aug  2 12:02:43 myremote sshd[823742]: Invalid user patrick from 188.212.96.88 port 40436
Aug  2 12:02:43 myremote sshd[823742]: pam_unix(sshd:auth): check pass; user unknown
Aug  2 12:02:43 myremote sshd[823742]: pam_unix(sshd:auth): authentication failure; logname= uid=0 euid=0 tty=ssh ruser= rhost=188.212.96.88 
Aug  2 12:02:45 myremote sshd[823742]: Failed password for invalid user patrick from 188.212.96.88 port 40436 ssh2
Aug  2 12:02:46 myremote sshd[823742]: Received disconnect from 188.212.96.88 port 40436:11: Bye Bye [preauth]
Aug  2 12:02:46 myremote sshd[823742]: Disconnected from invalid user patrick 188.212.96.88 port 40436 [preauth]
Aug  2 12:02:50 myremote sshd[823745]: pam_unix(sshd:auth): authentication failure; logname= uid=0 euid=0 tty=ssh ruser= rhost=5.42.86.119  user=root
Aug  2 12:02:52 myremote sshd[823745]: Failed password for root from 5.42.86.119 port 53290 ssh2
Aug  2 12:02:52 myremote sshd[823745]: Received disconnect from 5.42.86.119 port 53290:11: Bye Bye [preauth]
Aug  2 12:02:52 myremote sshd[823745]: Disconnected from authenticating user root 5.42.86.119 port 53290 [preauth]
Aug  2 12:02:56 myremote sshd[823748]: Invalid user webapps from 1.9.101.178 port 41843
Aug  2 12:02:56 myremote sshd[823748]: pam_unix(sshd:auth): check pass; user unknown
Aug  2 12:02:56 myremote sshd[823748]: pam_unix(sshd:auth): authentication failure; logname= uid=0 euid=0 tty=ssh ruser= rhost=1.9.101.178 
Aug  2 12:02:58 myremote sshd[823751]: Invalid user bsp from 212.237.38.230 port 47590
Aug  2 12:02:58 myremote sshd[823751]: pam_unix(sshd:auth): check pass; user unknown
Aug  2 12:02:58 myremote sshd[823751]: pam_unix(sshd:auth): authentication failure; logname= uid=0 euid=0 tty=ssh ruser= rhost=212.237.38.230 
Aug  2 12:02:58 myremote sshd[823748]: Failed password for invalid user webapps from 1.9.101.178 port 41843 ssh2
Aug  2 12:02:59 myremote sshd[823748]: Received disconnect from 1.9.101.178 port 41843:11: Bye Bye [preauth]
Aug  2 12:02:59 myremote sshd[823748]: Disconnected from invalid user webapps 1.9.101.178 port 41843 [preauth]
Aug  2 12:02:59 myremote sshd[823754]: pam_unix(sshd:auth): authentication failure; logname= uid=0 euid=0 tty=ssh ruser= rhost=184.18.211.199  user=root
Aug  2 12:03:00 myremote sshd[823751]: Failed password for invalid user bsp from 212.237.38.230 port 47590 ssh2
Aug  2 12:03:01 myremote sshd[823754]: Failed password for root from 184.18.211.199 port 41156 ssh2
Aug  2 12:03:01 myremote sshd[823754]: Received disconnect from 184.18.211.199 port 41156:11: Bye Bye [preauth]
Aug  2 12:03:01 myremote sshd[823754]: Disconnected from authenticating user root 184.18.211.199 port 41156 [preauth]
Aug  2 12:03:02 myremote sshd[823751]: Received disconnect from 212.237.38.230 port 47590:11: Bye Bye [preauth]
Aug  2 12:03:02 myremote sshd[823751]: Disconnected from invalid user bsp 212.237.38.230 port 47590 [preauth]
Aug  2 12:03:02 myremote sshd[823757]: pam_unix(sshd:auth): authentication failure; logname= uid=0 euid=0 tty=ssh ruser= rhost=220.86.29.35  user=root
Aug  2 12:03:04 myremote sshd[823757]: Failed password for root from 220.86.29.35 port 60283 ssh2
Aug  2 12:03:04 myremote sshd[823763]: error: kex_exchange_identification: client sent invalid protocol identifier "-HSS2.0-libssh_0.9.6"
Aug  2 12:03:04 myremote sshd[823763]: banner exchange: Connection from 1.71.130.206 port 33650: invalid format
Aug  2 12:03:04 myremote sshd[823760]: pam_unix(sshd:auth): authentication failure; logname= uid=0 euid=0 tty=ssh ruser= rhost=167.71.220.19  user=root
Aug  2 12:03:04 myremote sshd[823757]: Received disconnect from 220.86.29.35 port 60283:11: Bye Bye [preauth]
Aug  2 12:03:04 myremote sshd[823757]: Disconnected from authenticating user root 220.86.29.35 port 60283 [preauth]
Aug  2 12:03:06 myremote sshd[823760]: Failed password for root from 167.71.220.19 port 47540 ssh2
Aug  2 12:03:06 myremote sshd[823765]: Invalid user sevtech from 203.80.23.199 port 35096
Aug  2 12:03:06 myremote sshd[823765]: pam_unix(sshd:auth): check pass; user unknown
Aug  2 12:03:06 myremote sshd[823765]: pam_unix(sshd:auth): authentication failure; logname= uid=0 euid=0 tty=ssh ruser= rhost=203.80.23.199 
Aug  2 12:03:08 myremote sshd[823768]: Invalid user ansible from 113.125.153.122 port 52804
Aug  2 12:03:08 myremote sshd[823768]: pam_unix(sshd:auth): check pass; user unknown
Aug  2 12:03:08 myremote sshd[823768]: pam_unix(sshd:auth): authentication failure; logname= uid=0 euid=0 tty=ssh ruser= rhost=113.125.153.122 
Aug  2 12:03:08 myremote sshd[823765]: Failed password for invalid user sevtech from 203.80.23.199 port 35096 ssh2
Aug  2 12:03:08 myremote sshd[823760]: Received disconnect from 167.71.220.19 port 47540:11: Bye Bye [preauth]
Aug  2 12:03:08 myremote sshd[823760]: Disconnected from authenticating user root 167.71.220.19 port 47540 [preauth]
Aug  2 12:03:09 myremote sshd[823765]: Received disconnect from 203.80.23.199 port 35096:11: Bye Bye [preauth]
Aug  2 12:03:09 myremote sshd[823765]: Disconnected from invalid user sevtech 203.80.23.199 port 35096 [preauth]
Aug  2 12:03:09 myremote sshd[823771]: Invalid user za from 51.38.112.61 port 44748
Aug  2 12:03:09 myremote sshd[823771]: pam_unix(sshd:auth): check pass; user unknown
Aug  2 12:03:09 myremote sshd[823771]: pam_unix(sshd:auth): authentication failure; logname= uid=0 euid=0 tty=ssh ruser= rhost=51.38.112.61 
Aug  2 12:03:10 myremote sshd[823768]: Failed password for invalid user ansible from 113.125.153.122 port 52804 ssh2
Aug  2 12:03:11 myremote sshd[823771]: Failed password for invalid user za from 51.38.112.61 port 44748 ssh2
Aug  2 12:03:11 myremote sshd[823774]: Invalid user damien from 165.227.163.216 port 40410
Aug  2 12:03:11 myremote sshd[823774]: pam_unix(sshd:auth): check pass; user unknown
Aug  2 12:03:11 myremote sshd[823774]: pam_unix(sshd:auth): authentication failure; logname= uid=0 euid=0 tty=ssh ruser= rhost=165.227.163.216 
Aug  2 12:03:11 myremote sshd[823771]: Received disconnect from 51.38.112.61 port 44748:11: Bye Bye [preauth]
Aug  2 12:03:11 myremote sshd[823771]: Disconnected from invalid user za 51.38.112.61 port 44748 [preauth]
Aug  2 12:03:12 myremote sshd[823768]: Received disconnect from 113.125.153.122 port 52804:11: Bye Bye [preauth]
Aug  2 12:03:12 myremote sshd[823768]: Disconnected from invalid user ansible 113.125.153.122 port 52804 [preauth]
Aug  2 12:03:13 myremote sshd[823774]: Failed password for invalid user damien from 165.227.163.216 port 40410 ssh2
Aug  2 12:03:13 myremote sshd[823774]: Received disconnect from 165.227.163.216 port 40410:11: Bye Bye [preauth]
Aug  2 12:03:13 myremote sshd[823774]: Disconnected from invalid user damien 165.227.163.216 port 40410 [preauth]
Aug  2 12:03:17 myremote sshd[823777]: Invalid user celine from 125.74.232.57 port 37206
Aug  2 12:03:17 myremote sshd[823777]: pam_unix(sshd:auth): check pass; user unknown
Aug  2 12:03:17 myremote sshd[823777]: pam_unix(sshd:auth): authentication failure; logname= uid=0 euid=0 tty=ssh ruser= rhost=125.74.232.57 
Aug  2 12:03:20 myremote sshd[823777]: Failed password for invalid user celine from 125.74.232.57 port 37206 ssh2
Aug  2 12:03:21 myremote sshd[823777]: Received disconnect from 125.74.232.57 port 37206:11: Bye Bye [preauth]
Aug  2 12:03:21 myremote sshd[823777]: Disconnected from invalid user celine 125.74.232.57 port 37206 [preauth]
Aug  2 12:03:22 myremote sshd[823783]: Invalid user celine from 43.156.4.31 port 43830
Aug  2 12:03:22 myremote sshd[823783]: pam_unix(sshd:auth): check pass; user unknown
Aug  2 12:03:22 myremote sshd[823783]: pam_unix(sshd:auth): authentication failure; logname= uid=0 euid=0 tty=ssh ruser= rhost=43.156.4.31 
Aug  2 12:03:23 myremote sshd[823786]: pam_unix(sshd:auth): authentication failure; logname= uid=0 euid=0 tty=ssh ruser= rhost=185.219.127.19  user=root
Aug  2 12:03:24 myremote sshd[823783]: Failed password for invalid user celine from 43.156.4.31 port 43830 ssh2
Aug  2 12:03:25 myremote sshd[823786]: Failed password for root from 185.219.127.19 port 49764 ssh2
Aug  2 12:03:25 myremote sshd[823780]: Connection closed by 117.89.250.248 port 35940 [preauth]
Aug  2 12:03:25 myremote sshd[823786]: Received disconnect from 185.219.127.19 port 49764:11: Bye Bye [preauth]
Aug  2 12:03:25 myremote sshd[823786]: Disconnected from authenticating user root 185.219.127.19 port 49764 [preauth]
Aug  2 12:03:26 myremote sshd[823783]: Received disconnect from 43.156.4.31 port 43830:11: Bye Bye [preauth]
Aug  2 12:03:26 myremote sshd[823783]: Disconnected from invalid user celine 43.156.4.31 port 43830 [preauth]
Aug  2 12:03:30 myremote sshd[823792]: error: kex_exchange_identification: client sent invalid protocol identifier "-HSS2.0-libssh_0.9.6"
Aug  2 12:03:30 myremote sshd[823792]: banner exchange: Connection from 36.46.128.39 port 51214: invalid format
Aug  2 12:03:31 myremote sshd[823789]: pam_unix(sshd:auth): authentication failure; logname= uid=0 euid=0 tty=ssh ruser= rhost=5.42.86.119  user=root
Aug  2 12:03:33 myremote sshd[823789]: Failed password for root from 5.42.86.119 port 53398 ssh2
Aug  2 12:03:33 myremote sshd[823789]: Received disconnect from 5.42.86.119 port 53398:11: Bye Bye [preauth]
Aug  2 12:03:33 myremote sshd[823789]: Disconnected from authenticating user root 5.42.86.119 port 53398 [preauth]
Aug  2 12:03:37 myremote sshd[823794]: Invalid user bsp from 170.210.155.249 port 60093
Aug  2 12:03:37 myremote sshd[823794]: pam_unix(sshd:auth): check pass; user unknown
Aug  2 12:03:37 myremote sshd[823794]: pam_unix(sshd:auth): authentication failure; logname= uid=0 euid=0 tty=ssh ruser= rhost=170.210.155.249 
Aug  2 12:03:39 myremote sshd[823794]: Failed password for invalid user bsp from 170.210.155.249 port 60093 ssh2
Aug  2 12:03:39 myremote sshd[823794]: Received disconnect from 170.210.155.249 port 60093:11: Bye Bye [preauth]
Aug  2 12:03:39 myremote sshd[823794]: Disconnected from invalid user bsp 170.210.155.249 port 60093 [preauth]
Aug  2 12:03:40 myremote sshd[823797]: Invalid user sai from 184.18.211.199 port 55568
Aug  2 12:03:40 myremote sshd[823797]: pam_unix(sshd:auth): check pass; user unknown
Aug  2 12:03:40 myremote sshd[823797]: pam_unix(sshd:auth): authentication failure; logname= uid=0 euid=0 tty=ssh ruser= rhost=184.18.211.199 
Aug  2 12:03:42 myremote sshd[823800]: Invalid user scanner from 1.9.101.178 port 49030
Aug  2 12:03:42 myremote sshd[823800]: pam_unix(sshd:auth): check pass; user unknown
Aug  2 12:03:42 myremote sshd[823800]: pam_unix(sshd:auth): authentication failure; logname= uid=0 euid=0 tty=ssh ruser= rhost=1.9.101.178 
Aug  2 12:03:42 myremote sshd[823797]: Failed password for invalid user sai from 184.18.211.199 port 55568 ssh2
Aug  2 12:03:43 myremote sshd[823797]: Received disconnect from 184.18.211.199 port 55568:11: Bye Bye [preauth]
Aug  2 12:03:43 myremote sshd[823797]: Disconnected from invalid user sai 184.18.211.199 port 55568 [preauth]
Aug  2 12:03:44 myremote sshd[823800]: Failed password for invalid user scanner from 1.9.101.178 port 49030 ssh2
Aug  2 12:03:45 myremote sshd[823800]: Received disconnect from 1.9.101.178 port 49030:11: Bye Bye [preauth]
Aug  2 12:03:45 myremote sshd[823800]: Disconnected from invalid user scanner 1.9.101.178 port 49030 [preauth]
Aug  2 12:03:51 myremote sshd[823803]: pam_unix(sshd:auth): authentication failure; logname= uid=0 euid=0 tty=ssh ruser= rhost=220.86.29.35  user=root
Aug  2 12:03:53 myremote sshd[823806]: pam_unix(sshd:auth): authentication failure; logname= uid=0 euid=0 tty=ssh ruser= rhost=212.237.38.230  user=root
Aug  2 12:03:53 myremote sshd[823809]: pam_unix(sshd:auth): authentication failure; logname= uid=0 euid=0 tty=ssh ruser= rhost=51.38.112.61  user=root
Aug  2 12:03:54 myremote sshd[823803]: Failed password for root from 220.86.29.35 port 12067 ssh2
Aug  2 12:03:55 myremote sshd[823806]: Failed password for root from 212.237.38.230 port 36204 ssh2
Aug  2 12:03:55 myremote sshd[823806]: Received disconnect from 212.237.38.230 port 36204:11: Bye Bye [preauth]
Aug  2 12:03:55 myremote sshd[823806]: Disconnected from authenticating user root 212.237.38.230 port 36204 [preauth]
Aug  2 12:03:55 myremote sshd[823809]: Failed password for root from 51.38.112.61 port 39808 ssh2
Aug  2 12:03:56 myremote sshd[823809]: Received disconnect from 51.38.112.61 port 39808:11: Bye Bye [preauth]
Aug  2 12:03:56 myremote sshd[823809]: Disconnected from authenticating user root 51.38.112.61 port 39808 [preauth]
Aug  2 12:03:56 myremote sshd[823803]: Received disconnect from 220.86.29.35 port 12067:11: Bye Bye [preauth]
Aug  2 12:03:56 myremote sshd[823803]: Disconnected from authenticating user root 220.86.29.35 port 12067 [preauth]
Aug  2 12:03:59 myremote sshd[823812]: Invalid user sai from 167.71.220.19 port 47444
Aug  2 12:03:59 myremote sshd[823812]: pam_unix(sshd:auth): check pass; user unknown
Aug  2 12:03:59 myremote sshd[823812]: pam_unix(sshd:auth): authentication failure; logname= uid=0 euid=0 tty=ssh ruser= rhost=167.71.220.19 
Aug  2 12:04:02 myremote sshd[823812]: Failed password for invalid user sai from 167.71.220.19 port 47444 ssh2
Aug  2 12:04:03 myremote sshd[823815]: Bad packet length 536870912. [preauth]
Aug  2 12:04:03 myremote sshd[823815]: ssh_dispatch_run_fatal: Connection from 125.74.232.57 port 46206: Connection corrupted [preauth]
Aug  2 12:04:03 myremote sshd[823812]: Received disconnect from 167.71.220.19 port 47444:11: Bye Bye [preauth]
Aug  2 12:04:03 myremote sshd[823812]: Disconnected from invalid user sai 167.71.220.19 port 47444 [preauth]
Aug  2 12:04:03 myremote sshd[823818]: Invalid user sai from 185.219.127.19 port 55710
Aug  2 12:04:03 myremote sshd[823818]: pam_unix(sshd:auth): check pass; user unknown
Aug  2 12:04:03 myremote sshd[823818]: pam_unix(sshd:auth): authentication failure; logname= uid=0 euid=0 tty=ssh ruser= rhost=185.219.127.19 
Aug  2 12:04:05 myremote sshd[823818]: Failed password for invalid user sai from 185.219.127.19 port 55710 ssh2
Aug  2 12:04:07 myremote sshd[823818]: Received disconnect from 185.219.127.19 port 55710:11: Bye Bye [preauth]
Aug  2 12:04:07 myremote sshd[823818]: Disconnected from invalid user sai 185.219.127.19 port 55710 [preauth]
Aug  2 12:04:08 myremote sshd[823821]: pam_unix(sshd:auth): authentication failure; logname= uid=0 euid=0 tty=ssh ruser= rhost=210.59.205.48  user=root
Aug  2 12:04:09 myremote sshd[823821]: Failed password for root from 210.59.205.48 port 53870 ssh2
Aug  2 12:04:10 myremote sshd[823821]: Received disconnect from 210.59.205.48 port 53870:11: Bye Bye [preauth]
Aug  2 12:04:10 myremote sshd[823821]: Disconnected from authenticating user root 210.59.205.48 port 53870 [preauth]
Aug  2 12:04:10 myremote sshd[823824]: pam_unix(sshd:auth): authentication failure; logname= uid=0 euid=0 tty=ssh ruser= rhost=43.156.4.31  user=root
Aug  2 12:04:10 myremote sshd[823827]: Invalid user jonatas from 113.125.153.122 port 38822
Aug  2 12:04:10 myremote sshd[823827]: pam_unix(sshd:auth): check pass; user unknown
Aug  2 12:04:10 myremote sshd[823827]: pam_unix(sshd:auth): authentication failure; logname= uid=0 euid=0 tty=ssh ruser= rhost=113.125.153.122 
Aug  2 12:04:12 myremote sshd[823824]: Failed password for root from 43.156.4.31 port 57922 ssh2
Aug  2 12:04:12 myremote sshd[823827]: Failed password for invalid user jonatas from 113.125.153.122 port 38822 ssh2
Aug  2 12:04:12 myremote sshd[823824]: Received disconnect from 43.156.4.31 port 57922:11: Bye Bye [preauth]
Aug  2 12:04:12 myremote sshd[823824]: Disconnected from authenticating user root 43.156.4.31 port 57922 [preauth]
Aug  2 12:04:14 myremote sshd[823830]: Invalid user admin from 203.80.23.199 port 50268
Aug  2 12:04:14 myremote sshd[823830]: pam_unix(sshd:auth): check pass; user unknown
Aug  2 12:04:14 myremote sshd[823830]: pam_unix(sshd:auth): authentication failure; logname= uid=0 euid=0 tty=ssh ruser= rhost=203.80.23.199 
Aug  2 12:04:14 myremote sshd[823827]: Received disconnect from 113.125.153.122 port 38822:11: Bye Bye [preauth]
Aug  2 12:04:14 myremote sshd[823827]: Disconnected from invalid user jonatas 113.125.153.122 port 38822 [preauth]
Aug  2 12:04:15 myremote sshd[823833]: Invalid user patil from 5.42.86.119 port 55574
Aug  2 12:04:15 myremote sshd[823833]: pam_unix(sshd:auth): check pass; user unknown
Aug  2 12:04:15 myremote sshd[823833]: pam_unix(sshd:auth): authentication failure; logname= uid=0 euid=0 tty=ssh ruser= rhost=5.42.86.119 
Aug  2 12:04:16 myremote sshd[823830]: Failed password for invalid user admin from 203.80.23.199 port 50268 ssh2
Aug  2 12:04:17 myremote sshd[823833]: Failed password for invalid user patil from 5.42.86.119 port 55574 ssh2
Aug  2 12:04:17 myremote sshd[823830]: Received disconnect from 203.80.23.199 port 50268:11: Bye Bye [preauth]
Aug  2 12:04:17 myremote sshd[823830]: Disconnected from invalid user admin 203.80.23.199 port 50268 [preauth]
Aug  2 12:04:18 myremote sshd[823833]: Received disconnect from 5.42.86.119 port 55574:11: Bye Bye [preauth]
Aug  2 12:04:18 myremote sshd[823833]: Disconnected from invalid user patil 5.42.86.119 port 55574 [preauth]
Aug  2 12:04:21 myremote sshd[823836]: Invalid user kkc from 178.251.140.3 port 52305
Aug  2 12:04:21 myremote sshd[823836]: pam_unix(sshd:auth): check pass; user unknown
Aug  2 12:04:21 myremote sshd[823836]: pam_unix(sshd:auth): authentication failure; logname= uid=0 euid=0 tty=ssh ruser= rhost=178.251.140.3 
Aug  2 12:04:21 myremote sshd[823839]: pam_unix(sshd:auth): authentication failure; logname= uid=0 euid=0 tty=ssh ruser= rhost=184.18.211.199  user=root
Aug  2 12:04:23 myremote sshd[823836]: Failed password for invalid user kkc from 178.251.140.3 port 52305 ssh2
Aug  2 12:04:23 myremote sshd[823839]: Failed password for root from 184.18.211.199 port 41748 ssh2
Aug  2 12:04:24 myremote sshd[823842]: error: kex_exchange_identification: client sent invalid protocol identifier "-HSS2.0-libssh_0.9.6"
Aug  2 12:04:24 myremote sshd[823842]: banner exchange: Connection from 1.71.130.206 port 45580: invalid format
Aug  2 12:04:24 myremote sshd[823836]: Received disconnect from 178.251.140.3 port 52305:11: Bye Bye [preauth]
Aug  2 12:04:24 myremote sshd[823836]: Disconnected from invalid user kkc 178.251.140.3 port 52305 [preauth]
Aug  2 12:04:25 myremote sshd[823839]: Received disconnect from 184.18.211.199 port 41748:11: Bye Bye [preauth]
Aug  2 12:04:25 myremote sshd[823839]: Disconnected from authenticating user root 184.18.211.199 port 41748 [preauth]
Aug  2 12:04:29 myremote sshd[823844]: Invalid user nils from 1.9.101.178 port 56217
Aug  2 12:04:29 myremote sshd[823844]: pam_unix(sshd:auth): check pass; user unknown
Aug  2 12:04:29 myremote sshd[823844]: pam_unix(sshd:auth): authentication failure; logname= uid=0 euid=0 tty=ssh ruser= rhost=1.9.101.178 
Aug  2 12:04:31 myremote sshd[823844]: Failed password for invalid user nils from 1.9.101.178 port 56217 ssh2
Aug  2 12:04:31 myremote sshd[823844]: Received disconnect from 1.9.101.178 port 56217:11: Bye Bye [preauth]
Aug  2 12:04:31 myremote sshd[823844]: Disconnected from invalid user nils 1.9.101.178 port 56217 [preauth]
Aug  2 12:04:38 myremote sshd[823847]: pam_unix(sshd:auth): authentication failure; logname= uid=0 euid=0 tty=ssh ruser= rhost=51.38.112.61  user=root
Aug  2 12:04:38 myremote sshd[823850]: pam_unix(sshd:auth): authentication failure; logname= uid=0 euid=0 tty=ssh ruser= rhost=170.210.155.249  user=root
Aug  2 12:04:40 myremote sshd[823847]: Failed password for root from 51.38.112.61 port 60410 ssh2
Aug  2 12:04:40 myremote sshd[823850]: Failed password for root from 170.210.155.249 port 39004 ssh2
Aug  2 12:04:40 myremote sshd[823847]: Received disconnect from 51.38.112.61 port 60410:11: Bye Bye [preauth]
Aug  2 12:04:40 myremote sshd[823847]: Disconnected from authenticating user root 51.38.112.61 port 60410 [preauth]
Aug  2 12:04:40 myremote sshd[823850]: Received disconnect from 170.210.155.249 port 39004:11: Bye Bye [preauth]
Aug  2 12:04:40 myremote sshd[823850]: Disconnected from authenticating user root 170.210.155.249 port 39004 [preauth]
Aug  2 12:04:42 myremote sshd[823853]: Invalid user rs from 220.86.29.35 port 20344
Aug  2 12:04:42 myremote sshd[823853]: pam_unix(sshd:auth): check pass; user unknown
Aug  2 12:04:42 myremote sshd[823853]: pam_unix(sshd:auth): authentication failure; logname= uid=0 euid=0 tty=ssh ruser= rhost=220.86.29.35 
Aug  2 12:04:44 myremote sshd[823853]: Failed password for invalid user rs from 220.86.29.35 port 20344 ssh2
Aug  2 12:04:45 myremote sshd[823853]: Received disconnect from 220.86.29.35 port 20344:11: Bye Bye [preauth]
Aug  2 12:04:45 myremote sshd[823853]: Disconnected from invalid user rs 220.86.29.35 port 20344 [preauth]
Aug  2 12:04:46 myremote sshd[823856]: Invalid user patrick from 212.237.38.230 port 58704
Aug  2 12:04:46 myremote sshd[823856]: pam_unix(sshd:auth): check pass; user unknown
Aug  2 12:04:46 myremote sshd[823856]: pam_unix(sshd:auth): authentication failure; logname= uid=0 euid=0 tty=ssh ruser= rhost=212.237.38.230 
Aug  2 12:04:47 myremote sshd[823859]: pam_unix(sshd:auth): authentication failure; logname= uid=0 euid=0 tty=ssh ruser= rhost=185.219.127.19  user=root
Aug  2 12:04:48 myremote sshd[823856]: Failed password for invalid user patrick from 212.237.38.230 port 58704 ssh2
Aug  2 12:04:49 myremote sshd[823862]: pam_unix(sshd:auth): authentication failure; logname= uid=0 euid=0 tty=ssh ruser= rhost=188.212.96.88  user=root
Aug  2 12:04:49 myremote sshd[823859]: Failed password for root from 185.219.127.19 port 47712 ssh2
Aug  2 12:04:49 myremote sshd[823856]: Received disconnect from 212.237.38.230 port 58704:11: Bye Bye [preauth]
Aug  2 12:04:49 myremote sshd[823856]: Disconnected from invalid user patrick 212.237.38.230 port 58704 [preauth]
Aug  2 12:04:51 myremote sshd[823862]: Failed password for root from 188.212.96.88 port 41572 ssh2
Aug  2 12:04:51 myremote sshd[823865]: error: kex_exchange_identification: client sent invalid protocol identifier "-HSS2.0-libssh_0.9.6"
Aug  2 12:04:51 myremote sshd[823865]: banner exchange: Connection from 36.46.128.39 port 34746: invalid format
Aug  2 12:04:51 myremote sshd[823859]: Received disconnect from 185.219.127.19 port 47712:11: Bye Bye [preauth]
Aug  2 12:04:51 myremote sshd[823859]: Disconnected from authenticating user root 185.219.127.19 port 47712 [preauth]
Aug  2 12:04:51 myremote sshd[823862]: Received disconnect from 188.212.96.88 port 41572:11: Bye Bye [preauth]
Aug  2 12:04:51 myremote sshd[823862]: Disconnected from authenticating user root 188.212.96.88 port 41572 [preauth]
Aug  2 12:04:53 myremote sshd[823867]: Invalid user bsp from 167.71.220.19 port 60282
Aug  2 12:04:53 myremote sshd[823867]: pam_unix(sshd:auth): check pass; user unknown
Aug  2 12:04:53 myremote sshd[823867]: pam_unix(sshd:auth): authentication failure; logname= uid=0 euid=0 tty=ssh ruser= rhost=167.71.220.19 
Aug  2 12:04:54 myremote sshd[823870]: Invalid user bsp from 43.156.4.31 port 43772
Aug  2 12:04:54 myremote sshd[823870]: pam_unix(sshd:auth): check pass; user unknown
Aug  2 12:04:54 myremote sshd[823870]: pam_unix(sshd:auth): authentication failure; logname= uid=0 euid=0 tty=ssh ruser= rhost=43.156.4.31 
Aug  2 12:04:55 myremote sshd[823870]: Failed password for invalid user bsp from 43.156.4.31 port 43772 ssh2
Aug  2 12:04:56 myremote sshd[823867]: Failed password for invalid user bsp from 167.71.220.19 port 60282 ssh2
Aug  2 12:04:56 myremote sshd[823870]: Received disconnect from 43.156.4.31 port 43772:11: Bye Bye [preauth]
Aug  2 12:04:56 myremote sshd[823870]: Disconnected from invalid user bsp 43.156.4.31 port 43772 [preauth]
Aug  2 12:04:58 myremote sshd[823867]: Received disconnect from 167.71.220.19 port 60282:11: Bye Bye [preauth]
Aug  2 12:04:58 myremote sshd[823867]: Disconnected from invalid user bsp 167.71.220.19 port 60282 [preauth]
Aug  2 12:04:59 myremote sshd[823873]: pam_unix(sshd:auth): authentication failure; logname= uid=0 euid=0 tty=ssh ruser= rhost=5.42.86.119  user=root
Aug  2 12:05:01 myremote sshd[823873]: Failed password for root from 5.42.86.119 port 47476 ssh2
Aug  2 12:05:03 myremote sshd[823873]: Received disconnect from 5.42.86.119 port 47476:11: Bye Bye [preauth]
Aug  2 12:05:03 myremote sshd[823873]: Disconnected from authenticating user root 5.42.86.119 port 47476 [preauth]
Aug  2 12:05:03 myremote sshd[823876]: pam_unix(sshd:auth): authentication failure; logname= uid=0 euid=0 tty=ssh ruser= rhost=184.18.211.199  user=root
Aug  2 12:05:04 myremote sshd[823882]: error: kex_exchange_identification: client sent invalid protocol identifier "-HSS2.0-libssh_0.9.6"
Aug  2 12:05:04 myremote sshd[823882]: banner exchange: Connection from 125.74.232.57 port 55212: invalid format
Aug  2 12:05:05 myremote sshd[823876]: Failed password for root from 184.18.211.199 port 56170 ssh2
Aug  2 12:05:07 myremote sshd[823876]: Received disconnect from 184.18.211.199 port 56170:11: Bye Bye [preauth]
Aug  2 12:05:07 myremote sshd[823876]: Disconnected from authenticating user root 184.18.211.199 port 56170 [preauth]
Aug  2 12:05:10 myremote sshd[823879]: Connection closed by 117.89.250.248 port 49610 [preauth]
Aug  2 12:05:14 myremote sshd[823884]: Invalid user testftp from 113.125.153.122 port 53072
Aug  2 12:05:14 myremote sshd[823884]: pam_unix(sshd:auth): check pass; user unknown
Aug  2 12:05:14 myremote sshd[823884]: pam_unix(sshd:auth): authentication failure; logname= uid=0 euid=0 tty=ssh ruser= rhost=113.125.153.122 
Aug  2 12:05:16 myremote sshd[823884]: Failed password for invalid user testftp from 113.125.153.122 port 53072 ssh2
Aug  2 12:05:17 myremote sshd[823884]: Received disconnect from 113.125.153.122 port 53072:11: Bye Bye [preauth]
Aug  2 12:05:17 myremote sshd[823884]: Disconnected from invalid user testftp 113.125.153.122 port 53072 [preauth]
Aug  2 12:05:19 myremote sshd[823887]: Invalid user interface from 203.80.23.199 port 37204
Aug  2 12:05:19 myremote sshd[823887]: pam_unix(sshd:auth): check pass; user unknown
Aug  2 12:05:19 myremote sshd[823887]: pam_unix(sshd:auth): authentication failure; logname= uid=0 euid=0 tty=ssh ruser= rhost=203.80.23.199 
Aug  2 12:05:21 myremote sshd[823890]: pam_unix(sshd:auth): authentication failure; logname= uid=0 euid=0 tty=ssh ruser= rhost=1.9.101.178  user=root
Aug  2 12:05:21 myremote sshd[823887]: Failed password for invalid user interface from 203.80.23.199 port 37204 ssh2
Aug  2 12:05:22 myremote sshd[823893]: pam_unix(sshd:auth): authentication failure; logname= uid=0 euid=0 tty=ssh ruser= rhost=51.38.112.61  user=root
Aug  2 12:05:23 myremote sshd[823890]: Failed password for root from 1.9.101.178 port 35174 ssh2
Aug  2 12:05:23 myremote sshd[823887]: Received disconnect from 203.80.23.199 port 37204:11: Bye Bye [preauth]
Aug  2 12:05:23 myremote sshd[823887]: Disconnected from invalid user interface 203.80.23.199 port 37204 [preauth]
Aug  2 12:05:25 myremote sshd[823893]: Failed password for root from 51.38.112.61 port 40456 ssh2
Aug  2 12:05:25 myremote sshd[823890]: Received disconnect from 1.9.101.178 port 35174:11: Bye Bye [preauth]
Aug  2 12:05:25 myremote sshd[823890]: Disconnected from authenticating user root 1.9.101.178 port 35174 [preauth]
Aug  2 12:05:27 myremote sshd[823893]: Received disconnect from 51.38.112.61 port 40456:11: Bye Bye [preauth]
Aug  2 12:05:27 myremote sshd[823893]: Disconnected from authenticating user root 51.38.112.61 port 40456 [preauth]
Aug  2 12:05:32 myremote sshd[823896]: Invalid user rstudio from 165.227.163.216 port 49772
Aug  2 12:05:32 myremote sshd[823896]: pam_unix(sshd:auth): check pass; user unknown
Aug  2 12:05:32 myremote sshd[823896]: pam_unix(sshd:auth): authentication failure; logname= uid=0 euid=0 tty=ssh ruser= rhost=165.227.163.216 
Aug  2 12:05:34 myremote sshd[823899]: pam_unix(sshd:auth): authentication failure; logname= uid=0 euid=0 tty=ssh ruser= rhost=220.86.29.35  user=root
Aug  2 12:05:34 myremote sshd[823896]: Failed password for invalid user rstudio from 165.227.163.216 port 49772 ssh2
Aug  2 12:05:36 myremote sshd[823896]: Received disconnect from 165.227.163.216 port 49772:11: Bye Bye [preauth]
Aug  2 12:05:36 myremote sshd[823896]: Disconnected from invalid user rstudio 165.227.163.216 port 49772 [preauth]
Aug  2 12:05:36 myremote sshd[823899]: Failed password for root from 220.86.29.35 port 28626 ssh2
Aug  2 12:05:38 myremote sshd[823902]: Invalid user marcos from 188.212.96.88 port 37356
Aug  2 12:05:38 myremote sshd[823902]: pam_unix(sshd:auth): check pass; user unknown
Aug  2 12:05:38 myremote sshd[823902]: pam_unix(sshd:auth): authentication failure; logname= uid=0 euid=0 tty=ssh ruser= rhost=188.212.96.88 
Aug  2 12:05:38 myremote sshd[823899]: Received disconnect from 220.86.29.35 port 28626:11: Bye Bye [preauth]
Aug  2 12:05:38 myremote sshd[823899]: Disconnected from authenticating user root 220.86.29.35 port 28626 [preauth]
Aug  2 12:05:39 myremote sshd[823905]: Invalid user scanner from 170.210.155.249 port 46148
Aug  2 12:05:39 myremote sshd[823905]: pam_unix(sshd:auth): check pass; user unknown
Aug  2 12:05:39 myremote sshd[823905]: pam_unix(sshd:auth): authentication failure; logname= uid=0 euid=0 tty=ssh ruser= rhost=170.210.155.249 
Aug  2 12:05:40 myremote sshd[823902]: Failed password for invalid user marcos from 188.212.96.88 port 37356 ssh2
Aug  2 12:05:41 myremote sshd[823902]: Received disconnect from 188.212.96.88 port 37356:11: Bye Bye [preauth]
Aug  2 12:05:41 myremote sshd[823902]: Disconnected from invalid user marcos 188.212.96.88 port 37356 [preauth]
Aug  2 12:05:41 myremote sshd[823908]: Invalid user kkc from 43.156.4.31 port 57870
Aug  2 12:05:41 myremote sshd[823908]: pam_unix(sshd:auth): check pass; user unknown
Aug  2 12:05:41 myremote sshd[823908]: pam_unix(sshd:auth): authentication failure; logname= uid=0 euid=0 tty=ssh ruser= rhost=43.156.4.31 
Aug  2 12:05:42 myremote sshd[823911]: pam_unix(sshd:auth): authentication failure; logname= uid=0 euid=0 tty=ssh ruser= rhost=5.42.86.119  user=root
Aug  2 12:05:42 myremote sshd[823905]: Failed password for invalid user scanner from 170.210.155.249 port 46148 ssh2
Aug  2 12:05:42 myremote sshd[823905]: Received disconnect from 170.210.155.249 port 46148:11: Bye Bye [preauth]
Aug  2 12:05:42 myremote sshd[823905]: Disconnected from invalid user scanner 170.210.155.249 port 46148 [preauth]
Aug  2 12:05:44 myremote sshd[823908]: Failed password for invalid user kkc from 43.156.4.31 port 57870 ssh2
Aug  2 12:05:44 myremote sshd[823914]: Invalid user marcos from 185.219.127.19 port 33364
Aug  2 12:05:44 myremote sshd[823914]: pam_unix(sshd:auth): check pass; user unknown
Aug  2 12:05:44 myremote sshd[823914]: pam_unix(sshd:auth): authentication failure; logname= uid=0 euid=0 tty=ssh ruser= rhost=185.219.127.19 
Aug  2 12:05:44 myremote sshd[823911]: Failed password for root from 5.42.86.119 port 56880 ssh2
Aug  2 12:05:45 myremote sshd[823908]: Received disconnect from 43.156.4.31 port 57870:11: Bye Bye [preauth]
Aug  2 12:05:45 myremote sshd[823908]: Disconnected from invalid user kkc 43.156.4.31 port 57870 [preauth]
Aug  2 12:05:46 myremote sshd[823914]: Failed password for invalid user marcos from 185.219.127.19 port 33364 ssh2
Aug  2 12:05:46 myremote sshd[823920]: error: kex_exchange_identification: client sent invalid protocol identifier "-HSS2.0-libssh_0.9.6"
Aug  2 12:05:46 myremote sshd[823920]: banner exchange: Connection from 1.71.130.206 port 57512: invalid format
Aug  2 12:05:46 myremote sshd[823911]: Received disconnect from 5.42.86.119 port 56880:11: Bye Bye [preauth]
Aug  2 12:05:46 myremote sshd[823911]: Disconnected from authenticating user root 5.42.86.119 port 56880 [preauth]
Aug  2 12:05:46 myremote sshd[823914]: Received disconnect from 185.219.127.19 port 33364:11: Bye Bye [preauth]
Aug  2 12:05:46 myremote sshd[823914]: Disconnected from invalid user marcos 185.219.127.19 port 33364 [preauth]
Aug  2 12:05:47 myremote sshd[823922]: Invalid user rstudio from 184.18.211.199 port 42360
Aug  2 12:05:47 myremote sshd[823922]: pam_unix(sshd:auth): check pass; user unknown
Aug  2 12:05:47 myremote sshd[823922]: pam_unix(sshd:auth): authentication failure; logname= uid=0 euid=0 tty=ssh ruser= rhost=184.18.211.199 
Aug  2 12:05:48 myremote sshd[823917]: pam_unix(sshd:auth): authentication failure; logname= uid=0 euid=0 tty=ssh ruser= rhost=167.71.220.19  user=root
Aug  2 12:05:50 myremote sshd[823922]: Failed password for invalid user rstudio from 184.18.211.199 port 42360 ssh2
Aug  2 12:05:50 myremote sshd[823917]: Failed password for root from 167.71.220.19 port 53010 ssh2
Aug  2 12:05:51 myremote sshd[823922]: Received disconnect from 184.18.211.199 port 42360:11: Bye Bye [preauth]
Aug  2 12:05:51 myremote sshd[823922]: Disconnected from invalid user rstudio 184.18.211.199 port 42360 [preauth]
Aug  2 12:05:52 myremote sshd[823917]: Received disconnect from 167.71.220.19 port 53010:11: Bye Bye [preauth]
Aug  2 12:05:52 myremote sshd[823917]: Disconnected from authenticating user root 167.71.220.19 port 53010 [preauth]
Aug  2 12:06:00 myremote sshd[823925]: pam_unix(sshd:auth): authentication failure; logname= uid=0 euid=0 tty=ssh ruser= rhost=210.59.205.48  user=root
Aug  2 12:06:01 myremote sshd[823925]: Failed password for root from 210.59.205.48 port 39206 ssh2
Aug  2 12:06:02 myremote sshd[823925]: Received disconnect from 210.59.205.48 port 39206:11: Bye Bye [preauth]
Aug  2 12:06:02 myremote sshd[823925]: Disconnected from authenticating user root 210.59.205.48 port 39206 [preauth]
Aug  2 12:06:04 myremote sshd[823928]: Invalid user za from 125.74.232.57 port 35990
Aug  2 12:06:04 myremote sshd[823928]: pam_unix(sshd:auth): check pass; user unknown
Aug  2 12:06:04 myremote sshd[823928]: pam_unix(sshd:auth): authentication failure; logname= uid=0 euid=0 tty=ssh ruser= rhost=125.74.232.57 
Aug  2 12:06:07 myremote sshd[823928]: Failed password for invalid user za from 125.74.232.57 port 35990 ssh2
Aug  2 12:06:08 myremote sshd[823932]: pam_unix(sshd:auth): authentication failure; logname= uid=0 euid=0 tty=ssh ruser= rhost=51.38.112.61  user=root
Aug  2 12:06:10 myremote sshd[823928]: Received disconnect from 125.74.232.57 port 35990:11: Bye Bye [preauth]
Aug  2 12:06:10 myremote sshd[823928]: Disconnected from invalid user za 125.74.232.57 port 35990 [preauth]
Aug  2 12:06:10 myremote sshd[823935]: Invalid user rstudio from 1.9.101.178 port 42363
Aug  2 12:06:10 myremote sshd[823935]: pam_unix(sshd:auth): check pass; user unknown
Aug  2 12:06:10 myremote sshd[823935]: pam_unix(sshd:auth): authentication failure; logname= uid=0 euid=0 tty=ssh ruser= rhost=1.9.101.178 
Aug  2 12:06:10 myremote sshd[823932]: Failed password for root from 51.38.112.61 port 57720 ssh2
Aug  2 12:06:10 myremote sshd[823932]: Received disconnect from 51.38.112.61 port 57720:11: Bye Bye [preauth]
Aug  2 12:06:10 myremote sshd[823932]: Disconnected from authenticating user root 51.38.112.61 port 57720 [preauth]
Aug  2 12:06:12 myremote sshd[823935]: Failed password for invalid user rstudio from 1.9.101.178 port 42363 ssh2
Aug  2 12:06:14 myremote sshd[823935]: Received disconnect from 1.9.101.178 port 42363:11: Bye Bye [preauth]
Aug  2 12:06:14 myremote sshd[823935]: Disconnected from invalid user rstudio 1.9.101.178 port 42363 [preauth]
Aug  2 12:06:15 myremote sshd[823938]: error: kex_exchange_identification: client sent invalid protocol identifier "-HSS2.0-libssh_0.9.6"
Aug  2 12:06:15 myremote sshd[823938]: banner exchange: Connection from 36.46.128.39 port 46506: invalid format
Aug  2 12:06:19 myremote sshd[823940]: Invalid user redmine from 113.125.153.122 port 39092
Aug  2 12:06:19 myremote sshd[823940]: pam_unix(sshd:auth): check pass; user unknown
Aug  2 12:06:19 myremote sshd[823940]: pam_unix(sshd:auth): authentication failure; logname= uid=0 euid=0 tty=ssh ruser= rhost=113.125.153.122 
Aug  2 12:06:20 myremote sshd[823940]: Failed password for invalid user redmine from 113.125.153.122 port 39092 ssh2
Aug  2 12:06:21 myremote sshd[823940]: Received disconnect from 113.125.153.122 port 39092:11: Bye Bye [preauth]
Aug  2 12:06:21 myremote sshd[823940]: Disconnected from invalid user redmine 113.125.153.122 port 39092 [preauth]
Aug  2 12:06:24 myremote sshd[823943]: pam_unix(sshd:auth): authentication failure; logname= uid=0 euid=0 tty=ssh ruser= rhost=203.80.23.199  user=root
Aug  2 12:06:25 myremote sshd[823943]: Failed password for root from 203.80.23.199 port 52376 ssh2
Aug  2 12:06:26 myremote sshd[823946]: Invalid user guest from 220.86.29.35 port 36908
Aug  2 12:06:26 myremote sshd[823946]: pam_unix(sshd:auth): check pass; user unknown
Aug  2 12:06:26 myremote sshd[823946]: pam_unix(sshd:auth): authentication failure; logname= uid=0 euid=0 tty=ssh ruser= rhost=220.86.29.35 
Aug  2 12:06:26 myremote sshd[823949]: Invalid user kkc from 185.219.127.19 port 51600
Aug  2 12:06:26 myremote sshd[823949]: pam_unix(sshd:auth): check pass; user unknown
Aug  2 12:06:26 myremote sshd[823949]: pam_unix(sshd:auth): authentication failure; logname= uid=0 euid=0 tty=ssh ruser= rhost=185.219.127.19 
Aug  2 12:06:27 myremote sshd[823943]: Received disconnect from 203.80.23.199 port 52376:11: Bye Bye [preauth]
Aug  2 12:06:27 myremote sshd[823943]: Disconnected from authenticating user root 203.80.23.199 port 52376 [preauth]
Aug  2 12:06:27 myremote sshd[823955]: Invalid user bsp from 5.42.86.119 port 57420
Aug  2 12:06:27 myremote sshd[823955]: pam_unix(sshd:auth): check pass; user unknown
Aug  2 12:06:27 myremote sshd[823955]: pam_unix(sshd:auth): authentication failure; logname= uid=0 euid=0 tty=ssh ruser= rhost=5.42.86.119 
Aug  2 12:06:28 myremote sshd[823952]: Invalid user patil from 43.156.4.31 port 43730
Aug  2 12:06:28 myremote sshd[823952]: pam_unix(sshd:auth): check pass; user unknown
Aug  2 12:06:28 myremote sshd[823952]: pam_unix(sshd:auth): authentication failure; logname= uid=0 euid=0 tty=ssh ruser= rhost=43.156.4.31 
Aug  2 12:06:28 myremote sshd[823946]: Failed password for invalid user guest from 220.86.29.35 port 36908 ssh2
Aug  2 12:06:28 myremote sshd[823949]: Failed password for invalid user kkc from 185.219.127.19 port 51600 ssh2
Aug  2 12:06:29 myremote sshd[823946]: Received disconnect from 220.86.29.35 port 36908:11: Bye Bye [preauth]
Aug  2 12:06:29 myremote sshd[823946]: Disconnected from invalid user guest 220.86.29.35 port 36908 [preauth]
Aug  2 12:06:30 myremote sshd[823955]: Failed password for invalid user bsp from 5.42.86.119 port 57420 ssh2
Aug  2 12:06:30 myremote sshd[823949]: Received disconnect from 185.219.127.19 port 51600:11: Bye Bye [preauth]
Aug  2 12:06:30 myremote sshd[823949]: Disconnected from invalid user kkc 185.219.127.19 port 51600 [preauth]
