Aug  2 12:19:08 myremote sshd[824765]: Failed password for invalid user celine from 178.251.140.3 port 47288 ssh2
Aug  2 12:19:09 myremote sshd[824765]: Received disconnect from 178.251.140.3 port 47288:11: Bye Bye [preauth]
Aug  2 12:19:09 myremote sshd[824765]: Disconnected from invalid user celine 178.251.140.3 port 47288 [preauth]
Aug  2 12:19:09 myremote sshd[824757]: Connection closed by 117.89.250.248 port 45940 [preauth]
Aug  2 12:19:11 myremote sshd[824771]: pam_unix(sshd:auth): authentication failure; logname= uid=0 euid=0 tty=ssh ruser= rhost=203.80.23.199  user=root
Aug  2 12:19:11 myremote sshd[824768]: pam_unix(sshd:auth): authentication failure; logname= uid=0 euid=0 tty=ssh ruser= rhost=14.116.250.2  user=root
Aug  2 12:19:13 myremote sshd[824771]: Failed password for root from 203.80.23.199 port 49894 ssh2
Aug  2 12:19:13 myremote sshd[824768]: Failed password for root from 14.116.250.2 port 39500 ssh2
Aug  2 12:19:15 myremote sshd[824771]: Received disconnect from 203.80.23.199 port 49894:11: Bye Bye [preauth]
Aug  2 12:19:15 myremote sshd[824771]: Disconnected from authenticating user root 203.80.23.199 port 49894 [preauth]
Aug  2 12:19:16 myremote sshd[824768]: Connection closed by authenticating user root 14.116.250.2 port 39500 [preauth]
Aug  2 12:19:17 myremote sshd[824775]: Invalid user abdullah from 1.9.101.178 port 44436
Aug  2 12:19:17 myremote sshd[824775]: pam_unix(sshd:auth): check pass; user unknown
Aug  2 12:19:17 myremote sshd[824775]: pam_unix(sshd:auth): authentication failure; logname= uid=0 euid=0 tty=ssh ruser= rhost=1.9.101.178 
Aug  2 12:19:19 myremote sshd[824775]: Failed password for invalid user abdullah from 1.9.101.178 port 44436 ssh2
Aug  2 12:19:20 myremote sshd[824775]: Received disconnect from 1.9.101.178 port 44436:11: Bye Bye [preauth]
Aug  2 12:19:20 myremote sshd[824775]: Disconnected from invalid user abdullah 1.9.101.178 port 44436 [preauth]
Aug  2 12:19:22 myremote sshd[824778]: pam_unix(sshd:auth): authentication failure; logname= uid=0 euid=0 tty=ssh ruser= rhost=14.116.250.2  user=root
Aug  2 12:19:23 myremote sshd[824781]: Invalid user celine from 36.46.128.39 port 41520
Aug  2 12:19:23 myremote sshd[824781]: pam_unix(sshd:auth): check pass; user unknown
Aug  2 12:19:23 myremote sshd[824781]: pam_unix(sshd:auth): authentication failure; logname= uid=0 euid=0 tty=ssh ruser= rhost=36.46.128.39 
Aug  2 12:19:24 myremote sshd[824778]: Failed password for root from 14.116.250.2 port 43356 ssh2
Aug  2 12:19:25 myremote sshd[824781]: Failed password for invalid user celine from 36.46.128.39 port 41520 ssh2
Aug  2 12:19:27 myremote sshd[824781]: Received disconnect from 36.46.128.39 port 41520:11: Bye Bye [preauth]
Aug  2 12:19:27 myremote sshd[824781]: Disconnected from invalid user celine 36.46.128.39 port 41520 [preauth]
Aug  2 12:19:27 myremote sshd[824784]: Invalid user nils from 51.38.112.61 port 42660
Aug  2 12:19:27 myremote sshd[824784]: pam_unix(sshd:auth): check pass; user unknown
Aug  2 12:19:27 myremote sshd[824784]: pam_unix(sshd:auth): authentication failure; logname= uid=0 euid=0 tty=ssh ruser= rhost=51.38.112.61 
Aug  2 12:19:27 myremote sshd[824778]: Connection closed by authenticating user root 14.116.250.2 port 43356 [preauth]
Aug  2 12:19:29 myremote sshd[824787]: Invalid user bsp from 1.71.130.206 port 50446
Aug  2 12:19:29 myremote sshd[824787]: pam_unix(sshd:auth): check pass; user unknown
Aug  2 12:19:29 myremote sshd[824787]: pam_unix(sshd:auth): authentication failure; logname= uid=0 euid=0 tty=ssh ruser= rhost=1.71.130.206 
Aug  2 12:19:29 myremote sshd[824784]: Failed password for invalid user nils from 51.38.112.61 port 42660 ssh2
Aug  2 12:19:30 myremote sshd[824784]: Received disconnect from 51.38.112.61 port 42660:11: Bye Bye [preauth]
Aug  2 12:19:30 myremote sshd[824784]: Disconnected from invalid user nils 51.38.112.61 port 42660 [preauth]
Aug  2 12:19:31 myremote sshd[824787]: Failed password for invalid user bsp from 1.71.130.206 port 50446 ssh2
Aug  2 12:19:31 myremote sshd[824790]: pam_unix(sshd:auth): authentication failure; logname= uid=0 euid=0 tty=ssh ruser= rhost=14.116.250.2  user=root
Aug  2 12:19:33 myremote sshd[824793]: Invalid user abdullah from 184.18.211.199 port 33988
Aug  2 12:19:33 myremote sshd[824793]: pam_unix(sshd:auth): check pass; user unknown
Aug  2 12:19:33 myremote sshd[824793]: pam_unix(sshd:auth): authentication failure; logname= uid=0 euid=0 tty=ssh ruser= rhost=184.18.211.199 
Aug  2 12:19:33 myremote sshd[824787]: Received disconnect from 1.71.130.206 port 50446:11: Bye Bye [preauth]
Aug  2 12:19:33 myremote sshd[824787]: Disconnected from invalid user bsp 1.71.130.206 port 50446 [preauth]
Aug  2 12:19:33 myremote sshd[824790]: Failed password for root from 14.116.250.2 port 46554 ssh2
Aug  2 12:19:34 myremote sshd[824790]: Connection closed by authenticating user root 14.116.250.2 port 46554 [preauth]
Aug  2 12:19:35 myremote sshd[824796]: Invalid user ansible from 220.86.29.35 port 39892
Aug  2 12:19:35 myremote sshd[824796]: pam_unix(sshd:auth): check pass; user unknown
Aug  2 12:19:35 myremote sshd[824796]: pam_unix(sshd:auth): authentication failure; logname= uid=0 euid=0 tty=ssh ruser= rhost=220.86.29.35 
Aug  2 12:19:35 myremote sshd[824793]: Failed password for invalid user abdullah from 184.18.211.199 port 33988 ssh2
Aug  2 12:19:35 myremote sshd[824793]: Received disconnect from 184.18.211.199 port 33988:11: Bye Bye [preauth]
Aug  2 12:19:35 myremote sshd[824793]: Disconnected from invalid user abdullah 184.18.211.199 port 33988 [preauth]
Aug  2 12:19:36 myremote sshd[824799]: pam_unix(sshd:auth): authentication failure; logname= uid=0 euid=0 tty=ssh ruser= rhost=188.212.96.88  user=root
Aug  2 12:19:37 myremote sshd[824796]: Failed password for invalid user ansible from 220.86.29.35 port 39892 ssh2
Aug  2 12:19:37 myremote sshd[824796]: Received disconnect from 220.86.29.35 port 39892:11: Bye Bye [preauth]
Aug  2 12:19:37 myremote sshd[824796]: Disconnected from invalid user ansible 220.86.29.35 port 39892 [preauth]
Aug  2 12:19:38 myremote sshd[824799]: Failed password for root from 188.212.96.88 port 48642 ssh2
Aug  2 12:19:38 myremote sshd[824802]: pam_unix(sshd:auth): authentication failure; logname= uid=0 euid=0 tty=ssh ruser= rhost=14.116.250.2  user=root
Aug  2 12:19:39 myremote sshd[824805]: Invalid user patrick from 5.42.86.119 port 50480
Aug  2 12:19:39 myremote sshd[824805]: pam_unix(sshd:auth): check pass; user unknown
Aug  2 12:19:39 myremote sshd[824805]: pam_unix(sshd:auth): authentication failure; logname= uid=0 euid=0 tty=ssh ruser= rhost=5.42.86.119 
Aug  2 12:19:40 myremote sshd[824802]: Failed password for root from 14.116.250.2 port 48474 ssh2
Aug  2 12:19:40 myremote sshd[824799]: Received disconnect from 188.212.96.88 port 48642:11: Bye Bye [preauth]
Aug  2 12:19:40 myremote sshd[824799]: Disconnected from authenticating user root 188.212.96.88 port 48642 [preauth]
Aug  2 12:19:40 myremote sshd[824808]: Invalid user abdullah from 185.219.127.19 port 43892
Aug  2 12:19:40 myremote sshd[824808]: pam_unix(sshd:auth): check pass; user unknown
Aug  2 12:19:40 myremote sshd[824808]: pam_unix(sshd:auth): authentication failure; logname= uid=0 euid=0 tty=ssh ruser= rhost=185.219.127.19 
Aug  2 12:19:41 myremote sshd[824802]: Connection closed by authenticating user root 14.116.250.2 port 48474 [preauth]
Aug  2 12:19:42 myremote sshd[824805]: Failed password for invalid user patrick from 5.42.86.119 port 50480 ssh2
Aug  2 12:19:42 myremote sshd[824805]: Received disconnect from 5.42.86.119 port 50480:11: Bye Bye [preauth]
Aug  2 12:19:42 myremote sshd[824805]: Disconnected from invalid user patrick 5.42.86.119 port 50480 [preauth]
Aug  2 12:19:43 myremote sshd[824808]: Failed password for invalid user abdullah from 185.219.127.19 port 43892 ssh2
Aug  2 12:19:45 myremote sshd[824814]: pam_unix(sshd:auth): authentication failure; logname= uid=0 euid=0 tty=ssh ruser= rhost=113.125.153.122  user=root
Aug  2 12:19:46 myremote sshd[824808]: Received disconnect from 185.219.127.19 port 43892:11: Bye Bye [preauth]
Aug  2 12:19:46 myremote sshd[824808]: Disconnected from invalid user abdullah 185.219.127.19 port 43892 [preauth]
Aug  2 12:19:46 myremote sshd[824811]: pam_unix(sshd:auth): authentication failure; logname= uid=0 euid=0 tty=ssh ruser= rhost=14.116.250.2  user=root
Aug  2 12:19:48 myremote sshd[824814]: Failed password for root from 113.125.153.122 port 54926 ssh2
Aug  2 12:19:48 myremote sshd[824817]: Invalid user damien from 43.156.4.31 port 57398
Aug  2 12:19:48 myremote sshd[824817]: pam_unix(sshd:auth): check pass; user unknown
Aug  2 12:19:48 myremote sshd[824817]: pam_unix(sshd:auth): authentication failure; logname= uid=0 euid=0 tty=ssh ruser= rhost=43.156.4.31 
Aug  2 12:19:49 myremote sshd[824811]: Failed password for root from 14.116.250.2 port 50464 ssh2
Aug  2 12:19:50 myremote sshd[824823]: Invalid user patrick from 210.59.205.48 port 53988
Aug  2 12:19:50 myremote sshd[824823]: pam_unix(sshd:auth): check pass; user unknown
Aug  2 12:19:50 myremote sshd[824823]: pam_unix(sshd:auth): authentication failure; logname= uid=0 euid=0 tty=ssh ruser= rhost=210.59.205.48 
Aug  2 12:19:50 myremote sshd[824814]: Received disconnect from 113.125.153.122 port 54926:11: Bye Bye [preauth]
Aug  2 12:19:50 myremote sshd[824814]: Disconnected from authenticating user root 113.125.153.122 port 54926 [preauth]
Aug  2 12:19:50 myremote sshd[824820]: pam_unix(sshd:auth): authentication failure; logname= uid=0 euid=0 tty=ssh ruser= rhost=125.74.232.57  user=root
Aug  2 12:19:51 myremote sshd[824817]: Failed password for invalid user damien from 43.156.4.31 port 57398 ssh2
Aug  2 12:19:51 myremote sshd[824823]: Failed password for invalid user patrick from 210.59.205.48 port 53988 ssh2
Aug  2 12:19:51 myremote sshd[824811]: Connection closed by authenticating user root 14.116.250.2 port 50464 [preauth]
Aug  2 12:19:52 myremote sshd[824820]: Failed password for root from 125.74.232.57 port 46516 ssh2
Aug  2 12:19:53 myremote sshd[824820]: Received disconnect from 125.74.232.57 port 46516:11: Bye Bye [preauth]
Aug  2 12:19:53 myremote sshd[824820]: Disconnected from authenticating user root 125.74.232.57 port 46516 [preauth]
Aug  2 12:19:53 myremote sshd[824823]: Received disconnect from 210.59.205.48 port 53988:11: Bye Bye [preauth]
Aug  2 12:19:53 myremote sshd[824823]: Disconnected from invalid user patrick 210.59.205.48 port 53988 [preauth]
Aug  2 12:19:53 myremote sshd[824817]: Received disconnect from 43.156.4.31 port 57398:11: Bye Bye [preauth]
Aug  2 12:19:53 myremote sshd[824817]: Disconnected from invalid user damien 43.156.4.31 port 57398 [preauth]
Aug  2 12:19:55 myremote sshd[824829]: Invalid user cfb from 167.71.220.19 port 42360
Aug  2 12:19:55 myremote sshd[824829]: pam_unix(sshd:auth): check pass; user unknown
Aug  2 12:19:55 myremote sshd[824829]: pam_unix(sshd:auth): authentication failure; logname= uid=0 euid=0 tty=ssh ruser= rhost=167.71.220.19 
Aug  2 12:19:56 myremote sshd[824826]: pam_unix(sshd:auth): authentication failure; logname= uid=0 euid=0 tty=ssh ruser= rhost=14.116.250.2  user=root
Aug  2 12:19:57 myremote sshd[824829]: Failed password for invalid user cfb from 167.71.220.19 port 42360 ssh2
Aug  2 12:19:58 myremote sshd[824829]: Received disconnect from 167.71.220.19 port 42360:11: Bye Bye [preauth]
Aug  2 12:19:58 myremote sshd[824829]: Disconnected from invalid user cfb 167.71.220.19 port 42360 [preauth]
Aug  2 12:19:58 myremote sshd[824826]: Failed password for root from 14.116.250.2 port 53292 ssh2
Aug  2 12:20:01 myremote sshd[824826]: Connection closed by authenticating user root 14.116.250.2 port 53292 [preauth]
Aug  2 12:20:01 myremote sshd[824832]: Invalid user celine from 170.210.155.249 port 33220
Aug  2 12:20:01 myremote sshd[824832]: pam_unix(sshd:auth): check pass; user unknown
Aug  2 12:20:01 myremote sshd[824832]: pam_unix(sshd:auth): authentication failure; logname= uid=0 euid=0 tty=ssh ruser= rhost=170.210.155.249 
Aug  2 12:20:02 myremote sshd[824832]: Failed password for invalid user celine from 170.210.155.249 port 33220 ssh2
Aug  2 12:20:02 myremote sshd[824832]: Received disconnect from 170.210.155.249 port 33220:11: Bye Bye [preauth]
Aug  2 12:20:02 myremote sshd[824832]: Disconnected from invalid user celine 170.210.155.249 port 33220 [preauth]
Aug  2 12:20:05 myremote sshd[824835]: pam_unix(sshd:auth): authentication failure; logname= uid=0 euid=0 tty=ssh ruser= rhost=14.116.250.2  user=root
Aug  2 12:20:07 myremote sshd[824838]: pam_unix(sshd:auth): authentication failure; logname= uid=0 euid=0 tty=ssh ruser= rhost=1.9.101.178  user=root
Aug  2 12:20:07 myremote sshd[824835]: Failed password for root from 14.116.250.2 port 55980 ssh2
Aug  2 12:20:09 myremote sshd[824838]: Failed password for root from 1.9.101.178 port 51622 ssh2
Aug  2 12:20:11 myremote sshd[824835]: Connection closed by authenticating user root 14.116.250.2 port 55980 [preauth]
Aug  2 12:20:11 myremote sshd[824838]: Received disconnect from 1.9.101.178 port 51622:11: Bye Bye [preauth]
Aug  2 12:20:11 myremote sshd[824838]: Disconnected from authenticating user root 1.9.101.178 port 51622 [preauth]
Aug  2 12:20:14 myremote sshd[824844]: Invalid user cfb from 51.38.112.61 port 43968
Aug  2 12:20:14 myremote sshd[824844]: pam_unix(sshd:auth): check pass; user unknown
Aug  2 12:20:14 myremote sshd[824844]: pam_unix(sshd:auth): authentication failure; logname= uid=0 euid=0 tty=ssh ruser= rhost=51.38.112.61 
Aug  2 12:20:15 myremote sshd[824841]: pam_unix(sshd:auth): authentication failure; logname= uid=0 euid=0 tty=ssh ruser= rhost=14.116.250.2  user=root
Aug  2 12:20:16 myremote sshd[824844]: Failed password for invalid user cfb from 51.38.112.61 port 43968 ssh2
Aug  2 12:20:17 myremote sshd[824847]: Invalid user sevtech from 36.46.128.39 port 53258
Aug  2 12:20:17 myremote sshd[824847]: pam_unix(sshd:auth): check pass; user unknown
Aug  2 12:20:17 myremote sshd[824847]: pam_unix(sshd:auth): authentication failure; logname= uid=0 euid=0 tty=ssh ruser= rhost=36.46.128.39 
Aug  2 12:20:17 myremote sshd[824853]: Invalid user sevtech from 184.18.211.199 port 48410
Aug  2 12:20:17 myremote sshd[824853]: pam_unix(sshd:auth): check pass; user unknown
Aug  2 12:20:17 myremote sshd[824853]: pam_unix(sshd:auth): authentication failure; logname= uid=0 euid=0 tty=ssh ruser= rhost=184.18.211.199 
Aug  2 12:20:18 myremote sshd[824841]: Failed password for root from 14.116.250.2 port 58828 ssh2
Aug  2 12:20:18 myremote sshd[824850]: Invalid user kkc from 1.71.130.206 port 34118
Aug  2 12:20:18 myremote sshd[824850]: pam_unix(sshd:auth): check pass; user unknown
Aug  2 12:20:18 myremote sshd[824850]: pam_unix(sshd:auth): authentication failure; logname= uid=0 euid=0 tty=ssh ruser= rhost=1.71.130.206 
Aug  2 12:20:18 myremote sshd[824844]: Received disconnect from 51.38.112.61 port 43968:11: Bye Bye [preauth]
Aug  2 12:20:18 myremote sshd[824844]: Disconnected from invalid user cfb 51.38.112.61 port 43968 [preauth]
Aug  2 12:20:19 myremote sshd[824856]: Invalid user patrick from 203.80.23.199 port 36834
Aug  2 12:20:19 myremote sshd[824856]: pam_unix(sshd:auth): check pass; user unknown
Aug  2 12:20:19 myremote sshd[824856]: pam_unix(sshd:auth): authentication failure; logname= uid=0 euid=0 tty=ssh ruser= rhost=203.80.23.199 
Aug  2 12:20:19 myremote sshd[824847]: Failed password for invalid user sevtech from 36.46.128.39 port 53258 ssh2
Aug  2 12:20:19 myremote sshd[824853]: Failed password for invalid user sevtech from 184.18.211.199 port 48410 ssh2
Aug  2 12:20:20 myremote sshd[824841]: Connection closed by authenticating user root 14.116.250.2 port 58828 [preauth]
Aug  2 12:20:20 myremote sshd[824850]: Failed password for invalid user kkc from 1.71.130.206 port 34118 ssh2
Aug  2 12:20:21 myremote sshd[824853]: Received disconnect from 184.18.211.199 port 48410:11: Bye Bye [preauth]
Aug  2 12:20:21 myremote sshd[824853]: Disconnected from invalid user sevtech 184.18.211.199 port 48410 [preauth]
Aug  2 12:20:21 myremote sshd[824847]: Received disconnect from 36.46.128.39 port 53258:11: Bye Bye [preauth]
Aug  2 12:20:21 myremote sshd[824847]: Disconnected from invalid user sevtech 36.46.128.39 port 53258 [preauth]
Aug  2 12:20:21 myremote sshd[824856]: Failed password for invalid user patrick from 203.80.23.199 port 36834 ssh2
Aug  2 12:20:22 myremote sshd[824856]: Received disconnect from 203.80.23.199 port 36834:11: Bye Bye [preauth]
Aug  2 12:20:22 myremote sshd[824856]: Disconnected from invalid user patrick 203.80.23.199 port 36834 [preauth]
Aug  2 12:20:22 myremote sshd[824850]: Received disconnect from 1.71.130.206 port 34118:11: Bye Bye [preauth]
Aug  2 12:20:22 myremote sshd[824850]: Disconnected from invalid user kkc 1.71.130.206 port 34118 [preauth]
Aug  2 12:20:23 myremote sshd[824862]: Invalid user scanner from 5.42.86.119 port 41668
Aug  2 12:20:23 myremote sshd[824862]: pam_unix(sshd:auth): check pass; user unknown
Aug  2 12:20:23 myremote sshd[824862]: pam_unix(sshd:auth): authentication failure; logname= uid=0 euid=0 tty=ssh ruser= rhost=5.42.86.119 
Aug  2 12:20:24 myremote sshd[824859]: pam_unix(sshd:auth): authentication failure; logname= uid=0 euid=0 tty=ssh ruser= rhost=14.116.250.2  user=root
Aug  2 12:20:25 myremote sshd[824862]: Failed password for invalid user scanner from 5.42.86.119 port 41668 ssh2
Aug  2 12:20:25 myremote sshd[824865]: pam_unix(sshd:auth): authentication failure; logname= uid=0 euid=0 tty=ssh ruser= rhost=185.219.127.19  user=root
Aug  2 12:20:26 myremote sshd[824859]: Failed password for root from 14.116.250.2 port 33150 ssh2
Aug  2 12:20:26 myremote sshd[824862]: Received disconnect from 5.42.86.119 port 41668:11: Bye Bye [preauth]
Aug  2 12:20:26 myremote sshd[824862]: Disconnected from invalid user scanner 5.42.86.119 port 41668 [preauth]
Aug  2 12:20:27 myremote sshd[824865]: Failed password for root from 185.219.127.19 port 46790 ssh2
Aug  2 12:20:28 myremote sshd[824865]: Received disconnect from 185.219.127.19 port 46790:11: Bye Bye [preauth]
Aug  2 12:20:28 myremote sshd[824865]: Disconnected from authenticating user root 185.219.127.19 port 46790 [preauth]
Aug  2 12:20:29 myremote sshd[824859]: Connection closed by authenticating user root 14.116.250.2 port 33150 [preauth]
Aug  2 12:20:29 myremote sshd[824868]: Invalid user sevtech from 178.251.140.3 port 52438
Aug  2 12:20:29 myremote sshd[824868]: pam_unix(sshd:auth): check pass; user unknown
Aug  2 12:20:29 myremote sshd[824868]: pam_unix(sshd:auth): authentication failure; logname= uid=0 euid=0 tty=ssh ruser= rhost=178.251.140.3 
Aug  2 12:20:31 myremote sshd[824868]: Failed password for invalid user sevtech from 178.251.140.3 port 52438 ssh2
Aug  2 12:20:33 myremote sshd[824868]: Received disconnect from 178.251.140.3 port 52438:11: Bye Bye [preauth]
Aug  2 12:20:33 myremote sshd[824868]: Disconnected from invalid user sevtech 178.251.140.3 port 52438 [preauth]
Aug  2 12:20:33 myremote sshd[824871]: pam_unix(sshd:auth): authentication failure; logname= uid=0 euid=0 tty=ssh ruser= rhost=14.116.250.2  user=root
Aug  2 12:20:33 myremote sshd[824874]: Invalid user nils from 188.212.96.88 port 49380
Aug  2 12:20:33 myremote sshd[824874]: pam_unix(sshd:auth): check pass; user unknown
Aug  2 12:20:33 myremote sshd[824874]: pam_unix(sshd:auth): authentication failure; logname= uid=0 euid=0 tty=ssh ruser= rhost=188.212.96.88 
Aug  2 12:20:34 myremote sshd[824877]: Invalid user interface from 125.74.232.57 port 55510
Aug  2 12:20:34 myremote sshd[824877]: pam_unix(sshd:auth): check pass; user unknown
Aug  2 12:20:34 myremote sshd[824877]: pam_unix(sshd:auth): authentication failure; logname= uid=0 euid=0 tty=ssh ruser= rhost=125.74.232.57 
Aug  2 12:20:35 myremote sshd[824871]: Failed password for root from 14.116.250.2 port 35652 ssh2
Aug  2 12:20:35 myremote sshd[824874]: Failed password for invalid user nils from 188.212.96.88 port 49380 ssh2
Aug  2 12:20:36 myremote sshd[824874]: Received disconnect from 188.212.96.88 port 49380:11: Bye Bye [preauth]
Aug  2 12:20:36 myremote sshd[824874]: Disconnected from invalid user nils 188.212.96.88 port 49380 [preauth]
Aug  2 12:20:36 myremote sshd[824871]: Connection closed by authenticating user root 14.116.250.2 port 35652 [preauth]
Aug  2 12:20:36 myremote sshd[824877]: Failed password for invalid user interface from 125.74.232.57 port 55510 ssh2
Aug  2 12:20:37 myremote sshd[824877]: Received disconnect from 125.74.232.57 port 55510:11: Bye Bye [preauth]
Aug  2 12:20:37 myremote sshd[824877]: Disconnected from invalid user interface 125.74.232.57 port 55510 [preauth]
Aug  2 12:20:39 myremote sshd[824883]: Invalid user sevtech from 43.156.4.31 port 43268
Aug  2 12:20:39 myremote sshd[824883]: pam_unix(sshd:auth): check pass; user unknown
Aug  2 12:20:39 myremote sshd[824883]: pam_unix(sshd:auth): authentication failure; logname= uid=0 euid=0 tty=ssh ruser= rhost=43.156.4.31 
Aug  2 12:20:40 myremote sshd[824880]: pam_unix(sshd:auth): authentication failure; logname= uid=0 euid=0 tty=ssh ruser= rhost=14.116.250.2  user=root
Aug  2 12:20:41 myremote sshd[824889]: pam_unix(sshd:auth): authentication failure; logname= uid=0 euid=0 tty=ssh ruser= rhost=220.86.29.35  user=root
Aug  2 12:20:41 myremote sshd[824883]: Failed password for invalid user sevtech from 43.156.4.31 port 43268 ssh2
Aug  2 12:20:42 myremote sshd[824880]: Failed password for root from 14.116.250.2 port 37780 ssh2
Aug  2 12:20:43 myremote sshd[824889]: Failed password for root from 220.86.29.35 port 48186 ssh2
Aug  2 12:20:43 myremote sshd[824883]: Received disconnect from 43.156.4.31 port 43268:11: Bye Bye [preauth]
Aug  2 12:20:43 myremote sshd[824883]: Disconnected from invalid user sevtech 43.156.4.31 port 43268 [preauth]
Aug  2 12:20:44 myremote sshd[824886]: Invalid user temp1 from 117.89.250.248 port 59596
Aug  2 12:20:44 myremote sshd[824886]: pam_unix(sshd:auth): check pass; user unknown
Aug  2 12:20:44 myremote sshd[824886]: pam_unix(sshd:auth): authentication failure; logname= uid=0 euid=0 tty=ssh ruser= rhost=117.89.250.248 
Aug  2 12:20:45 myremote sshd[824880]: Connection closed by authenticating user root 14.116.250.2 port 37780 [preauth]
Aug  2 12:20:45 myremote sshd[824889]: Received disconnect from 220.86.29.35 port 48186:11: Bye Bye [preauth]
Aug  2 12:20:45 myremote sshd[824889]: Disconnected from authenticating user root 220.86.29.35 port 48186 [preauth]
Aug  2 12:20:45 myremote sshd[824886]: Failed password for invalid user temp1 from 117.89.250.248 port 59596 ssh2
Aug  2 12:20:46 myremote sshd[824886]: Received disconnect from 117.89.250.248 port 59596:11: Bye Bye [preauth]
Aug  2 12:20:46 myremote sshd[824886]: Disconnected from invalid user temp1 117.89.250.248 port 59596 [preauth]
Aug  2 12:20:49 myremote sshd[824892]: pam_unix(sshd:auth): authentication failure; logname= uid=0 euid=0 tty=ssh ruser= rhost=14.116.250.2  user=root
Aug  2 12:20:50 myremote sshd[824895]: pam_unix(sshd:auth): authentication failure; logname= uid=0 euid=0 tty=ssh ruser= rhost=113.125.153.122  user=root
Aug  2 12:20:51 myremote sshd[824892]: Failed password for root from 14.116.250.2 port 40220 ssh2
Aug  2 12:20:52 myremote sshd[824895]: Failed password for root from 113.125.153.122 port 40926 ssh2
Aug  2 12:20:52 myremote sshd[824892]: Connection closed by authenticating user root 14.116.250.2 port 40220 [preauth]
Aug  2 12:20:54 myremote sshd[824895]: Received disconnect from 113.125.153.122 port 40926:11: Bye Bye [preauth]
Aug  2 12:20:54 myremote sshd[824895]: Disconnected from authenticating user root 113.125.153.122 port 40926 [preauth]
Aug  2 12:20:56 myremote sshd[824898]: pam_unix(sshd:auth): authentication failure; logname= uid=0 euid=0 tty=ssh ruser= rhost=14.116.250.2  user=root
Aug  2 12:20:57 myremote sshd[824901]: Invalid user patil from 1.9.101.178 port 58812
Aug  2 12:20:57 myremote sshd[824901]: pam_unix(sshd:auth): check pass; user unknown
Aug  2 12:20:57 myremote sshd[824901]: pam_unix(sshd:auth): authentication failure; logname= uid=0 euid=0 tty=ssh ruser= rhost=1.9.101.178 
Aug  2 12:20:58 myremote sshd[824898]: Failed password for root from 14.116.250.2 port 42396 ssh2
Aug  2 12:20:58 myremote sshd[824904]: Invalid user kkc from 51.38.112.61 port 34308
Aug  2 12:20:58 myremote sshd[824904]: pam_unix(sshd:auth): check pass; user unknown
Aug  2 12:20:58 myremote sshd[824904]: pam_unix(sshd:auth): authentication failure; logname= uid=0 euid=0 tty=ssh ruser= rhost=51.38.112.61 
Aug  2 12:20:59 myremote sshd[824901]: Failed password for invalid user patil from 1.9.101.178 port 58812 ssh2
Aug  2 12:20:59 myremote sshd[824898]: Connection closed by authenticating user root 14.116.250.2 port 42396 [preauth]
Aug  2 12:21:00 myremote sshd[824904]: Failed password for invalid user kkc from 51.38.112.61 port 34308 ssh2
Aug  2 12:21:00 myremote sshd[824904]: Received disconnect from 51.38.112.61 port 34308:11: Bye Bye [preauth]
Aug  2 12:21:00 myremote sshd[824904]: Disconnected from invalid user kkc 51.38.112.61 port 34308 [preauth]
Aug  2 12:21:01 myremote sshd[824901]: Received disconnect from 1.9.101.178 port 58812:11: Bye Bye [preauth]
Aug  2 12:21:01 myremote sshd[824901]: Disconnected from invalid user patil 1.9.101.178 port 58812 [preauth]
Aug  2 12:21:01 myremote sshd[824907]: Invalid user za from 184.18.211.199 port 34594
Aug  2 12:21:01 myremote sshd[824907]: pam_unix(sshd:auth): check pass; user unknown
Aug  2 12:21:01 myremote sshd[824907]: pam_unix(sshd:auth): authentication failure; logname= uid=0 euid=0 tty=ssh ruser= rhost=184.18.211.199 
Aug  2 12:21:01 myremote sshd[824913]: pam_unix(sshd:auth): authentication failure; logname= uid=0 euid=0 tty=ssh ruser= rhost=170.210.155.249  user=root
Aug  2 12:21:03 myremote sshd[824907]: Failed password for invalid user za from 184.18.211.199 port 34594 ssh2
Aug  2 12:21:03 myremote sshd[824907]: Received disconnect from 184.18.211.199 port 34594:11: Bye Bye [preauth]
Aug  2 12:21:03 myremote sshd[824907]: Disconnected from invalid user za 184.18.211.199 port 34594 [preauth]
Aug  2 12:21:03 myremote sshd[824913]: Failed password for root from 170.210.155.249 port 40363 ssh2
Aug  2 12:21:04 myremote sshd[824916]: Invalid user patil from 167.71.220.19 port 39562
Aug  2 12:21:04 myremote sshd[824916]: pam_unix(sshd:auth): check pass; user unknown
Aug  2 12:21:04 myremote sshd[824916]: pam_unix(sshd:auth): authentication failure; logname= uid=0 euid=0 tty=ssh ruser= rhost=167.71.220.19 
Aug  2 12:21:04 myremote sshd[824910]: pam_unix(sshd:auth): authentication failure; logname= uid=0 euid=0 tty=ssh ruser= rhost=14.116.250.2  user=root
Aug  2 12:21:05 myremote sshd[824913]: Received disconnect from 170.210.155.249 port 40363:11: Bye Bye [preauth]
Aug  2 12:21:05 myremote sshd[824913]: Disconnected from authenticating user root 170.210.155.249 port 40363 [preauth]
Aug  2 12:21:06 myremote sshd[824919]: Invalid user guest from 5.42.86.119 port 54124
Aug  2 12:21:06 myremote sshd[824919]: pam_unix(sshd:auth): check pass; user unknown
Aug  2 12:21:06 myremote sshd[824919]: pam_unix(sshd:auth): authentication failure; logname= uid=0 euid=0 tty=ssh ruser= rhost=5.42.86.119 
Aug  2 12:21:06 myremote sshd[824916]: Failed password for invalid user patil from 167.71.220.19 port 39562 ssh2
Aug  2 12:21:06 myremote sshd[824910]: Failed password for root from 14.116.250.2 port 44474 ssh2
Aug  2 12:21:07 myremote sshd[824916]: Received disconnect from 167.71.220.19 port 39562:11: Bye Bye [preauth]
Aug  2 12:21:07 myremote sshd[824916]: Disconnected from invalid user patil 167.71.220.19 port 39562 [preauth]
Aug  2 12:21:08 myremote sshd[824925]: pam_unix(sshd:auth): authentication failure; logname= uid=0 euid=0 tty=ssh ruser= rhost=185.219.127.19  user=root
Aug  2 12:21:09 myremote sshd[824922]: pam_unix(sshd:auth): authentication failure; logname= uid=0 euid=0 tty=ssh ruser= rhost=36.46.128.39  user=root
Aug  2 12:21:09 myremote sshd[824919]: Failed password for invalid user guest from 5.42.86.119 port 54124 ssh2
Aug  2 12:21:09 myremote sshd[824910]: Connection closed by authenticating user root 14.116.250.2 port 44474 [preauth]
Aug  2 12:21:09 myremote sshd[824928]: Invalid user guest from 210.59.205.48 port 37372
Aug  2 12:21:09 myremote sshd[824928]: pam_unix(sshd:auth): check pass; user unknown
Aug  2 12:21:09 myremote sshd[824928]: pam_unix(sshd:auth): authentication failure; logname= uid=0 euid=0 tty=ssh ruser= rhost=210.59.205.48 
Aug  2 12:21:10 myremote sshd[824925]: Failed password for root from 185.219.127.19 port 53564 ssh2
Aug  2 12:21:10 myremote sshd[824922]: Failed password for root from 36.46.128.39 port 36768 ssh2
Aug  2 12:21:10 myremote sshd[824925]: Received disconnect from 185.219.127.19 port 53564:11: Bye Bye [preauth]
Aug  2 12:21:10 myremote sshd[824925]: Disconnected from authenticating user root 185.219.127.19 port 53564 [preauth]
Aug  2 12:21:11 myremote sshd[824919]: Received disconnect from 5.42.86.119 port 54124:11: Bye Bye [preauth]
Aug  2 12:21:11 myremote sshd[824919]: Disconnected from invalid user guest 5.42.86.119 port 54124 [preauth]
Aug  2 12:21:11 myremote sshd[824922]: Received disconnect from 36.46.128.39 port 36768:11: Bye Bye [preauth]
Aug  2 12:21:11 myremote sshd[824922]: Disconnected from authenticating user root 36.46.128.39 port 36768 [preauth]
Aug  2 12:21:11 myremote sshd[824928]: Failed password for invalid user guest from 210.59.205.48 port 37372 ssh2
Aug  2 12:21:12 myremote sshd[824928]: Received disconnect from 210.59.205.48 port 37372:11: Bye Bye [preauth]
Aug  2 12:21:12 myremote sshd[824928]: Disconnected from invalid user guest 210.59.205.48 port 37372 [preauth]
Aug  2 12:21:12 myremote sshd[824933]: Invalid user sai from 1.71.130.206 port 46032
Aug  2 12:21:12 myremote sshd[824933]: pam_unix(sshd:auth): check pass; user unknown
Aug  2 12:21:12 myremote sshd[824933]: pam_unix(sshd:auth): authentication failure; logname= uid=0 euid=0 tty=ssh ruser= rhost=1.71.130.206 
Aug  2 12:21:13 myremote sshd[824931]: pam_unix(sshd:auth): authentication failure; logname= uid=0 euid=0 tty=ssh ruser= rhost=14.116.250.2  user=root
Aug  2 12:21:14 myremote sshd[824933]: Failed password for invalid user sai from 1.71.130.206 port 46032 ssh2
Aug  2 12:21:15 myremote sshd[824931]: Failed password for root from 14.116.250.2 port 46906 ssh2
Aug  2 12:21:16 myremote sshd[824933]: Received disconnect from 1.71.130.206 port 46032:11: Bye Bye [preauth]
Aug  2 12:21:16 myremote sshd[824933]: Disconnected from invalid user sai 1.71.130.206 port 46032 [preauth]
Aug  2 12:21:17 myremote sshd[824940]: Invalid user scanner from 178.251.140.3 port 55007
Aug  2 12:21:17 myremote sshd[824940]: pam_unix(sshd:auth): check pass; user unknown
Aug  2 12:21:17 myremote sshd[824940]: pam_unix(sshd:auth): authentication failure; logname= uid=0 euid=0 tty=ssh ruser= rhost=178.251.140.3 
Aug  2 12:21:17 myremote sshd[824937]: Invalid user sai from 125.74.232.57 port 36274
Aug  2 12:21:17 myremote sshd[824937]: pam_unix(sshd:auth): check pass; user unknown
Aug  2 12:21:17 myremote sshd[824937]: pam_unix(sshd:auth): authentication failure; logname= uid=0 euid=0 tty=ssh ruser= rhost=125.74.232.57 
Aug  2 12:21:18 myremote sshd[824931]: Connection closed by authenticating user root 14.116.250.2 port 46906 [preauth]
Aug  2 12:21:19 myremote sshd[824940]: Failed password for invalid user scanner from 178.251.140.3 port 55007 ssh2
Aug  2 12:21:20 myremote sshd[824937]: Failed password for invalid user sai from 125.74.232.57 port 36274 ssh2
Aug  2 12:21:20 myremote sshd[824940]: Received disconnect from 178.251.140.3 port 55007:11: Bye Bye [preauth]
Aug  2 12:21:20 myremote sshd[824940]: Disconnected from invalid user scanner 178.251.140.3 port 55007 [preauth]
Aug  2 12:21:21 myremote sshd[824937]: Received disconnect from 125.74.232.57 port 36274:11: Bye Bye [preauth]
Aug  2 12:21:21 myremote sshd[824937]: Disconnected from invalid user sai 125.74.232.57 port 36274 [preauth]
Aug  2 12:21:23 myremote sshd[824944]: pam_unix(sshd:auth): authentication failure; logname= uid=0 euid=0 tty=ssh ruser= rhost=14.116.250.2  user=root
Aug  2 12:21:25 myremote sshd[824944]: Failed password for root from 14.116.250.2 port 49682 ssh2
Aug  2 12:21:25 myremote sshd[824947]: Invalid user za from 43.156.4.31 port 57358
Aug  2 12:21:25 myremote sshd[824947]: pam_unix(sshd:auth): check pass; user unknown
Aug  2 12:21:25 myremote sshd[824947]: pam_unix(sshd:auth): authentication failure; logname= uid=0 euid=0 tty=ssh ruser= rhost=43.156.4.31 
Aug  2 12:21:26 myremote sshd[824950]: Invalid user patil from 203.80.23.199 port 52002
Aug  2 12:21:26 myremote sshd[824950]: pam_unix(sshd:auth): check pass; user unknown
Aug  2 12:21:26 myremote sshd[824950]: pam_unix(sshd:auth): authentication failure; logname= uid=0 euid=0 tty=ssh ruser= rhost=203.80.23.199 
Aug  2 12:21:27 myremote sshd[824947]: Failed password for invalid user za from 43.156.4.31 port 57358 ssh2
Aug  2 12:21:28 myremote sshd[824944]: Connection closed by authenticating user root 14.116.250.2 port 49682 [preauth]
Aug  2 12:21:28 myremote sshd[824947]: Received disconnect from 43.156.4.31 port 57358:11: Bye Bye [preauth]
Aug  2 12:21:28 myremote sshd[824947]: Disconnected from invalid user za 43.156.4.31 port 57358 [preauth]
Aug  2 12:21:28 myremote sshd[824950]: Failed password for invalid user patil from 203.80.23.199 port 52002 ssh2
Aug  2 12:21:30 myremote sshd[824950]: Received disconnect from 203.80.23.199 port 52002:11: Bye Bye [preauth]
Aug  2 12:21:30 myremote sshd[824950]: Disconnected from invalid user patil 203.80.23.199 port 52002 [preauth]
Aug  2 12:21:32 myremote sshd[824953]: pam_unix(sshd:auth): authentication failure; logname= uid=0 euid=0 tty=ssh ruser= rhost=14.116.250.2  user=root
Aug  2 12:21:33 myremote sshd[824953]: Failed password for root from 14.116.250.2 port 52258 ssh2
Aug  2 12:21:35 myremote sshd[824953]: Connection closed by authenticating user root 14.116.250.2 port 52258 [preauth]
Aug  2 12:21:40 myremote sshd[824956]: pam_unix(sshd:auth): authentication failure; logname= uid=0 euid=0 tty=ssh ruser= rhost=14.116.250.2  user=root
Aug  2 12:21:41 myremote sshd[824959]: Invalid user webapps from 51.38.112.61 port 34488
Aug  2 12:21:41 myremote sshd[824959]: pam_unix(sshd:auth): check pass; user unknown
Aug  2 12:21:41 myremote sshd[824959]: pam_unix(sshd:auth): authentication failure; logname= uid=0 euid=0 tty=ssh ruser= rhost=51.38.112.61 
Aug  2 12:21:42 myremote sshd[824962]: Invalid user patil from 188.212.96.88 port 36640
Aug  2 12:21:42 myremote sshd[824962]: pam_unix(sshd:auth): check pass; user unknown
Aug  2 12:21:42 myremote sshd[824962]: pam_unix(sshd:auth): authentication failure; logname= uid=0 euid=0 tty=ssh ruser= rhost=188.212.96.88 
Aug  2 12:21:42 myremote sshd[824956]: Failed password for root from 14.116.250.2 port 54334 ssh2
Aug  2 12:21:42 myremote sshd[824965]: Invalid user marcos from 184.18.211.199 port 49006
Aug  2 12:21:42 myremote sshd[824965]: pam_unix(sshd:auth): check pass; user unknown
Aug  2 12:21:42 myremote sshd[824965]: pam_unix(sshd:auth): authentication failure; logname= uid=0 euid=0 tty=ssh ruser= rhost=184.18.211.199 
Aug  2 12:21:43 myremote sshd[824959]: Failed password for invalid user webapps from 51.38.112.61 port 34488 ssh2
Aug  2 12:21:43 myremote sshd[824962]: Failed password for invalid user patil from 188.212.96.88 port 36640 ssh2
Aug  2 12:21:44 myremote sshd[824959]: Received disconnect from 51.38.112.61 port 34488:11: Bye Bye [preauth]
Aug  2 12:21:44 myremote sshd[824959]: Disconnected from invalid user webapps 51.38.112.61 port 34488 [preauth]
Aug  2 12:21:44 myremote sshd[824965]: Failed password for invalid user marcos from 184.18.211.199 port 49006 ssh2
Aug  2 12:21:45 myremote sshd[824965]: Received disconnect from 184.18.211.199 port 49006:11: Bye Bye [preauth]
Aug  2 12:21:45 myremote sshd[824965]: Disconnected from invalid user marcos 184.18.211.199 port 49006 [preauth]
Aug  2 12:21:45 myremote sshd[824956]: Connection closed by authenticating user root 14.116.250.2 port 54334 [preauth]
Aug  2 12:21:45 myremote sshd[824962]: Received disconnect from 188.212.96.88 port 36640:11: Bye Bye [preauth]
Aug  2 12:21:45 myremote sshd[824962]: Disconnected from invalid user patil 188.212.96.88 port 36640 [preauth]
Aug  2 12:21:46 myremote sshd[824968]: Invalid user za from 1.9.101.178 port 37767
Aug  2 12:21:46 myremote sshd[824968]: pam_unix(sshd:auth): check pass; user unknown
Aug  2 12:21:46 myremote sshd[824968]: pam_unix(sshd:auth): authentication failure; logname= uid=0 euid=0 tty=ssh ruser= rhost=1.9.101.178 
Aug  2 12:21:46 myremote sshd[824971]: Invalid user redmine from 220.86.29.35 port 56478
Aug  2 12:21:46 myremote sshd[824971]: pam_unix(sshd:auth): check pass; user unknown
Aug  2 12:21:46 myremote sshd[824971]: pam_unix(sshd:auth): authentication failure; logname= uid=0 euid=0 tty=ssh ruser= rhost=220.86.29.35 
Aug  2 12:21:47 myremote sshd[824968]: Failed password for invalid user za from 1.9.101.178 port 37767 ssh2
Aug  2 12:21:48 myremote sshd[824971]: Failed password for invalid user redmine from 220.86.29.35 port 56478 ssh2
Aug  2 12:21:48 myremote sshd[824968]: Received disconnect from 1.9.101.178 port 37767:11: Bye Bye [preauth]
Aug  2 12:21:48 myremote sshd[824968]: Disconnected from invalid user za 1.9.101.178 port 37767 [preauth]
Aug  2 12:21:49 myremote sshd[824977]: Invalid user cfb from 5.42.86.119 port 35566
Aug  2 12:21:49 myremote sshd[824977]: pam_unix(sshd:auth): check pass; user unknown
Aug  2 12:21:49 myremote sshd[824977]: pam_unix(sshd:auth): authentication failure; logname= uid=0 euid=0 tty=ssh ruser= rhost=5.42.86.119 
Aug  2 12:21:49 myremote sshd[824971]: Received disconnect from 220.86.29.35 port 56478:11: Bye Bye [preauth]
Aug  2 12:21:49 myremote sshd[824971]: Disconnected from invalid user redmine 220.86.29.35 port 56478 [preauth]
Aug  2 12:21:49 myremote sshd[824974]: pam_unix(sshd:auth): authentication failure; logname= uid=0 euid=0 tty=ssh ruser= rhost=14.116.250.2  user=root
Aug  2 12:21:50 myremote sshd[824980]: Invalid user admin from 185.219.127.19 port 36628
Aug  2 12:21:50 myremote sshd[824980]: pam_unix(sshd:auth): check pass; user unknown
Aug  2 12:21:50 myremote sshd[824980]: pam_unix(sshd:auth): authentication failure; logname= uid=0 euid=0 tty=ssh ruser= rhost=185.219.127.19 
Aug  2 12:21:50 myremote sshd[824977]: Failed password for invalid user cfb from 5.42.86.119 port 35566 ssh2
Aug  2 12:21:51 myremote sshd[824977]: Received disconnect from 5.42.86.119 port 35566:11: Bye Bye [preauth]
Aug  2 12:21:51 myremote sshd[824977]: Disconnected from invalid user cfb 5.42.86.119 port 35566 [preauth]
Aug  2 12:21:51 myremote sshd[824974]: Failed password for root from 14.116.250.2 port 57306 ssh2
Aug  2 12:21:51 myremote sshd[824980]: Failed password for invalid user admin from 185.219.127.19 port 36628 ssh2
Aug  2 12:21:52 myremote sshd[824974]: Connection closed by authenticating user root 14.116.250.2 port 57306 [preauth]
Aug  2 12:21:53 myremote sshd[824980]: Received disconnect from 185.219.127.19 port 36628:11: Bye Bye [preauth]
Aug  2 12:21:53 myremote sshd[824980]: Disconnected from invalid user admin 185.219.127.19 port 36628 [preauth]
Aug  2 12:21:55 myremote sshd[824986]: Invalid user rs from 113.125.153.122 port 55142
Aug  2 12:21:55 myremote sshd[824986]: pam_unix(sshd:auth): check pass; user unknown
Aug  2 12:21:55 myremote sshd[824986]: pam_unix(sshd:auth): authentication failure; logname= uid=0 euid=0 tty=ssh ruser= rhost=113.125.153.122 
Aug  2 12:21:56 myremote sshd[824989]: Invalid user abdullah from 125.74.232.57 port 45268
Aug  2 12:21:56 myremote sshd[824989]: pam_unix(sshd:auth): check pass; user unknown
Aug  2 12:21:56 myremote sshd[824989]: pam_unix(sshd:auth): authentication failure; logname= uid=0 euid=0 tty=ssh ruser= rhost=125.74.232.57 
Aug  2 12:21:56 myremote sshd[824983]: pam_unix(sshd:auth): authentication failure; logname= uid=0 euid=0 tty=ssh ruser= rhost=14.116.250.2  user=root
Aug  2 12:21:56 myremote sshd[824986]: Failed password for invalid user rs from 113.125.153.122 port 55142 ssh2
Aug  2 12:21:57 myremote sshd[824989]: Failed password for invalid user abdullah from 125.74.232.57 port 45268 ssh2
Aug  2 12:21:57 myremote sshd[824986]: Received disconnect from 113.125.153.122 port 55142:11: Bye Bye [preauth]
Aug  2 12:21:57 myremote sshd[824986]: Disconnected from invalid user rs 113.125.153.122 port 55142 [preauth]
Aug  2 12:21:58 myremote sshd[824983]: Failed password for root from 14.116.250.2 port 59262 ssh2
Aug  2 12:21:59 myremote sshd[824989]: Received disconnect from 125.74.232.57 port 45268:11: Bye Bye [preauth]
Aug  2 12:21:59 myremote sshd[824989]: Disconnected from invalid user abdullah 125.74.232.57 port 45268 [preauth]
Aug  2 12:21:59 myremote sshd[824983]: Connection closed by authenticating user root 14.116.250.2 port 59262 [preauth]
Aug  2 12:22:00 myremote sshd[824995]: Invalid user cfb from 178.251.140.3 port 57581
Aug  2 12:22:00 myremote sshd[824995]: pam_unix(sshd:auth): check pass; user unknown
Aug  2 12:22:00 myremote sshd[824995]: pam_unix(sshd:auth): authentication failure; logname= uid=0 euid=0 tty=ssh ruser= rhost=178.251.140.3 
Aug  2 12:22:00 myremote sshd[825000]: Invalid user nils from 170.210.155.249 port 47507
Aug  2 12:22:00 myremote sshd[825000]: pam_unix(sshd:auth): check pass; user unknown
Aug  2 12:22:00 myremote sshd[825000]: pam_unix(sshd:auth): authentication failure; logname= uid=0 euid=0 tty=ssh ruser= rhost=170.210.155.249 
Aug  2 12:22:01 myremote sshd[824992]: Invalid user cfb from 1.71.130.206 port 57936
Aug  2 12:22:01 myremote sshd[824992]: pam_unix(sshd:auth): check pass; user unknown
Aug  2 12:22:01 myremote sshd[824992]: pam_unix(sshd:auth): authentication failure; logname= uid=0 euid=0 tty=ssh ruser= rhost=1.71.130.206 
Aug  2 12:22:02 myremote sshd[824995]: Failed password for invalid user cfb from 178.251.140.3 port 57581 ssh2
Aug  2 12:22:02 myremote sshd[824992]: Failed password for invalid user cfb from 1.71.130.206 port 57936 ssh2
Aug  2 12:22:03 myremote sshd[825000]: Failed password for invalid user nils from 170.210.155.249 port 47507 ssh2
Aug  2 12:22:03 myremote sshd[824992]: Received disconnect from 1.71.130.206 port 57936:11: Bye Bye [preauth]
Aug  2 12:22:03 myremote sshd[824992]: Disconnected from invalid user cfb 1.71.130.206 port 57936 [preauth]
Aug  2 12:22:03 myremote sshd[824998]: pam_unix(sshd:auth): authentication failure; logname= uid=0 euid=0 tty=ssh ruser= rhost=14.116.250.2  user=root
Aug  2 12:22:04 myremote sshd[825004]: Invalid user bsp from 36.46.128.39 port 48510
Aug  2 12:22:04 myremote sshd[825004]: pam_unix(sshd:auth): check pass; user unknown
Aug  2 12:22:04 myremote sshd[825004]: pam_unix(sshd:auth): authentication failure; logname= uid=0 euid=0 tty=ssh ruser= rhost=36.46.128.39 
Aug  2 12:22:04 myremote sshd[824995]: Received disconnect from 178.251.140.3 port 57581:11: Bye Bye [preauth]
Aug  2 12:22:04 myremote sshd[824995]: Disconnected from invalid user cfb 178.251.140.3 port 57581 [preauth]
Aug  2 12:22:04 myremote sshd[825000]: Received disconnect from 170.210.155.249 port 47507:11: Bye Bye [preauth]
Aug  2 12:22:04 myremote sshd[825000]: Disconnected from invalid user nils 170.210.155.249 port 47507 [preauth]
Aug  2 12:22:05 myremote sshd[824998]: Failed password for root from 14.116.250.2 port 33176 ssh2
Aug  2 12:22:05 myremote sshd[825004]: Failed password for invalid user bsp from 36.46.128.39 port 48510 ssh2
Aug  2 12:22:06 myremote sshd[824998]: Connection closed by authenticating user root 14.116.250.2 port 33176 [preauth]
Aug  2 12:22:08 myremote sshd[825004]: Received disconnect from 36.46.128.39 port 48510:11: Bye Bye [preauth]
Aug  2 12:22:08 myremote sshd[825004]: Disconnected from invalid user bsp 36.46.128.39 port 48510 [preauth]
Aug  2 12:22:09 myremote sshd[825009]: Invalid user webapps from 43.156.4.31 port 43210
Aug  2 12:22:09 myremote sshd[825009]: pam_unix(sshd:auth): check pass; user unknown
Aug  2 12:22:09 myremote sshd[825009]: pam_unix(sshd:auth): authentication failure; logname= uid=0 euid=0 tty=ssh ruser= rhost=43.156.4.31 
Aug  2 12:22:11 myremote sshd[825009]: Failed password for invalid user webapps from 43.156.4.31 port 43210 ssh2
Aug  2 12:22:12 myremote sshd[825007]: pam_unix(sshd:auth): authentication failure; logname= uid=0 euid=0 tty=ssh ruser= rhost=14.116.250.2  user=root
Aug  2 12:22:12 myremote sshd[825013]: Invalid user za from 167.71.220.19 port 38136
Aug  2 12:22:12 myremote sshd[825013]: pam_unix(sshd:auth): check pass; user unknown
Aug  2 12:22:12 myremote sshd[825013]: pam_unix(sshd:auth): authentication failure; logname= uid=0 euid=0 tty=ssh ruser= rhost=167.71.220.19 
Aug  2 12:22:12 myremote sshd[825009]: Received disconnect from 43.156.4.31 port 43210:11: Bye Bye [preauth]
Aug  2 12:22:12 myremote sshd[825009]: Disconnected from invalid user webapps 43.156.4.31 port 43210 [preauth]
Aug  2 12:22:14 myremote sshd[825007]: Failed password for root from 14.116.250.2 port 35226 ssh2
Aug  2 12:22:15 myremote sshd[825013]: Failed password for invalid user za from 167.71.220.19 port 38136 ssh2
Aug  2 12:22:17 myremote sshd[825007]: Connection closed by authenticating user root 14.116.250.2 port 35226 [preauth]
Aug  2 12:22:17 myremote sshd[825013]: Received disconnect from 167.71.220.19 port 38136:11: Bye Bye [preauth]
Aug  2 12:22:17 myremote sshd[825013]: Disconnected from invalid user za 167.71.220.19 port 38136 [preauth]
Aug  2 12:22:22 myremote sshd[825016]: pam_unix(sshd:auth): authentication failure; logname= uid=0 euid=0 tty=ssh ruser= rhost=14.116.250.2  user=root
Aug  2 12:22:24 myremote sshd[825016]: Failed password for root from 14.116.250.2 port 38248 ssh2
Aug  2 12:22:25 myremote sshd[825019]: Invalid user marcos from 210.59.205.48 port 48976
Aug  2 12:22:25 myremote sshd[825019]: pam_unix(sshd:auth): check pass; user unknown
Aug  2 12:22:25 myremote sshd[825019]: pam_unix(sshd:auth): authentication failure; logname= uid=0 euid=0 tty=ssh ruser= rhost=210.59.205.48 
Aug  2 12:22:25 myremote sshd[825016]: Connection closed by authenticating user root 14.116.250.2 port 38248 [preauth]
Aug  2 12:22:26 myremote sshd[825019]: Failed password for invalid user marcos from 210.59.205.48 port 48976 ssh2
Aug  2 12:22:28 myremote sshd[825019]: Received disconnect from 210.59.205.48 port 48976:11: Bye Bye [preauth]
Aug  2 12:22:28 myremote sshd[825019]: Disconnected from invalid user marcos 210.59.205.48 port 48976 [preauth]
Aug  2 12:22:29 myremote sshd[825022]: Invalid user ansible from 117.89.250.248 port 45022
Aug  2 12:22:29 myremote sshd[825022]: pam_unix(sshd:auth): check pass; user unknown
Aug  2 12:22:29 myremote sshd[825022]: pam_unix(sshd:auth): authentication failure; logname= uid=0 euid=0 tty=ssh ruser= rhost=117.89.250.248 
Aug  2 12:22:30 myremote sshd[825025]: pam_unix(sshd:auth): authentication failure; logname= uid=0 euid=0 tty=ssh ruser= rhost=14.116.250.2  user=root
Aug  2 12:22:31 myremote sshd[825028]: Invalid user marcos from 203.80.23.199 port 38940
Aug  2 12:22:31 myremote sshd[825028]: pam_unix(sshd:auth): check pass; user unknown
Aug  2 12:22:31 myremote sshd[825028]: pam_unix(sshd:auth): authentication failure; logname= uid=0 euid=0 tty=ssh ruser= rhost=203.80.23.199 
Aug  2 12:22:32 myremote sshd[825025]: Failed password for root from 14.116.250.2 port 40558 ssh2
Aug  2 12:22:32 myremote sshd[825022]: Failed password for invalid user ansible from 117.89.250.248 port 45022 ssh2
Aug  2 12:22:33 myremote sshd[825025]: Connection closed by authenticating user root 14.116.250.2 port 40558 [preauth]
Aug  2 12:22:33 myremote sshd[825028]: Failed password for invalid user marcos from 203.80.23.199 port 38940 ssh2
Aug  2 12:22:34 myremote sshd[825028]: Received disconnect from 203.80.23.199 port 38940:11: Bye Bye [preauth]
Aug  2 12:22:34 myremote sshd[825028]: Disconnected from invalid user marcos 203.80.23.199 port 38940 [preauth]
Aug  2 12:22:34 myremote sshd[825031]: pam_unix(sshd:auth): authentication failure; logname= uid=0 euid=0 tty=ssh ruser= rhost=1.9.101.178  user=root
Aug  2 12:22:34 myremote sshd[825034]: pam_unix(sshd:auth): authentication failure; logname= uid=0 euid=0 tty=ssh ruser= rhost=125.74.232.57  user=root
Aug  2 12:22:36 myremote sshd[825031]: Failed password for root from 1.9.101.178 port 44954 ssh2
Aug  2 12:22:37 myremote sshd[825034]: Failed password for root from 125.74.232.57 port 54264 ssh2
Aug  2 12:22:37 myremote sshd[825022]: Received disconnect from 117.89.250.248 port 45022:11: Bye Bye [preauth]
Aug  2 12:22:37 myremote sshd[825022]: Disconnected from invalid user ansible 117.89.250.248 port 45022 [preauth]
Aug  2 12:22:38 myremote sshd[825037]: pam_unix(sshd:auth): authentication failure; logname= uid=0 euid=0 tty=ssh ruser= rhost=14.116.250.2  user=root
Aug  2 12:22:38 myremote sshd[825031]: Received disconnect from 1.9.101.178 port 44954:11: Bye Bye [preauth]
Aug  2 12:22:38 myremote sshd[825031]: Disconnected from authenticating user root 1.9.101.178 port 44954 [preauth]
Aug  2 12:22:39 myremote sshd[825034]: Received disconnect from 125.74.232.57 port 54264:11: Bye Bye [preauth]
Aug  2 12:22:39 myremote sshd[825034]: Disconnected from authenticating user root 125.74.232.57 port 54264 [preauth]
Aug  2 12:22:40 myremote sshd[825037]: Failed password for root from 14.116.250.2 port 42602 ssh2
Aug  2 12:22:41 myremote sshd[825037]: Connection closed by authenticating user root 14.116.250.2 port 42602 [preauth]
Aug  2 12:22:42 myremote sshd[825040]: Invalid user scanner from 188.212.96.88 port 53678
Aug  2 12:22:42 myremote sshd[825040]: pam_unix(sshd:auth): check pass; user unknown
Aug  2 12:22:42 myremote sshd[825040]: pam_unix(sshd:auth): authentication failure; logname= uid=0 euid=0 tty=ssh ruser= rhost=188.212.96.88 
