Aug  2 12:10:52 myremote sshd[824218]: Failed password for invalid user sevtech from 125.74.232.57 port 42498 ssh2
Aug  2 12:10:53 myremote sshd[824218]: Received disconnect from 125.74.232.57 port 42498:11: Bye Bye [preauth]
Aug  2 12:10:53 myremote sshd[824218]: Disconnected from invalid user sevtech 125.74.232.57 port 42498 [preauth]
Aug  2 12:10:55 myremote sshd[824221]: Invalid user thao from 1.71.130.206 port 60630
Aug  2 12:10:55 myremote sshd[824221]: pam_unix(sshd:auth): check pass; user unknown
Aug  2 12:10:55 myremote sshd[824221]: pam_unix(sshd:auth): authentication failure; logname= uid=0 euid=0 tty=ssh ruser= rhost=1.71.130.206 
Aug  2 12:10:55 myremote sshd[824224]: Invalid user damien from 203.80.23.199 port 56604
Aug  2 12:10:55 myremote sshd[824224]: pam_unix(sshd:auth): check pass; user unknown
Aug  2 12:10:55 myremote sshd[824224]: pam_unix(sshd:auth): authentication failure; logname= uid=0 euid=0 tty=ssh ruser= rhost=203.80.23.199 
Aug  2 12:10:57 myremote sshd[824221]: Failed password for invalid user thao from 1.71.130.206 port 60630 ssh2
Aug  2 12:10:57 myremote sshd[824224]: Failed password for invalid user damien from 203.80.23.199 port 56604 ssh2
Aug  2 12:10:58 myremote sshd[824221]: Received disconnect from 1.71.130.206 port 60630:11: Bye Bye [preauth]
Aug  2 12:10:58 myremote sshd[824221]: Disconnected from invalid user thao 1.71.130.206 port 60630 [preauth]
Aug  2 12:10:58 myremote sshd[824224]: Received disconnect from 203.80.23.199 port 56604:11: Bye Bye [preauth]
Aug  2 12:10:58 myremote sshd[824224]: Disconnected from invalid user damien 203.80.23.199 port 56604 [preauth]
Aug  2 12:10:59 myremote sshd[824227]: Invalid user kkc from 188.212.96.88 port 51696
Aug  2 12:10:59 myremote sshd[824227]: pam_unix(sshd:auth): check pass; user unknown
Aug  2 12:10:59 myremote sshd[824227]: pam_unix(sshd:auth): authentication failure; logname= uid=0 euid=0 tty=ssh ruser= rhost=188.212.96.88 
Aug  2 12:11:00 myremote sshd[824230]: Invalid user marcos from 1.9.101.178 port 57255
Aug  2 12:11:00 myremote sshd[824230]: pam_unix(sshd:auth): check pass; user unknown
Aug  2 12:11:00 myremote sshd[824230]: pam_unix(sshd:auth): authentication failure; logname= uid=0 euid=0 tty=ssh ruser= rhost=1.9.101.178 
Aug  2 12:11:01 myremote sshd[824233]: Invalid user interface from 43.156.4.31 port 43554
Aug  2 12:11:01 myremote sshd[824233]: pam_unix(sshd:auth): check pass; user unknown
Aug  2 12:11:01 myremote sshd[824233]: pam_unix(sshd:auth): authentication failure; logname= uid=0 euid=0 tty=ssh ruser= rhost=43.156.4.31 
Aug  2 12:11:01 myremote sshd[824227]: Failed password for invalid user kkc from 188.212.96.88 port 51696 ssh2
Aug  2 12:11:02 myremote sshd[824230]: Failed password for invalid user marcos from 1.9.101.178 port 57255 ssh2
Aug  2 12:11:03 myremote sshd[824230]: Received disconnect from 1.9.101.178 port 57255:11: Bye Bye [preauth]
Aug  2 12:11:03 myremote sshd[824230]: Disconnected from invalid user marcos 1.9.101.178 port 57255 [preauth]
Aug  2 12:11:03 myremote sshd[824227]: Received disconnect from 188.212.96.88 port 51696:11: Bye Bye [preauth]
Aug  2 12:11:03 myremote sshd[824227]: Disconnected from invalid user kkc 188.212.96.88 port 51696 [preauth]
Aug  2 12:11:03 myremote sshd[824233]: Failed password for invalid user interface from 43.156.4.31 port 43554 ssh2
Aug  2 12:11:03 myremote sshd[824233]: Received disconnect from 43.156.4.31 port 43554:11: Bye Bye [preauth]
Aug  2 12:11:03 myremote sshd[824233]: Disconnected from invalid user interface 43.156.4.31 port 43554 [preauth]
Aug  2 12:11:04 myremote sshd[824236]: Invalid user interface from 210.59.205.48 port 57426
Aug  2 12:11:04 myremote sshd[824236]: pam_unix(sshd:auth): check pass; user unknown
Aug  2 12:11:04 myremote sshd[824236]: pam_unix(sshd:auth): authentication failure; logname= uid=0 euid=0 tty=ssh ruser= rhost=210.59.205.48 
Aug  2 12:11:06 myremote sshd[824236]: Failed password for invalid user interface from 210.59.205.48 port 57426 ssh2
Aug  2 12:11:06 myremote sshd[824236]: Received disconnect from 210.59.205.48 port 57426:11: Bye Bye [preauth]
Aug  2 12:11:06 myremote sshd[824236]: Disconnected from invalid user interface 210.59.205.48 port 57426 [preauth]
Aug  2 12:11:16 myremote sshd[824240]: pam_unix(sshd:auth): authentication failure; logname= uid=0 euid=0 tty=ssh ruser= rhost=51.38.112.61  user=root
Aug  2 12:11:18 myremote sshd[824240]: Failed password for root from 51.38.112.61 port 39430 ssh2
Aug  2 12:11:18 myremote sshd[824240]: Received disconnect from 51.38.112.61 port 39430:11: Bye Bye [preauth]
Aug  2 12:11:18 myremote sshd[824240]: Disconnected from authenticating user root 51.38.112.61 port 39430 [preauth]
Aug  2 12:11:22 myremote sshd[824243]: Invalid user ads from 113.125.153.122 port 53866
Aug  2 12:11:22 myremote sshd[824243]: pam_unix(sshd:auth): check pass; user unknown
Aug  2 12:11:22 myremote sshd[824243]: pam_unix(sshd:auth): authentication failure; logname= uid=0 euid=0 tty=ssh ruser= rhost=113.125.153.122 
Aug  2 12:11:24 myremote sshd[824246]: pam_unix(sshd:auth): authentication failure; logname= uid=0 euid=0 tty=ssh ruser= rhost=167.71.220.19  user=root
Aug  2 12:11:25 myremote sshd[824243]: Failed password for invalid user ads from 113.125.153.122 port 53866 ssh2
Aug  2 12:11:26 myremote sshd[824246]: Failed password for root from 167.71.220.19 port 58708 ssh2
Aug  2 12:11:26 myremote sshd[824243]: Received disconnect from 113.125.153.122 port 53866:11: Bye Bye [preauth]
Aug  2 12:11:26 myremote sshd[824243]: Disconnected from invalid user ads 113.125.153.122 port 53866 [preauth]
Aug  2 12:11:26 myremote sshd[824246]: Received disconnect from 167.71.220.19 port 58708:11: Bye Bye [preauth]
Aug  2 12:11:26 myremote sshd[824246]: Disconnected from authenticating user root 167.71.220.19 port 58708 [preauth]
Aug  2 12:11:27 myremote sshd[824249]: Invalid user bsp from 184.18.211.199 port 44742
Aug  2 12:11:27 myremote sshd[824249]: pam_unix(sshd:auth): check pass; user unknown
Aug  2 12:11:27 myremote sshd[824249]: pam_unix(sshd:auth): authentication failure; logname= uid=0 euid=0 tty=ssh ruser= rhost=184.18.211.199 
Aug  2 12:11:28 myremote sshd[824252]: Invalid user interface from 185.219.127.19 port 54190
Aug  2 12:11:28 myremote sshd[824252]: pam_unix(sshd:auth): check pass; user unknown
Aug  2 12:11:28 myremote sshd[824252]: pam_unix(sshd:auth): authentication failure; logname= uid=0 euid=0 tty=ssh ruser= rhost=185.219.127.19 
Aug  2 12:11:29 myremote sshd[824249]: Failed password for invalid user bsp from 184.18.211.199 port 44742 ssh2
Aug  2 12:11:30 myremote sshd[824252]: Failed password for invalid user interface from 185.219.127.19 port 54190 ssh2
Aug  2 12:11:30 myremote sshd[824258]: Invalid user thao from 5.42.86.119 port 40730
Aug  2 12:11:30 myremote sshd[824258]: pam_unix(sshd:auth): check pass; user unknown
Aug  2 12:11:30 myremote sshd[824258]: pam_unix(sshd:auth): authentication failure; logname= uid=0 euid=0 tty=ssh ruser= rhost=5.42.86.119 
Aug  2 12:11:30 myremote sshd[824252]: Received disconnect from 185.219.127.19 port 54190:11: Bye Bye [preauth]
Aug  2 12:11:30 myremote sshd[824252]: Disconnected from invalid user interface 185.219.127.19 port 54190 [preauth]
Aug  2 12:11:31 myremote sshd[824249]: Received disconnect from 184.18.211.199 port 44742:11: Bye Bye [preauth]
Aug  2 12:11:31 myremote sshd[824249]: Disconnected from invalid user bsp 184.18.211.199 port 44742 [preauth]
Aug  2 12:11:31 myremote sshd[824255]: Invalid user cfb from 125.74.232.57 port 51494
Aug  2 12:11:31 myremote sshd[824255]: pam_unix(sshd:auth): check pass; user unknown
Aug  2 12:11:31 myremote sshd[824255]: pam_unix(sshd:auth): authentication failure; logname= uid=0 euid=0 tty=ssh ruser= rhost=125.74.232.57 
Aug  2 12:11:32 myremote sshd[824258]: Failed password for invalid user thao from 5.42.86.119 port 40730 ssh2
Aug  2 12:11:32 myremote sshd[824258]: Received disconnect from 5.42.86.119 port 40730:11: Bye Bye [preauth]
Aug  2 12:11:32 myremote sshd[824258]: Disconnected from invalid user thao 5.42.86.119 port 40730 [preauth]
Aug  2 12:11:33 myremote sshd[824255]: Failed password for invalid user cfb from 125.74.232.57 port 51494 ssh2
Aug  2 12:11:34 myremote sshd[824255]: Received disconnect from 125.74.232.57 port 51494:11: Bye Bye [preauth]
Aug  2 12:11:34 myremote sshd[824255]: Disconnected from invalid user cfb 125.74.232.57 port 51494 [preauth]
Aug  2 12:11:34 myremote sshd[824261]: Invalid user damien from 36.46.128.39 port 48788
Aug  2 12:11:34 myremote sshd[824261]: pam_unix(sshd:auth): check pass; user unknown
Aug  2 12:11:34 myremote sshd[824261]: pam_unix(sshd:auth): authentication failure; logname= uid=0 euid=0 tty=ssh ruser= rhost=36.46.128.39 
Aug  2 12:11:36 myremote sshd[824264]: pam_unix(sshd:auth): authentication failure; logname= uid=0 euid=0 tty=ssh ruser= rhost=220.86.29.35  user=root
Aug  2 12:11:37 myremote sshd[824261]: Failed password for invalid user damien from 36.46.128.39 port 48788 ssh2
Aug  2 12:11:38 myremote sshd[824264]: Failed password for root from 220.86.29.35 port 30095 ssh2
Aug  2 12:11:38 myremote sshd[824264]: Received disconnect from 220.86.29.35 port 30095:11: Bye Bye [preauth]
Aug  2 12:11:38 myremote sshd[824264]: Disconnected from authenticating user root 220.86.29.35 port 30095 [preauth]
Aug  2 12:11:39 myremote sshd[824261]: Received disconnect from 36.46.128.39 port 48788:11: Bye Bye [preauth]
Aug  2 12:11:39 myremote sshd[824261]: Disconnected from invalid user damien 36.46.128.39 port 48788 [preauth]
Aug  2 12:11:40 myremote sshd[824270]: Invalid user bsp from 178.251.140.3 port 49801
Aug  2 12:11:40 myremote sshd[824270]: pam_unix(sshd:auth): check pass; user unknown
Aug  2 12:11:40 myremote sshd[824270]: pam_unix(sshd:auth): authentication failure; logname= uid=0 euid=0 tty=ssh ruser= rhost=178.251.140.3 
Aug  2 12:11:41 myremote sshd[824267]: pam_unix(sshd:auth): authentication failure; logname= uid=0 euid=0 tty=ssh ruser= rhost=1.71.130.206  user=root
Aug  2 12:11:42 myremote sshd[824270]: Failed password for invalid user bsp from 178.251.140.3 port 49801 ssh2
Aug  2 12:11:43 myremote sshd[824267]: Failed password for root from 1.71.130.206 port 44304 ssh2
Aug  2 12:11:44 myremote sshd[824270]: Received disconnect from 178.251.140.3 port 49801:11: Bye Bye [preauth]
Aug  2 12:11:44 myremote sshd[824270]: Disconnected from invalid user bsp 178.251.140.3 port 49801 [preauth]
Aug  2 12:11:45 myremote sshd[824273]: pam_unix(sshd:auth): authentication failure; logname= uid=0 euid=0 tty=ssh ruser= rhost=170.210.155.249  user=root
Aug  2 12:11:46 myremote sshd[824267]: Received disconnect from 1.71.130.206 port 44304:11: Bye Bye [preauth]
Aug  2 12:11:46 myremote sshd[824267]: Disconnected from authenticating user root 1.71.130.206 port 44304 [preauth]
Aug  2 12:11:47 myremote sshd[824273]: Failed password for root from 170.210.155.249 port 60773 ssh2
Aug  2 12:11:49 myremote sshd[824273]: Received disconnect from 170.210.155.249 port 60773:11: Bye Bye [preauth]
Aug  2 12:11:49 myremote sshd[824273]: Disconnected from authenticating user root 170.210.155.249 port 60773 [preauth]
Aug  2 12:11:49 myremote sshd[824276]: Invalid user sevtech from 1.9.101.178 port 36209
Aug  2 12:11:49 myremote sshd[824276]: pam_unix(sshd:auth): check pass; user unknown
Aug  2 12:11:49 myremote sshd[824276]: pam_unix(sshd:auth): authentication failure; logname= uid=0 euid=0 tty=ssh ruser= rhost=1.9.101.178 
Aug  2 12:11:50 myremote sshd[824279]: pam_unix(sshd:auth): authentication failure; logname= uid=0 euid=0 tty=ssh ruser= rhost=43.156.4.31  user=root
Aug  2 12:11:51 myremote sshd[824276]: Failed password for invalid user sevtech from 1.9.101.178 port 36209 ssh2
Aug  2 12:11:52 myremote sshd[824279]: Failed password for root from 43.156.4.31 port 57646 ssh2
Aug  2 12:11:53 myremote sshd[824276]: Received disconnect from 1.9.101.178 port 36209:11: Bye Bye [preauth]
Aug  2 12:11:53 myremote sshd[824276]: Disconnected from invalid user sevtech 1.9.101.178 port 36209 [preauth]
Aug  2 12:11:53 myremote sshd[824279]: Received disconnect from 43.156.4.31 port 57646:11: Bye Bye [preauth]
Aug  2 12:11:53 myremote sshd[824279]: Disconnected from authenticating user root 43.156.4.31 port 57646 [preauth]
Aug  2 12:12:00 myremote sshd[824282]: Invalid user thao from 188.212.96.88 port 59744
Aug  2 12:12:00 myremote sshd[824282]: pam_unix(sshd:auth): check pass; user unknown
Aug  2 12:12:00 myremote sshd[824282]: pam_unix(sshd:auth): authentication failure; logname= uid=0 euid=0 tty=ssh ruser= rhost=188.212.96.88 
Aug  2 12:12:00 myremote sshd[824285]: Invalid user damien from 51.38.112.61 port 37196
Aug  2 12:12:00 myremote sshd[824285]: pam_unix(sshd:auth): check pass; user unknown
Aug  2 12:12:00 myremote sshd[824285]: pam_unix(sshd:auth): authentication failure; logname= uid=0 euid=0 tty=ssh ruser= rhost=51.38.112.61 
Aug  2 12:12:02 myremote sshd[824282]: Failed password for invalid user thao from 188.212.96.88 port 59744 ssh2
Aug  2 12:12:02 myremote sshd[824282]: Received disconnect from 188.212.96.88 port 59744:11: Bye Bye [preauth]
Aug  2 12:12:02 myremote sshd[824282]: Disconnected from invalid user thao 188.212.96.88 port 59744 [preauth]
Aug  2 12:12:02 myremote sshd[824285]: Failed password for invalid user damien from 51.38.112.61 port 37196 ssh2
Aug  2 12:12:02 myremote sshd[824285]: Received disconnect from 51.38.112.61 port 37196:11: Bye Bye [preauth]
Aug  2 12:12:02 myremote sshd[824285]: Disconnected from invalid user damien 51.38.112.61 port 37196 [preauth]
Aug  2 12:12:05 myremote sshd[824288]: Invalid user yw from 117.89.250.248 port 47754
Aug  2 12:12:05 myremote sshd[824288]: pam_unix(sshd:auth): check pass; user unknown
Aug  2 12:12:05 myremote sshd[824288]: pam_unix(sshd:auth): authentication failure; logname= uid=0 euid=0 tty=ssh ruser= rhost=117.89.250.248 
Aug  2 12:12:07 myremote sshd[824288]: Failed password for invalid user yw from 117.89.250.248 port 47754 ssh2
Aug  2 12:12:08 myremote sshd[824291]: pam_unix(sshd:auth): authentication failure; logname= uid=0 euid=0 tty=ssh ruser= rhost=203.80.23.199  user=root
Aug  2 12:12:10 myremote sshd[824288]: Received disconnect from 117.89.250.248 port 47754:11: Bye Bye [preauth]
Aug  2 12:12:10 myremote sshd[824288]: Disconnected from invalid user yw 117.89.250.248 port 47754 [preauth]
Aug  2 12:12:10 myremote sshd[824291]: Failed password for root from 203.80.23.199 port 43550 ssh2
Aug  2 12:12:10 myremote sshd[824294]: Invalid user patrick from 185.219.127.19 port 38778
Aug  2 12:12:10 myremote sshd[824294]: pam_unix(sshd:auth): check pass; user unknown
Aug  2 12:12:10 myremote sshd[824294]: pam_unix(sshd:auth): authentication failure; logname= uid=0 euid=0 tty=ssh ruser= rhost=185.219.127.19 
Aug  2 12:12:10 myremote sshd[824291]: Received disconnect from 203.80.23.199 port 43550:11: Bye Bye [preauth]
Aug  2 12:12:10 myremote sshd[824291]: Disconnected from authenticating user root 203.80.23.199 port 43550 [preauth]
Aug  2 12:12:12 myremote sshd[824294]: Failed password for invalid user patrick from 185.219.127.19 port 38778 ssh2
Aug  2 12:12:13 myremote sshd[824294]: Received disconnect from 185.219.127.19 port 38778:11: Bye Bye [preauth]
Aug  2 12:12:13 myremote sshd[824294]: Disconnected from invalid user patrick 185.219.127.19 port 38778 [preauth]
Aug  2 12:12:14 myremote sshd[824300]: Invalid user scanner from 184.18.211.199 port 59168
Aug  2 12:12:14 myremote sshd[824300]: pam_unix(sshd:auth): check pass; user unknown
Aug  2 12:12:14 myremote sshd[824300]: pam_unix(sshd:auth): authentication failure; logname= uid=0 euid=0 tty=ssh ruser= rhost=184.18.211.199 
Aug  2 12:12:16 myremote sshd[824297]: pam_unix(sshd:auth): authentication failure; logname= uid=0 euid=0 tty=ssh ruser= rhost=125.74.232.57  user=root
Aug  2 12:12:16 myremote sshd[824300]: Failed password for invalid user scanner from 184.18.211.199 port 59168 ssh2
Aug  2 12:12:17 myremote sshd[824300]: Received disconnect from 184.18.211.199 port 59168:11: Bye Bye [preauth]
Aug  2 12:12:17 myremote sshd[824300]: Disconnected from invalid user scanner 184.18.211.199 port 59168 [preauth]
Aug  2 12:12:18 myremote sshd[824297]: Failed password for root from 125.74.232.57 port 60492 ssh2
Aug  2 12:12:19 myremote sshd[824303]: Invalid user sai from 5.42.86.119 port 46706
Aug  2 12:12:19 myremote sshd[824303]: pam_unix(sshd:auth): check pass; user unknown
Aug  2 12:12:19 myremote sshd[824303]: pam_unix(sshd:auth): authentication failure; logname= uid=0 euid=0 tty=ssh ruser= rhost=5.42.86.119 
Aug  2 12:12:20 myremote sshd[824306]: pam_unix(sshd:auth): authentication failure; logname= uid=0 euid=0 tty=ssh ruser= rhost=210.59.205.48  user=root
Aug  2 12:12:21 myremote sshd[824297]: Received disconnect from 125.74.232.57 port 60492:11: Bye Bye [preauth]
Aug  2 12:12:21 myremote sshd[824297]: Disconnected from authenticating user root 125.74.232.57 port 60492 [preauth]
Aug  2 12:12:21 myremote sshd[824303]: Failed password for invalid user sai from 5.42.86.119 port 46706 ssh2
Aug  2 12:12:22 myremote sshd[824306]: Failed password for root from 210.59.205.48 port 40798 ssh2
Aug  2 12:12:22 myremote sshd[824303]: Received disconnect from 5.42.86.119 port 46706:11: Bye Bye [preauth]
Aug  2 12:12:22 myremote sshd[824303]: Disconnected from invalid user sai 5.42.86.119 port 46706 [preauth]
Aug  2 12:12:23 myremote sshd[824306]: Received disconnect from 210.59.205.48 port 40798:11: Bye Bye [preauth]
Aug  2 12:12:23 myremote sshd[824306]: Disconnected from authenticating user root 210.59.205.48 port 40798 [preauth]
Aug  2 12:12:25 myremote sshd[824309]: Invalid user guest from 113.125.153.122 port 39884
Aug  2 12:12:25 myremote sshd[824309]: pam_unix(sshd:auth): check pass; user unknown
Aug  2 12:12:25 myremote sshd[824309]: pam_unix(sshd:auth): authentication failure; logname= uid=0 euid=0 tty=ssh ruser= rhost=113.125.153.122 
Aug  2 12:12:26 myremote sshd[824309]: Failed password for invalid user guest from 113.125.153.122 port 39884 ssh2
Aug  2 12:12:27 myremote sshd[824309]: Received disconnect from 113.125.153.122 port 39884:11: Bye Bye [preauth]
Aug  2 12:12:27 myremote sshd[824309]: Disconnected from invalid user guest 113.125.153.122 port 39884 [preauth]
Aug  2 12:12:29 myremote sshd[824315]: pam_unix(sshd:auth): authentication failure; logname= uid=0 euid=0 tty=ssh ruser= rhost=36.46.128.39  user=root
Aug  2 12:12:29 myremote sshd[824318]: pam_unix(sshd:auth): authentication failure; logname= uid=0 euid=0 tty=ssh ruser= rhost=220.86.29.35  user=root
Aug  2 12:12:30 myremote sshd[824312]: Invalid user interface from 1.71.130.206 port 56212
Aug  2 12:12:30 myremote sshd[824312]: pam_unix(sshd:auth): check pass; user unknown
Aug  2 12:12:30 myremote sshd[824312]: pam_unix(sshd:auth): authentication failure; logname= uid=0 euid=0 tty=ssh ruser= rhost=1.71.130.206 
Aug  2 12:12:31 myremote sshd[824315]: Failed password for root from 36.46.128.39 port 60522 ssh2
Aug  2 12:12:31 myremote sshd[824318]: Failed password for root from 220.86.29.35 port 38377 ssh2
Aug  2 12:12:32 myremote sshd[824321]: Connection closed by 178.251.140.3 port 52377 [preauth]
Aug  2 12:12:32 myremote sshd[824312]: Failed password for invalid user interface from 1.71.130.206 port 56212 ssh2
Aug  2 12:12:33 myremote sshd[824315]: Received disconnect from 36.46.128.39 port 60522:11: Bye Bye [preauth]
Aug  2 12:12:33 myremote sshd[824315]: Disconnected from authenticating user root 36.46.128.39 port 60522 [preauth]
Aug  2 12:12:33 myremote sshd[824312]: Received disconnect from 1.71.130.206 port 56212:11: Bye Bye [preauth]
Aug  2 12:12:33 myremote sshd[824312]: Disconnected from invalid user interface 1.71.130.206 port 56212 [preauth]
Aug  2 12:12:34 myremote sshd[824318]: Received disconnect from 220.86.29.35 port 38377:11: Bye Bye [preauth]
Aug  2 12:12:34 myremote sshd[824318]: Disconnected from authenticating user root 220.86.29.35 port 38377 [preauth]
Aug  2 12:12:34 myremote sshd[824324]: pam_unix(sshd:auth): authentication failure; logname= uid=0 euid=0 tty=ssh ruser= rhost=167.71.220.19  user=root
Aug  2 12:12:36 myremote sshd[824324]: Failed password for root from 167.71.220.19 port 45316 ssh2
Aug  2 12:12:39 myremote sshd[824327]: Invalid user thao from 1.9.101.178 port 43398
Aug  2 12:12:39 myremote sshd[824327]: pam_unix(sshd:auth): check pass; user unknown
Aug  2 12:12:39 myremote sshd[824327]: pam_unix(sshd:auth): authentication failure; logname= uid=0 euid=0 tty=ssh ruser= rhost=1.9.101.178 
Aug  2 12:12:39 myremote sshd[824324]: Received disconnect from 167.71.220.19 port 45316:11: Bye Bye [preauth]
Aug  2 12:12:39 myremote sshd[824324]: Disconnected from authenticating user root 167.71.220.19 port 45316 [preauth]
Aug  2 12:12:39 myremote sshd[824330]: Invalid user rstudio from 43.156.4.31 port 43508
Aug  2 12:12:39 myremote sshd[824330]: pam_unix(sshd:auth): check pass; user unknown
Aug  2 12:12:39 myremote sshd[824330]: pam_unix(sshd:auth): authentication failure; logname= uid=0 euid=0 tty=ssh ruser= rhost=43.156.4.31 
Aug  2 12:12:41 myremote sshd[824327]: Failed password for invalid user thao from 1.9.101.178 port 43398 ssh2
Aug  2 12:12:41 myremote sshd[824327]: Received disconnect from 1.9.101.178 port 43398:11: Bye Bye [preauth]
Aug  2 12:12:41 myremote sshd[824327]: Disconnected from invalid user thao 1.9.101.178 port 43398 [preauth]
Aug  2 12:12:41 myremote sshd[824330]: Failed password for invalid user rstudio from 43.156.4.31 port 43508 ssh2
Aug  2 12:12:43 myremote sshd[824330]: Received disconnect from 43.156.4.31 port 43508:11: Bye Bye [preauth]
Aug  2 12:12:43 myremote sshd[824330]: Disconnected from invalid user rstudio 43.156.4.31 port 43508 [preauth]
Aug  2 12:12:46 myremote sshd[824333]: Invalid user sai from 51.38.112.61 port 50092
Aug  2 12:12:46 myremote sshd[824333]: pam_unix(sshd:auth): check pass; user unknown
Aug  2 12:12:46 myremote sshd[824333]: pam_unix(sshd:auth): authentication failure; logname= uid=0 euid=0 tty=ssh ruser= rhost=51.38.112.61 
Aug  2 12:12:46 myremote sshd[824336]: pam_unix(sshd:auth): authentication failure; logname= uid=0 euid=0 tty=ssh ruser= rhost=170.210.155.249  user=root
Aug  2 12:12:48 myremote sshd[824333]: Failed password for invalid user sai from 51.38.112.61 port 50092 ssh2
Aug  2 12:12:49 myremote sshd[824336]: Failed password for root from 170.210.155.249 port 39688 ssh2
Aug  2 12:12:49 myremote sshd[824333]: Received disconnect from 51.38.112.61 port 50092:11: Bye Bye [preauth]
Aug  2 12:12:49 myremote sshd[824333]: Disconnected from invalid user sai 51.38.112.61 port 50092 [preauth]
Aug  2 12:12:51 myremote sshd[824336]: Received disconnect from 170.210.155.249 port 39688:11: Bye Bye [preauth]
Aug  2 12:12:51 myremote sshd[824336]: Disconnected from authenticating user root 170.210.155.249 port 39688 [preauth]
Aug  2 12:12:53 myremote sshd[824339]: Invalid user marcos from 125.74.232.57 port 41250
Aug  2 12:12:53 myremote sshd[824339]: pam_unix(sshd:auth): check pass; user unknown
Aug  2 12:12:53 myremote sshd[824339]: pam_unix(sshd:auth): authentication failure; logname= uid=0 euid=0 tty=ssh ruser= rhost=125.74.232.57 
Aug  2 12:12:56 myremote sshd[824339]: Failed password for invalid user marcos from 125.74.232.57 port 41250 ssh2
Aug  2 12:12:57 myremote sshd[824342]: pam_unix(sshd:auth): authentication failure; logname= uid=0 euid=0 tty=ssh ruser= rhost=185.219.127.19  user=root
Aug  2 12:12:58 myremote sshd[824339]: Received disconnect from 125.74.232.57 port 41250:11: Bye Bye [preauth]
Aug  2 12:12:58 myremote sshd[824339]: Disconnected from invalid user marcos 125.74.232.57 port 41250 [preauth]
Aug  2 12:12:59 myremote sshd[824345]: Invalid user webapps from 184.18.211.199 port 45360
Aug  2 12:12:59 myremote sshd[824345]: pam_unix(sshd:auth): check pass; user unknown
Aug  2 12:12:59 myremote sshd[824345]: pam_unix(sshd:auth): authentication failure; logname= uid=0 euid=0 tty=ssh ruser= rhost=184.18.211.199 
Aug  2 12:13:00 myremote sshd[824342]: Failed password for root from 185.219.127.19 port 43678 ssh2
Aug  2 12:13:01 myremote sshd[824345]: Failed password for invalid user webapps from 184.18.211.199 port 45360 ssh2
Aug  2 12:13:01 myremote sshd[824345]: Received disconnect from 184.18.211.199 port 45360:11: Bye Bye [preauth]
Aug  2 12:13:01 myremote sshd[824345]: Disconnected from invalid user webapps 184.18.211.199 port 45360 [preauth]
Aug  2 12:13:02 myremote sshd[824342]: Received disconnect from 185.219.127.19 port 43678:11: Bye Bye [preauth]
Aug  2 12:13:02 myremote sshd[824342]: Disconnected from authenticating user root 185.219.127.19 port 43678 [preauth]
Aug  2 12:13:03 myremote sshd[824348]: Invalid user damien from 188.212.96.88 port 55898
Aug  2 12:13:03 myremote sshd[824348]: pam_unix(sshd:auth): check pass; user unknown
Aug  2 12:13:03 myremote sshd[824348]: pam_unix(sshd:auth): authentication failure; logname= uid=0 euid=0 tty=ssh ruser= rhost=188.212.96.88 
Aug  2 12:13:04 myremote sshd[824351]: pam_unix(sshd:auth): authentication failure; logname= uid=0 euid=0 tty=ssh ruser= rhost=5.42.86.119  user=root
Aug  2 12:13:05 myremote sshd[824348]: Failed password for invalid user damien from 188.212.96.88 port 55898 ssh2
Aug  2 12:13:07 myremote sshd[824351]: Failed password for root from 5.42.86.119 port 48666 ssh2
Aug  2 12:13:07 myremote sshd[824348]: Received disconnect from 188.212.96.88 port 55898:11: Bye Bye [preauth]
Aug  2 12:13:07 myremote sshd[824348]: Disconnected from invalid user damien 188.212.96.88 port 55898 [preauth]
Aug  2 12:13:09 myremote sshd[824351]: Received disconnect from 5.42.86.119 port 48666:11: Bye Bye [preauth]
Aug  2 12:13:09 myremote sshd[824351]: Disconnected from authenticating user root 5.42.86.119 port 48666 [preauth]
Aug  2 12:13:12 myremote sshd[824354]: Invalid user rstudio from 1.71.130.206 port 39882
Aug  2 12:13:12 myremote sshd[824354]: pam_unix(sshd:auth): check pass; user unknown
Aug  2 12:13:12 myremote sshd[824354]: pam_unix(sshd:auth): authentication failure; logname= uid=0 euid=0 tty=ssh ruser= rhost=1.71.130.206 
Aug  2 12:13:14 myremote sshd[824354]: Failed password for invalid user rstudio from 1.71.130.206 port 39882 ssh2
Aug  2 12:13:16 myremote sshd[824354]: Received disconnect from 1.71.130.206 port 39882:11: Bye Bye [preauth]
Aug  2 12:13:16 myremote sshd[824354]: Disconnected from invalid user rstudio 1.71.130.206 port 39882 [preauth]
Aug  2 12:13:17 myremote sshd[824357]: Invalid user thao from 203.80.23.199 port 58722
Aug  2 12:13:18 myremote sshd[824357]: pam_unix(sshd:auth): check pass; user unknown
Aug  2 12:13:18 myremote sshd[824357]: pam_unix(sshd:auth): authentication failure; logname= uid=0 euid=0 tty=ssh ruser= rhost=203.80.23.199 
Aug  2 12:13:20 myremote sshd[824357]: Failed password for invalid user thao from 203.80.23.199 port 58722 ssh2
Aug  2 12:13:22 myremote sshd[824360]: Invalid user admin from 36.46.128.39 port 44026
Aug  2 12:13:22 myremote sshd[824360]: pam_unix(sshd:auth): check pass; user unknown
Aug  2 12:13:22 myremote sshd[824360]: pam_unix(sshd:auth): authentication failure; logname= uid=0 euid=0 tty=ssh ruser= rhost=36.46.128.39 
Aug  2 12:13:22 myremote sshd[824357]: Received disconnect from 203.80.23.199 port 58722:11: Bye Bye [preauth]
Aug  2 12:13:22 myremote sshd[824357]: Disconnected from invalid user thao 203.80.23.199 port 58722 [preauth]
Aug  2 12:13:24 myremote sshd[824360]: Failed password for invalid user admin from 36.46.128.39 port 44026 ssh2
Aug  2 12:13:25 myremote sshd[824363]: pam_unix(sshd:auth): authentication failure; logname= uid=0 euid=0 tty=ssh ruser= rhost=113.125.153.122  user=root
Aug  2 12:13:25 myremote sshd[824360]: Received disconnect from 36.46.128.39 port 44026:11: Bye Bye [preauth]
Aug  2 12:13:25 myremote sshd[824360]: Disconnected from invalid user admin 36.46.128.39 port 44026 [preauth]
Aug  2 12:13:26 myremote sshd[824366]: Invalid user jingjing from 220.86.29.35 port 46661
Aug  2 12:13:26 myremote sshd[824366]: pam_unix(sshd:auth): check pass; user unknown
Aug  2 12:13:26 myremote sshd[824366]: pam_unix(sshd:auth): authentication failure; logname= uid=0 euid=0 tty=ssh ruser= rhost=220.86.29.35 
Aug  2 12:13:27 myremote sshd[824363]: Failed password for root from 113.125.153.122 port 54130 ssh2
Aug  2 12:13:27 myremote sshd[824369]: Invalid user admin from 43.156.4.31 port 57598
Aug  2 12:13:27 myremote sshd[824369]: pam_unix(sshd:auth): check pass; user unknown
Aug  2 12:13:27 myremote sshd[824369]: pam_unix(sshd:auth): authentication failure; logname= uid=0 euid=0 tty=ssh ruser= rhost=43.156.4.31 
Aug  2 12:13:28 myremote sshd[824366]: Failed password for invalid user jingjing from 220.86.29.35 port 46661 ssh2
Aug  2 12:13:29 myremote sshd[824366]: Received disconnect from 220.86.29.35 port 46661:11: Bye Bye [preauth]
Aug  2 12:13:29 myremote sshd[824366]: Disconnected from invalid user jingjing 220.86.29.35 port 46661 [preauth]
Aug  2 12:13:30 myremote sshd[824372]: Invalid user celine from 1.9.101.178 port 50586
Aug  2 12:13:30 myremote sshd[824372]: pam_unix(sshd:auth): check pass; user unknown
Aug  2 12:13:30 myremote sshd[824372]: pam_unix(sshd:auth): authentication failure; logname= uid=0 euid=0 tty=ssh ruser= rhost=1.9.101.178 
Aug  2 12:13:30 myremote sshd[824369]: Failed password for invalid user admin from 43.156.4.31 port 57598 ssh2
Aug  2 12:13:31 myremote sshd[824363]: Received disconnect from 113.125.153.122 port 54130:11: Bye Bye [preauth]
Aug  2 12:13:31 myremote sshd[824363]: Disconnected from authenticating user root 113.125.153.122 port 54130 [preauth]
Aug  2 12:13:31 myremote sshd[824372]: Failed password for invalid user celine from 1.9.101.178 port 50586 ssh2
Aug  2 12:13:31 myremote sshd[824369]: Received disconnect from 43.156.4.31 port 57598:11: Bye Bye [preauth]
Aug  2 12:13:31 myremote sshd[824369]: Disconnected from invalid user admin 43.156.4.31 port 57598 [preauth]
Aug  2 12:13:31 myremote sshd[824375]: Invalid user sevtech from 51.38.112.61 port 38232
Aug  2 12:13:31 myremote sshd[824375]: pam_unix(sshd:auth): check pass; user unknown
Aug  2 12:13:31 myremote sshd[824375]: pam_unix(sshd:auth): authentication failure; logname= uid=0 euid=0 tty=ssh ruser= rhost=51.38.112.61 
Aug  2 12:13:33 myremote sshd[824378]: pam_unix(sshd:auth): authentication failure; logname= uid=0 euid=0 tty=ssh ruser= rhost=125.74.232.57  user=root
Aug  2 12:13:33 myremote sshd[824372]: Received disconnect from 1.9.101.178 port 50586:11: Bye Bye [preauth]
Aug  2 12:13:33 myremote sshd[824372]: Disconnected from invalid user celine 1.9.101.178 port 50586 [preauth]
Aug  2 12:13:33 myremote sshd[824375]: Failed password for invalid user sevtech from 51.38.112.61 port 38232 ssh2
Aug  2 12:13:35 myremote sshd[824378]: Failed password for root from 125.74.232.57 port 50246 ssh2
Aug  2 12:13:35 myremote sshd[824375]: Received disconnect from 51.38.112.61 port 38232:11: Bye Bye [preauth]
Aug  2 12:13:35 myremote sshd[824375]: Disconnected from invalid user sevtech 51.38.112.61 port 38232 [preauth]
Aug  2 12:13:35 myremote sshd[824381]: pam_unix(sshd:auth): authentication failure; logname= uid=0 euid=0 tty=ssh ruser= rhost=210.59.205.48  user=root
Aug  2 12:13:35 myremote sshd[824378]: Received disconnect from 125.74.232.57 port 50246:11: Bye Bye [preauth]
Aug  2 12:13:35 myremote sshd[824378]: Disconnected from authenticating user root 125.74.232.57 port 50246 [preauth]
Aug  2 12:13:37 myremote sshd[824381]: Failed password for root from 210.59.205.48 port 52402 ssh2
Aug  2 12:13:40 myremote sshd[824381]: Received disconnect from 210.59.205.48 port 52402:11: Bye Bye [preauth]
Aug  2 12:13:40 myremote sshd[824381]: Disconnected from authenticating user root 210.59.205.48 port 52402 [preauth]
Aug  2 12:13:44 myremote sshd[824387]: pam_unix(sshd:auth): authentication failure; logname= uid=0 euid=0 tty=ssh ruser= rhost=184.18.211.199  user=root
Aug  2 12:13:44 myremote sshd[824384]: pam_unix(sshd:auth): authentication failure; logname= uid=0 euid=0 tty=ssh ruser= rhost=185.219.127.19  user=root
Aug  2 12:13:46 myremote sshd[824390]: pam_unix(sshd:auth): authentication failure; logname= uid=0 euid=0 tty=ssh ruser= rhost=167.71.220.19  user=root
Aug  2 12:13:46 myremote sshd[824387]: Failed password for root from 184.18.211.199 port 59780 ssh2
Aug  2 12:13:47 myremote sshd[824384]: Failed password for root from 185.219.127.19 port 40430 ssh2
Aug  2 12:13:48 myremote sshd[824390]: Failed password for root from 167.71.220.19 port 43160 ssh2
Aug  2 12:13:48 myremote sshd[824387]: Received disconnect from 184.18.211.199 port 59780:11: Bye Bye [preauth]
Aug  2 12:13:48 myremote sshd[824387]: Disconnected from authenticating user root 184.18.211.199 port 59780 [preauth]
Aug  2 12:13:49 myremote sshd[824384]: Received disconnect from 185.219.127.19 port 40430:11: Bye Bye [preauth]
Aug  2 12:13:49 myremote sshd[824384]: Disconnected from authenticating user root 185.219.127.19 port 40430 [preauth]
Aug  2 12:13:50 myremote sshd[824399]: Invalid user thao from 170.210.155.249 port 46831
Aug  2 12:13:50 myremote sshd[824399]: pam_unix(sshd:auth): check pass; user unknown
Aug  2 12:13:50 myremote sshd[824399]: pam_unix(sshd:auth): authentication failure; logname= uid=0 euid=0 tty=ssh ruser= rhost=170.210.155.249 
Aug  2 12:13:50 myremote sshd[824396]: Invalid user rstudio from 5.42.86.119 port 34220
Aug  2 12:13:50 myremote sshd[824396]: pam_unix(sshd:auth): check pass; user unknown
Aug  2 12:13:50 myremote sshd[824396]: pam_unix(sshd:auth): authentication failure; logname= uid=0 euid=0 tty=ssh ruser= rhost=5.42.86.119 
Aug  2 12:13:50 myremote sshd[824390]: Received disconnect from 167.71.220.19 port 43160:11: Bye Bye [preauth]
Aug  2 12:13:50 myremote sshd[824390]: Disconnected from authenticating user root 167.71.220.19 port 43160 [preauth]
Aug  2 12:13:51 myremote sshd[824393]: pam_unix(sshd:auth): authentication failure; logname= uid=0 euid=0 tty=ssh ruser= rhost=117.89.250.248  user=root
Aug  2 12:13:52 myremote sshd[824399]: Failed password for invalid user thao from 170.210.155.249 port 46831 ssh2
Aug  2 12:13:52 myremote sshd[824396]: Failed password for invalid user rstudio from 5.42.86.119 port 34220 ssh2
Aug  2 12:13:54 myremote sshd[824393]: Failed password for root from 117.89.250.248 port 33200 ssh2
Aug  2 12:13:54 myremote sshd[824396]: Received disconnect from 5.42.86.119 port 34220:11: Bye Bye [preauth]
Aug  2 12:13:54 myremote sshd[824396]: Disconnected from invalid user rstudio 5.42.86.119 port 34220 [preauth]
Aug  2 12:13:54 myremote sshd[824399]: Received disconnect from 170.210.155.249 port 46831:11: Bye Bye [preauth]
Aug  2 12:13:54 myremote sshd[824399]: Disconnected from invalid user thao 170.210.155.249 port 46831 [preauth]
Aug  2 12:13:56 myremote sshd[824402]: Invalid user thao from 178.251.140.3 port 57517
Aug  2 12:13:56 myremote sshd[824402]: pam_unix(sshd:auth): check pass; user unknown
Aug  2 12:13:56 myremote sshd[824402]: pam_unix(sshd:auth): authentication failure; logname= uid=0 euid=0 tty=ssh ruser= rhost=178.251.140.3 
Aug  2 12:13:56 myremote sshd[824393]: Received disconnect from 117.89.250.248 port 33200:11: Bye Bye [preauth]
Aug  2 12:13:56 myremote sshd[824393]: Disconnected from authenticating user root 117.89.250.248 port 33200 [preauth]
Aug  2 12:13:57 myremote sshd[824402]: Failed password for invalid user thao from 178.251.140.3 port 57517 ssh2
Aug  2 12:13:58 myremote sshd[824402]: Received disconnect from 178.251.140.3 port 57517:11: Bye Bye [preauth]
Aug  2 12:13:58 myremote sshd[824402]: Disconnected from invalid user thao 178.251.140.3 port 57517 [preauth]
Aug  2 12:14:00 myremote sshd[824405]: Invalid user za from 1.71.130.206 port 51788
Aug  2 12:14:00 myremote sshd[824405]: pam_unix(sshd:auth): check pass; user unknown
Aug  2 12:14:00 myremote sshd[824405]: pam_unix(sshd:auth): authentication failure; logname= uid=0 euid=0 tty=ssh ruser= rhost=1.71.130.206 
Aug  2 12:14:02 myremote sshd[824405]: Failed password for invalid user za from 1.71.130.206 port 51788 ssh2
Aug  2 12:14:03 myremote sshd[824405]: Received disconnect from 1.71.130.206 port 51788:11: Bye Bye [preauth]
Aug  2 12:14:03 myremote sshd[824405]: Disconnected from invalid user za 1.71.130.206 port 51788 [preauth]
Aug  2 12:14:09 myremote sshd[824408]: Invalid user admin from 188.212.96.88 port 53082
Aug  2 12:14:09 myremote sshd[824408]: pam_unix(sshd:auth): check pass; user unknown
Aug  2 12:14:09 myremote sshd[824408]: pam_unix(sshd:auth): authentication failure; logname= uid=0 euid=0 tty=ssh ruser= rhost=188.212.96.88 
Aug  2 12:14:10 myremote sshd[824408]: Failed password for invalid user admin from 188.212.96.88 port 53082 ssh2
Aug  2 12:14:12 myremote sshd[824408]: Received disconnect from 188.212.96.88 port 53082:11: Bye Bye [preauth]
Aug  2 12:14:12 myremote sshd[824408]: Disconnected from invalid user admin 188.212.96.88 port 53082 [preauth]
Aug  2 12:14:14 myremote sshd[824411]: pam_unix(sshd:auth): authentication failure; logname= uid=0 euid=0 tty=ssh ruser= rhost=36.46.128.39  user=root
Aug  2 12:14:16 myremote sshd[824417]: pam_unix(sshd:auth): authentication failure; logname= uid=0 euid=0 tty=ssh ruser= rhost=51.38.112.61  user=root
Aug  2 12:14:16 myremote sshd[824414]: Invalid user bsp from 125.74.232.57 port 59240
Aug  2 12:14:16 myremote sshd[824414]: pam_unix(sshd:auth): check pass; user unknown
Aug  2 12:14:16 myremote sshd[824414]: pam_unix(sshd:auth): authentication failure; logname= uid=0 euid=0 tty=ssh ruser= rhost=125.74.232.57 
Aug  2 12:14:16 myremote sshd[824411]: Failed password for root from 36.46.128.39 port 55768 ssh2
Aug  2 12:14:18 myremote sshd[824417]: Failed password for root from 51.38.112.61 port 36074 ssh2
Aug  2 12:14:18 myremote sshd[824414]: Failed password for invalid user bsp from 125.74.232.57 port 59240 ssh2
Aug  2 12:14:18 myremote sshd[824420]: pam_unix(sshd:auth): authentication failure; logname= uid=0 euid=0 tty=ssh ruser= rhost=43.156.4.31  user=root
Aug  2 12:14:19 myremote sshd[824411]: Received disconnect from 36.46.128.39 port 55768:11: Bye Bye [preauth]
Aug  2 12:14:19 myremote sshd[824411]: Disconnected from authenticating user root 36.46.128.39 port 55768 [preauth]
Aug  2 12:14:20 myremote sshd[824414]: Received disconnect from 125.74.232.57 port 59240:11: Bye Bye [preauth]
Aug  2 12:14:20 myremote sshd[824414]: Disconnected from invalid user bsp 125.74.232.57 port 59240 [preauth]
Aug  2 12:14:20 myremote sshd[824417]: Received disconnect from 51.38.112.61 port 36074:11: Bye Bye [preauth]
Aug  2 12:14:20 myremote sshd[824417]: Disconnected from authenticating user root 51.38.112.61 port 36074 [preauth]
Aug  2 12:14:20 myremote sshd[824420]: Failed password for root from 43.156.4.31 port 43462 ssh2
Aug  2 12:14:21 myremote sshd[824423]: Invalid user sugar from 220.86.29.35 port 54943
Aug  2 12:14:21 myremote sshd[824423]: pam_unix(sshd:auth): check pass; user unknown
Aug  2 12:14:21 myremote sshd[824423]: pam_unix(sshd:auth): authentication failure; logname= uid=0 euid=0 tty=ssh ruser= rhost=220.86.29.35 
Aug  2 12:14:21 myremote sshd[824420]: Received disconnect from 43.156.4.31 port 43462:11: Bye Bye [preauth]
Aug  2 12:14:21 myremote sshd[824420]: Disconnected from authenticating user root 43.156.4.31 port 43462 [preauth]
Aug  2 12:14:21 myremote sshd[824426]: Invalid user cfb from 1.9.101.178 port 57774
Aug  2 12:14:21 myremote sshd[824426]: pam_unix(sshd:auth): check pass; user unknown
Aug  2 12:14:21 myremote sshd[824426]: pam_unix(sshd:auth): authentication failure; logname= uid=0 euid=0 tty=ssh ruser= rhost=1.9.101.178 
Aug  2 12:14:23 myremote sshd[824423]: Failed password for invalid user sugar from 220.86.29.35 port 54943 ssh2
Aug  2 12:14:23 myremote sshd[824426]: Failed password for invalid user cfb from 1.9.101.178 port 57774 ssh2
Aug  2 12:14:23 myremote sshd[824423]: Received disconnect from 220.86.29.35 port 54943:11: Bye Bye [preauth]
Aug  2 12:14:23 myremote sshd[824423]: Disconnected from invalid user sugar 220.86.29.35 port 54943 [preauth]
Aug  2 12:14:23 myremote sshd[824426]: Received disconnect from 1.9.101.178 port 57774:11: Bye Bye [preauth]
Aug  2 12:14:23 myremote sshd[824426]: Disconnected from invalid user cfb 1.9.101.178 port 57774 [preauth]
Aug  2 12:14:28 myremote sshd[824429]: Invalid user osboxes from 113.125.153.122 port 40146
Aug  2 12:14:28 myremote sshd[824429]: pam_unix(sshd:auth): check pass; user unknown
Aug  2 12:14:28 myremote sshd[824429]: pam_unix(sshd:auth): authentication failure; logname= uid=0 euid=0 tty=ssh ruser= rhost=113.125.153.122 
Aug  2 12:14:29 myremote sshd[824432]: Invalid user scanner from 185.219.127.19 port 56490
Aug  2 12:14:29 myremote sshd[824432]: pam_unix(sshd:auth): check pass; user unknown
Aug  2 12:14:29 myremote sshd[824432]: pam_unix(sshd:auth): authentication failure; logname= uid=0 euid=0 tty=ssh ruser= rhost=185.219.127.19 
Aug  2 12:14:29 myremote sshd[824435]: Invalid user damien from 184.18.211.199 port 45978
Aug  2 12:14:29 myremote sshd[824435]: pam_unix(sshd:auth): check pass; user unknown
Aug  2 12:14:29 myremote sshd[824435]: pam_unix(sshd:auth): authentication failure; logname= uid=0 euid=0 tty=ssh ruser= rhost=184.18.211.199 
Aug  2 12:14:30 myremote sshd[824429]: Failed password for invalid user osboxes from 113.125.153.122 port 40146 ssh2
Aug  2 12:14:31 myremote sshd[824438]: Invalid user rstudio from 203.80.23.199 port 45666
Aug  2 12:14:31 myremote sshd[824438]: pam_unix(sshd:auth): check pass; user unknown
Aug  2 12:14:31 myremote sshd[824438]: pam_unix(sshd:auth): authentication failure; logname= uid=0 euid=0 tty=ssh ruser= rhost=203.80.23.199 
Aug  2 12:14:31 myremote sshd[824432]: Failed password for invalid user scanner from 185.219.127.19 port 56490 ssh2
Aug  2 12:14:32 myremote sshd[824435]: Failed password for invalid user damien from 184.18.211.199 port 45978 ssh2
Aug  2 12:14:32 myremote sshd[824432]: Received disconnect from 185.219.127.19 port 56490:11: Bye Bye [preauth]
Aug  2 12:14:32 myremote sshd[824432]: Disconnected from invalid user scanner 185.219.127.19 port 56490 [preauth]
Aug  2 12:14:32 myremote sshd[824438]: Failed password for invalid user rstudio from 203.80.23.199 port 45666 ssh2
Aug  2 12:14:33 myremote sshd[824438]: Received disconnect from 203.80.23.199 port 45666:11: Bye Bye [preauth]
Aug  2 12:14:33 myremote sshd[824438]: Disconnected from invalid user rstudio 203.80.23.199 port 45666 [preauth]
Aug  2 12:14:33 myremote sshd[824429]: Received disconnect from 113.125.153.122 port 40146:11: Bye Bye [preauth]
Aug  2 12:14:33 myremote sshd[824429]: Disconnected from invalid user osboxes 113.125.153.122 port 40146 [preauth]
Aug  2 12:14:33 myremote sshd[824435]: Received disconnect from 184.18.211.199 port 45978:11: Bye Bye [preauth]
Aug  2 12:14:33 myremote sshd[824435]: Disconnected from invalid user damien 184.18.211.199 port 45978 [preauth]
Aug  2 12:14:34 myremote sshd[824441]: Invalid user celine from 5.42.86.119 port 36968
Aug  2 12:14:34 myremote sshd[824441]: pam_unix(sshd:auth): check pass; user unknown
Aug  2 12:14:34 myremote sshd[824441]: pam_unix(sshd:auth): authentication failure; logname= uid=0 euid=0 tty=ssh ruser= rhost=5.42.86.119 
Aug  2 12:14:35 myremote sshd[824441]: Failed password for invalid user celine from 5.42.86.119 port 36968 ssh2
Aug  2 12:14:37 myremote sshd[824441]: Received disconnect from 5.42.86.119 port 36968:11: Bye Bye [preauth]
Aug  2 12:14:37 myremote sshd[824441]: Disconnected from invalid user celine 5.42.86.119 port 36968 [preauth]
Aug  2 12:14:41 myremote sshd[824444]: pam_unix(sshd:auth): authentication failure; logname= uid=0 euid=0 tty=ssh ruser= rhost=178.251.140.3  user=root
Aug  2 12:14:43 myremote sshd[824444]: Failed password for root from 178.251.140.3 port 60093 ssh2
Aug  2 12:14:45 myremote sshd[824444]: Received disconnect from 178.251.140.3 port 60093:11: Bye Bye [preauth]
Aug  2 12:14:45 myremote sshd[824444]: Disconnected from authenticating user root 178.251.140.3 port 60093 [preauth]
Aug  2 12:14:46 myremote sshd[824447]: pam_unix(sshd:auth): authentication failure; logname= uid=0 euid=0 tty=ssh ruser= rhost=1.71.130.206  user=root
Aug  2 12:14:48 myremote sshd[824447]: Failed password for root from 1.71.130.206 port 35460 ssh2
Aug  2 12:14:49 myremote sshd[824447]: Received disconnect from 1.71.130.206 port 35460:11: Bye Bye [preauth]
Aug  2 12:14:49 myremote sshd[824447]: Disconnected from authenticating user root 1.71.130.206 port 35460 [preauth]
Aug  2 12:14:51 myremote sshd[824450]: Invalid user nils from 210.59.205.48 port 35774
Aug  2 12:14:51 myremote sshd[824450]: pam_unix(sshd:auth): check pass; user unknown
Aug  2 12:14:51 myremote sshd[824450]: pam_unix(sshd:auth): authentication failure; logname= uid=0 euid=0 tty=ssh ruser= rhost=210.59.205.48 
Aug  2 12:14:53 myremote sshd[824453]: Invalid user interface from 170.210.155.249 port 53974
Aug  2 12:14:53 myremote sshd[824453]: pam_unix(sshd:auth): check pass; user unknown
Aug  2 12:14:53 myremote sshd[824453]: pam_unix(sshd:auth): authentication failure; logname= uid=0 euid=0 tty=ssh ruser= rhost=170.210.155.249 
Aug  2 12:14:53 myremote sshd[824450]: Failed password for invalid user nils from 210.59.205.48 port 35774 ssh2
Aug  2 12:14:55 myremote sshd[824453]: Failed password for invalid user interface from 170.210.155.249 port 53974 ssh2
Aug  2 12:14:55 myremote sshd[824453]: Received disconnect from 170.210.155.249 port 53974:11: Bye Bye [preauth]
Aug  2 12:14:55 myremote sshd[824453]: Disconnected from invalid user interface 170.210.155.249 port 53974 [preauth]
Aug  2 12:14:55 myremote sshd[824450]: Received disconnect from 210.59.205.48 port 35774:11: Bye Bye [preauth]
Aug  2 12:14:55 myremote sshd[824450]: Disconnected from invalid user nils 210.59.205.48 port 35774 [preauth]
Aug  2 12:14:57 myremote sshd[824456]: Invalid user marcos from 51.38.112.61 port 45462
Aug  2 12:14:57 myremote sshd[824456]: pam_unix(sshd:auth): check pass; user unknown
Aug  2 12:14:57 myremote sshd[824456]: pam_unix(sshd:auth): authentication failure; logname= uid=0 euid=0 tty=ssh ruser= rhost=51.38.112.61 
Aug  2 12:14:59 myremote sshd[824459]: Invalid user patrick from 125.74.232.57 port 40006
Aug  2 12:14:59 myremote sshd[824459]: pam_unix(sshd:auth): check pass; user unknown
Aug  2 12:14:59 myremote sshd[824459]: pam_unix(sshd:auth): authentication failure; logname= uid=0 euid=0 tty=ssh ruser= rhost=125.74.232.57 
Aug  2 12:14:59 myremote sshd[824456]: Failed password for invalid user marcos from 51.38.112.61 port 45462 ssh2
Aug  2 12:15:00 myremote sshd[824456]: Received disconnect from 51.38.112.61 port 45462:11: Bye Bye [preauth]
Aug  2 12:15:00 myremote sshd[824456]: Disconnected from invalid user marcos 51.38.112.61 port 45462 [preauth]
Aug  2 12:15:00 myremote sshd[824462]: Invalid user guest from 167.71.220.19 port 57774
Aug  2 12:15:00 myremote sshd[824462]: pam_unix(sshd:auth): check pass; user unknown
Aug  2 12:15:00 myremote sshd[824462]: pam_unix(sshd:auth): authentication failure; logname= uid=0 euid=0 tty=ssh ruser= rhost=167.71.220.19 
Aug  2 12:15:01 myremote sshd[824459]: Failed password for invalid user patrick from 125.74.232.57 port 40006 ssh2
Aug  2 12:15:02 myremote sshd[824462]: Failed password for invalid user guest from 167.71.220.19 port 57774 ssh2
Aug  2 12:15:04 myremote sshd[824459]: Received disconnect from 125.74.232.57 port 40006:11: Bye Bye [preauth]
Aug  2 12:15:04 myremote sshd[824459]: Disconnected from invalid user patrick 125.74.232.57 port 40006 [preauth]
Aug  2 12:15:04 myremote sshd[824462]: Received disconnect from 167.71.220.19 port 57774:11: Bye Bye [preauth]
Aug  2 12:15:04 myremote sshd[824462]: Disconnected from invalid user guest 167.71.220.19 port 57774 [preauth]
Aug  2 12:15:05 myremote sshd[824465]: Invalid user sai from 36.46.128.39 port 39278
Aug  2 12:15:05 myremote sshd[824465]: pam_unix(sshd:auth): check pass; user unknown
Aug  2 12:15:05 myremote sshd[824465]: pam_unix(sshd:auth): authentication failure; logname= uid=0 euid=0 tty=ssh ruser= rhost=36.46.128.39 
Aug  2 12:15:07 myremote sshd[824465]: Failed password for invalid user sai from 36.46.128.39 port 39278 ssh2
Aug  2 12:15:08 myremote sshd[824465]: Received disconnect from 36.46.128.39 port 39278:11: Bye Bye [preauth]
Aug  2 12:15:08 myremote sshd[824465]: Disconnected from invalid user sai 36.46.128.39 port 39278 [preauth]
Aug  2 12:15:09 myremote sshd[824468]: Invalid user cfb from 43.156.4.31 port 57568
Aug  2 12:15:09 myremote sshd[824468]: pam_unix(sshd:auth): check pass; user unknown
Aug  2 12:15:09 myremote sshd[824468]: pam_unix(sshd:auth): authentication failure; logname= uid=0 euid=0 tty=ssh ruser= rhost=43.156.4.31 
Aug  2 12:15:10 myremote sshd[824471]: Invalid user sai from 1.9.101.178 port 36730
Aug  2 12:15:10 myremote sshd[824471]: pam_unix(sshd:auth): check pass; user unknown
Aug  2 12:15:10 myremote sshd[824471]: pam_unix(sshd:auth): authentication failure; logname= uid=0 euid=0 tty=ssh ruser= rhost=1.9.101.178 
Aug  2 12:15:10 myremote sshd[824474]: Invalid user celine from 188.212.96.88 port 43892
Aug  2 12:15:10 myremote sshd[824474]: pam_unix(sshd:auth): check pass; user unknown
Aug  2 12:15:10 myremote sshd[824474]: pam_unix(sshd:auth): authentication failure; logname= uid=0 euid=0 tty=ssh ruser= rhost=188.212.96.88 
Aug  2 12:15:10 myremote sshd[824468]: Failed password for invalid user cfb from 43.156.4.31 port 57568 ssh2
Aug  2 12:15:11 myremote sshd[824468]: Received disconnect from 43.156.4.31 port 57568:11: Bye Bye [preauth]
Aug  2 12:15:11 myremote sshd[824468]: Disconnected from invalid user cfb 43.156.4.31 port 57568 [preauth]
Aug  2 12:15:12 myremote sshd[824471]: Failed password for invalid user sai from 1.9.101.178 port 36730 ssh2
Aug  2 12:15:13 myremote sshd[824474]: Failed password for invalid user celine from 188.212.96.88 port 43892 ssh2
