Aug  2 12:22:44 myremote sshd[825040]: Failed password for invalid user scanner from 188.212.96.88 port 53678 ssh2
Aug  2 12:22:44 myremote sshd[825045]: Invalid user abdullah from 1.71.130.206 port 41608
Aug  2 12:22:44 myremote sshd[825045]: pam_unix(sshd:auth): check pass; user unknown
Aug  2 12:22:44 myremote sshd[825045]: pam_unix(sshd:auth): authentication failure; logname= uid=0 euid=0 tty=ssh ruser= rhost=1.71.130.206 
Aug  2 12:22:45 myremote sshd[825040]: Received disconnect from 188.212.96.88 port 53678:11: Bye Bye [preauth]
Aug  2 12:22:45 myremote sshd[825040]: Disconnected from invalid user scanner 188.212.96.88 port 53678 [preauth]
Aug  2 12:22:46 myremote sshd[825045]: Failed password for invalid user abdullah from 1.71.130.206 port 41608 ssh2
Aug  2 12:22:46 myremote sshd[825045]: Received disconnect from 1.71.130.206 port 41608:11: Bye Bye [preauth]
Aug  2 12:22:46 myremote sshd[825045]: Disconnected from invalid user abdullah 1.71.130.206 port 41608 [preauth]
Aug  2 12:22:46 myremote sshd[825043]: pam_unix(sshd:auth): authentication failure; logname= uid=0 euid=0 tty=ssh ruser= rhost=14.116.250.2  user=root
Aug  2 12:22:48 myremote sshd[825043]: Failed password for root from 14.116.250.2 port 45126 ssh2
Aug  2 12:22:49 myremote sshd[825043]: Connection closed by authenticating user root 14.116.250.2 port 45126 [preauth]
Aug  2 12:22:52 myremote sshd[825052]: pam_unix(sshd:auth): authentication failure; logname= uid=0 euid=0 tty=ssh ruser= rhost=220.86.29.35  user=root
Aug  2 12:22:53 myremote sshd[825055]: pam_unix(sshd:auth): authentication failure; logname= uid=0 euid=0 tty=ssh ruser= rhost=43.156.4.31  user=root
Aug  2 12:22:54 myremote sshd[825049]: pam_unix(sshd:auth): authentication failure; logname= uid=0 euid=0 tty=ssh ruser= rhost=14.116.250.2  user=root
Aug  2 12:22:54 myremote sshd[825052]: Failed password for root from 220.86.29.35 port 64770 ssh2
Aug  2 12:22:55 myremote sshd[825055]: Failed password for root from 43.156.4.31 port 57288 ssh2
Aug  2 12:22:56 myremote sshd[825049]: Failed password for root from 14.116.250.2 port 47540 ssh2
Aug  2 12:22:57 myremote sshd[825049]: Connection closed by authenticating user root 14.116.250.2 port 47540 [preauth]
Aug  2 12:22:57 myremote sshd[825052]: Received disconnect from 220.86.29.35 port 64770:11: Bye Bye [preauth]
Aug  2 12:22:57 myremote sshd[825052]: Disconnected from authenticating user root 220.86.29.35 port 64770 [preauth]
Aug  2 12:22:57 myremote sshd[825055]: Received disconnect from 43.156.4.31 port 57288:11: Bye Bye [preauth]
Aug  2 12:22:57 myremote sshd[825055]: Disconnected from authenticating user root 43.156.4.31 port 57288 [preauth]
Aug  2 12:22:57 myremote sshd[825058]: pam_unix(sshd:auth): authentication failure; logname= uid=0 euid=0 tty=ssh ruser= rhost=36.46.128.39  user=root
Aug  2 12:22:58 myremote sshd[825061]: pam_unix(sshd:auth): authentication failure; logname= uid=0 euid=0 tty=ssh ruser= rhost=113.125.153.122  user=root
Aug  2 12:22:58 myremote sshd[825067]: Invalid user guest from 170.210.155.249 port 54646
Aug  2 12:22:58 myremote sshd[825067]: pam_unix(sshd:auth): check pass; user unknown
Aug  2 12:22:58 myremote sshd[825067]: pam_unix(sshd:auth): authentication failure; logname= uid=0 euid=0 tty=ssh ruser= rhost=170.210.155.249 
Aug  2 12:23:00 myremote sshd[825058]: Failed password for root from 36.46.128.39 port 60252 ssh2
Aug  2 12:23:00 myremote sshd[825061]: Failed password for root from 113.125.153.122 port 41132 ssh2
Aug  2 12:23:00 myremote sshd[825067]: Failed password for invalid user guest from 170.210.155.249 port 54646 ssh2
Aug  2 12:23:00 myremote sshd[825061]: Received disconnect from 113.125.153.122 port 41132:11: Bye Bye [preauth]
Aug  2 12:23:00 myremote sshd[825061]: Disconnected from authenticating user root 113.125.153.122 port 41132 [preauth]
Aug  2 12:23:01 myremote sshd[825067]: Received disconnect from 170.210.155.249 port 54646:11: Bye Bye [preauth]
Aug  2 12:23:01 myremote sshd[825067]: Disconnected from invalid user guest 170.210.155.249 port 54646 [preauth]
Aug  2 12:23:02 myremote sshd[825064]: pam_unix(sshd:auth): authentication failure; logname= uid=0 euid=0 tty=ssh ruser= rhost=14.116.250.2  user=root
Aug  2 12:23:03 myremote sshd[825058]: Received disconnect from 36.46.128.39 port 60252:11: Bye Bye [preauth]
Aug  2 12:23:03 myremote sshd[825058]: Disconnected from authenticating user root 36.46.128.39 port 60252 [preauth]
Aug  2 12:23:03 myremote sshd[825064]: Failed password for root from 14.116.250.2 port 49512 ssh2
Aug  2 12:23:04 myremote sshd[825064]: Connection closed by authenticating user root 14.116.250.2 port 49512 [preauth]
Aug  2 12:23:09 myremote sshd[825070]: pam_unix(sshd:auth): authentication failure; logname= uid=0 euid=0 tty=ssh ruser= rhost=14.116.250.2  user=root
Aug  2 12:23:11 myremote sshd[825070]: Failed password for root from 14.116.250.2 port 51802 ssh2
Aug  2 12:23:14 myremote sshd[825070]: Connection closed by authenticating user root 14.116.250.2 port 51802 [preauth]
Aug  2 12:23:18 myremote sshd[825074]: pam_unix(sshd:auth): authentication failure; logname= uid=0 euid=0 tty=ssh ruser= rhost=14.116.250.2  user=root
Aug  2 12:23:20 myremote sshd[825074]: Failed password for root from 14.116.250.2 port 54468 ssh2
Aug  2 12:23:21 myremote sshd[825074]: Connection closed by authenticating user root 14.116.250.2 port 54468 [preauth]
Aug  2 12:23:21 myremote sshd[825077]: Invalid user celine from 167.71.220.19 port 56162
Aug  2 12:23:21 myremote sshd[825077]: pam_unix(sshd:auth): check pass; user unknown
Aug  2 12:23:21 myremote sshd[825077]: pam_unix(sshd:auth): authentication failure; logname= uid=0 euid=0 tty=ssh ruser= rhost=167.71.220.19 
Aug  2 12:23:23 myremote sshd[825080]: pam_unix(sshd:auth): authentication failure; logname= uid=0 euid=0 tty=ssh ruser= rhost=1.9.101.178  user=root
Aug  2 12:23:23 myremote sshd[825077]: Failed password for invalid user celine from 167.71.220.19 port 56162 ssh2
Aug  2 12:23:25 myremote sshd[825077]: Received disconnect from 167.71.220.19 port 56162:11: Bye Bye [preauth]
Aug  2 12:23:25 myremote sshd[825077]: Disconnected from invalid user celine 167.71.220.19 port 56162 [preauth]
Aug  2 12:23:25 myremote sshd[825080]: Failed password for root from 1.9.101.178 port 52143 ssh2
Aug  2 12:23:26 myremote sshd[825083]: pam_unix(sshd:auth): authentication failure; logname= uid=0 euid=0 tty=ssh ruser= rhost=14.116.250.2  user=root
Aug  2 12:23:27 myremote sshd[825086]: Invalid user sai from 178.251.140.3 port 34488
Aug  2 12:23:27 myremote sshd[825086]: pam_unix(sshd:auth): check pass; user unknown
Aug  2 12:23:27 myremote sshd[825086]: pam_unix(sshd:auth): authentication failure; logname= uid=0 euid=0 tty=ssh ruser= rhost=178.251.140.3 
Aug  2 12:23:27 myremote sshd[825080]: Received disconnect from 1.9.101.178 port 52143:11: Bye Bye [preauth]
Aug  2 12:23:27 myremote sshd[825080]: Disconnected from authenticating user root 1.9.101.178 port 52143 [preauth]
Aug  2 12:23:27 myremote sshd[825083]: Failed password for root from 14.116.250.2 port 56490 ssh2
Aug  2 12:23:29 myremote sshd[825086]: Failed password for invalid user sai from 178.251.140.3 port 34488 ssh2
Aug  2 12:23:29 myremote sshd[825083]: Connection closed by authenticating user root 14.116.250.2 port 56490 [preauth]
Aug  2 12:23:30 myremote sshd[825086]: Received disconnect from 178.251.140.3 port 34488:11: Bye Bye [preauth]
Aug  2 12:23:30 myremote sshd[825086]: Disconnected from invalid user sai 178.251.140.3 port 34488 [preauth]
Aug  2 12:23:33 myremote sshd[825092]: Invalid user guest from 1.71.130.206 port 53514
Aug  2 12:23:33 myremote sshd[825092]: pam_unix(sshd:auth): check pass; user unknown
Aug  2 12:23:33 myremote sshd[825092]: pam_unix(sshd:auth): authentication failure; logname= uid=0 euid=0 tty=ssh ruser= rhost=1.71.130.206 
Aug  2 12:23:34 myremote sshd[825089]: pam_unix(sshd:auth): authentication failure; logname= uid=0 euid=0 tty=ssh ruser= rhost=14.116.250.2  user=root
Aug  2 12:23:35 myremote sshd[825092]: Failed password for invalid user guest from 1.71.130.206 port 53514 ssh2
Aug  2 12:23:35 myremote sshd[825089]: Failed password for root from 14.116.250.2 port 58916 ssh2
Aug  2 12:23:36 myremote sshd[825092]: Received disconnect from 1.71.130.206 port 53514:11: Bye Bye [preauth]
Aug  2 12:23:36 myremote sshd[825092]: Disconnected from invalid user guest 1.71.130.206 port 53514 [preauth]
Aug  2 12:23:37 myremote sshd[825095]: Invalid user guest from 43.156.4.31 port 43138
Aug  2 12:23:37 myremote sshd[825095]: pam_unix(sshd:auth): check pass; user unknown
Aug  2 12:23:37 myremote sshd[825095]: pam_unix(sshd:auth): authentication failure; logname= uid=0 euid=0 tty=ssh ruser= rhost=43.156.4.31 
Aug  2 12:23:37 myremote sshd[825089]: Connection closed by authenticating user root 14.116.250.2 port 58916 [preauth]
Aug  2 12:23:37 myremote sshd[825098]: Invalid user sai from 203.80.23.199 port 54110
Aug  2 12:23:37 myremote sshd[825098]: pam_unix(sshd:auth): check pass; user unknown
Aug  2 12:23:37 myremote sshd[825098]: pam_unix(sshd:auth): authentication failure; logname= uid=0 euid=0 tty=ssh ruser= rhost=203.80.23.199 
Aug  2 12:23:38 myremote sshd[825101]: pam_unix(sshd:auth): authentication failure; logname= uid=0 euid=0 tty=ssh ruser= rhost=210.59.205.48  user=root
Aug  2 12:23:38 myremote sshd[825095]: Failed password for invalid user guest from 43.156.4.31 port 43138 ssh2
Aug  2 12:23:39 myremote sshd[825098]: Failed password for invalid user sai from 203.80.23.199 port 54110 ssh2
Aug  2 12:23:39 myremote sshd[825101]: Failed password for root from 210.59.205.48 port 60580 ssh2
Aug  2 12:23:39 myremote sshd[825095]: Received disconnect from 43.156.4.31 port 43138:11: Bye Bye [preauth]
Aug  2 12:23:39 myremote sshd[825095]: Disconnected from invalid user guest 43.156.4.31 port 43138 [preauth]
Aug  2 12:23:40 myremote sshd[825101]: Received disconnect from 210.59.205.48 port 60580:11: Bye Bye [preauth]
Aug  2 12:23:40 myremote sshd[825101]: Disconnected from authenticating user root 210.59.205.48 port 60580 [preauth]
Aug  2 12:23:41 myremote sshd[825098]: Received disconnect from 203.80.23.199 port 54110:11: Bye Bye [preauth]
Aug  2 12:23:41 myremote sshd[825098]: Disconnected from invalid user sai 203.80.23.199 port 54110 [preauth]
Aug  2 12:23:41 myremote sshd[825104]: pam_unix(sshd:auth): authentication failure; logname= uid=0 euid=0 tty=ssh ruser= rhost=14.116.250.2  user=root
Aug  2 12:23:43 myremote sshd[825104]: Failed password for root from 14.116.250.2 port 32840 ssh2
Aug  2 12:23:45 myremote sshd[825107]: Invalid user abdullah from 36.46.128.39 port 43754
Aug  2 12:23:45 myremote sshd[825107]: pam_unix(sshd:auth): check pass; user unknown
Aug  2 12:23:45 myremote sshd[825107]: pam_unix(sshd:auth): authentication failure; logname= uid=0 euid=0 tty=ssh ruser= rhost=36.46.128.39 
Aug  2 12:23:46 myremote sshd[825104]: Connection closed by authenticating user root 14.116.250.2 port 32840 [preauth]
Aug  2 12:23:47 myremote sshd[825107]: Failed password for invalid user abdullah from 36.46.128.39 port 43754 ssh2
Aug  2 12:23:48 myremote sshd[825107]: Received disconnect from 36.46.128.39 port 43754:11: Bye Bye [preauth]
Aug  2 12:23:48 myremote sshd[825107]: Disconnected from invalid user abdullah 36.46.128.39 port 43754 [preauth]
Aug  2 12:23:51 myremote sshd[825110]: pam_unix(sshd:auth): authentication failure; logname= uid=0 euid=0 tty=ssh ruser= rhost=14.116.250.2  user=root
Aug  2 12:23:52 myremote sshd[825110]: Failed password for root from 14.116.250.2 port 35434 ssh2
Aug  2 12:23:54 myremote sshd[825110]: Connection closed by authenticating user root 14.116.250.2 port 35434 [preauth]
Aug  2 12:23:54 myremote sshd[825113]: Connection closed by 188.212.96.88 port 33482 [preauth]
Aug  2 12:23:57 myremote sshd[825119]: Invalid user mcserver from 220.86.29.35 port 16559
Aug  2 12:23:57 myremote sshd[825119]: pam_unix(sshd:auth): check pass; user unknown
Aug  2 12:23:57 myremote sshd[825119]: pam_unix(sshd:auth): authentication failure; logname= uid=0 euid=0 tty=ssh ruser= rhost=220.86.29.35 
Aug  2 12:23:58 myremote sshd[825116]: pam_unix(sshd:auth): authentication failure; logname= uid=0 euid=0 tty=ssh ruser= rhost=14.116.250.2  user=root
Aug  2 12:23:58 myremote sshd[825122]: pam_unix(sshd:auth): authentication failure; logname= uid=0 euid=0 tty=ssh ruser= rhost=170.210.155.249  user=root
Aug  2 12:23:59 myremote sshd[825119]: Failed password for invalid user mcserver from 220.86.29.35 port 16559 ssh2
Aug  2 12:24:00 myremote sshd[825119]: Received disconnect from 220.86.29.35 port 16559:11: Bye Bye [preauth]
Aug  2 12:24:00 myremote sshd[825119]: Disconnected from invalid user mcserver 220.86.29.35 port 16559 [preauth]
Aug  2 12:24:00 myremote sshd[825125]: pam_unix(sshd:auth): authentication failure; logname= uid=0 euid=0 tty=ssh ruser= rhost=113.125.153.122  user=root
Aug  2 12:24:00 myremote sshd[825116]: Failed password for root from 14.116.250.2 port 37594 ssh2
Aug  2 12:24:00 myremote sshd[825122]: Failed password for root from 170.210.155.249 port 33555 ssh2
Aug  2 12:24:02 myremote sshd[825125]: Failed password for root from 113.125.153.122 port 55350 ssh2
Aug  2 12:24:02 myremote sshd[825122]: Received disconnect from 170.210.155.249 port 33555:11: Bye Bye [preauth]
Aug  2 12:24:02 myremote sshd[825122]: Disconnected from authenticating user root 170.210.155.249 port 33555 [preauth]
Aug  2 12:24:03 myremote sshd[825116]: Connection closed by authenticating user root 14.116.250.2 port 37594 [preauth]
Aug  2 12:24:04 myremote sshd[825125]: Received disconnect from 113.125.153.122 port 55350:11: Bye Bye [preauth]
Aug  2 12:24:04 myremote sshd[825125]: Disconnected from authenticating user root 113.125.153.122 port 55350 [preauth]
Aug  2 12:24:08 myremote sshd[825128]: Invalid user mcserver from 117.89.250.248 port 58702
Aug  2 12:24:08 myremote sshd[825128]: pam_unix(sshd:auth): check pass; user unknown
Aug  2 12:24:08 myremote sshd[825128]: pam_unix(sshd:auth): authentication failure; logname= uid=0 euid=0 tty=ssh ruser= rhost=117.89.250.248 
Aug  2 12:24:08 myremote sshd[825131]: pam_unix(sshd:auth): authentication failure; logname= uid=0 euid=0 tty=ssh ruser= rhost=14.116.250.2  user=root
Aug  2 12:24:09 myremote sshd[825128]: Failed password for invalid user mcserver from 117.89.250.248 port 58702 ssh2
Aug  2 12:24:10 myremote sshd[825131]: Failed password for root from 14.116.250.2 port 40152 ssh2
Aug  2 12:24:11 myremote sshd[825131]: Connection closed by authenticating user root 14.116.250.2 port 40152 [preauth]
Aug  2 12:24:12 myremote sshd[825134]: Invalid user damien from 1.9.101.178 port 59330
Aug  2 12:24:12 myremote sshd[825134]: pam_unix(sshd:auth): check pass; user unknown
Aug  2 12:24:12 myremote sshd[825134]: pam_unix(sshd:auth): authentication failure; logname= uid=0 euid=0 tty=ssh ruser= rhost=1.9.101.178 
Aug  2 12:24:14 myremote sshd[825134]: Failed password for invalid user damien from 1.9.101.178 port 59330 ssh2
Aug  2 12:24:14 myremote sshd[825128]: Received disconnect from 117.89.250.248 port 58702:11: Bye Bye [preauth]
Aug  2 12:24:14 myremote sshd[825128]: Disconnected from invalid user mcserver 117.89.250.248 port 58702 [preauth]
Aug  2 12:24:16 myremote sshd[825134]: Received disconnect from 1.9.101.178 port 59330:11: Bye Bye [preauth]
Aug  2 12:24:16 myremote sshd[825134]: Disconnected from invalid user damien 1.9.101.178 port 59330 [preauth]
Aug  2 12:24:16 myremote sshd[825137]: pam_unix(sshd:auth): authentication failure; logname= uid=0 euid=0 tty=ssh ruser= rhost=14.116.250.2  user=root
Aug  2 12:24:16 myremote sshd[825140]: Connection closed by 178.251.140.3 port 37061 [preauth]
Aug  2 12:24:18 myremote sshd[825137]: Failed password for root from 14.116.250.2 port 42676 ssh2
Aug  2 12:24:18 myremote sshd[825143]: Invalid user sevtech from 1.71.130.206 port 37186
Aug  2 12:24:18 myremote sshd[825143]: pam_unix(sshd:auth): check pass; user unknown
Aug  2 12:24:18 myremote sshd[825143]: pam_unix(sshd:auth): authentication failure; logname= uid=0 euid=0 tty=ssh ruser= rhost=1.71.130.206 
Aug  2 12:24:19 myremote sshd[825137]: Connection closed by authenticating user root 14.116.250.2 port 42676 [preauth]
Aug  2 12:24:20 myremote sshd[825143]: Failed password for invalid user sevtech from 1.71.130.206 port 37186 ssh2
Aug  2 12:24:22 myremote sshd[825143]: Received disconnect from 1.71.130.206 port 37186:11: Bye Bye [preauth]
Aug  2 12:24:22 myremote sshd[825143]: Disconnected from invalid user sevtech 1.71.130.206 port 37186 [preauth]
Aug  2 12:24:24 myremote sshd[825146]: pam_unix(sshd:auth): authentication failure; logname= uid=0 euid=0 tty=ssh ruser= rhost=14.116.250.2  user=root
Aug  2 12:24:27 myremote sshd[825146]: Failed password for root from 14.116.250.2 port 44770 ssh2
Aug  2 12:24:30 myremote sshd[825146]: Connection closed by authenticating user root 14.116.250.2 port 44770 [preauth]
Aug  2 12:24:31 myremote sshd[825149]: Invalid user scanner from 167.71.220.19 port 57890
Aug  2 12:24:31 myremote sshd[825149]: pam_unix(sshd:auth): check pass; user unknown
Aug  2 12:24:31 myremote sshd[825149]: pam_unix(sshd:auth): authentication failure; logname= uid=0 euid=0 tty=ssh ruser= rhost=167.71.220.19 
Aug  2 12:24:33 myremote sshd[825149]: Failed password for invalid user scanner from 167.71.220.19 port 57890 ssh2
Aug  2 12:24:34 myremote sshd[825149]: Received disconnect from 167.71.220.19 port 57890:11: Bye Bye [preauth]
Aug  2 12:24:34 myremote sshd[825149]: Disconnected from invalid user scanner 167.71.220.19 port 57890 [preauth]
Aug  2 12:24:35 myremote sshd[825152]: pam_unix(sshd:auth): authentication failure; logname= uid=0 euid=0 tty=ssh ruser= rhost=14.116.250.2  user=root
Aug  2 12:24:37 myremote sshd[825152]: Failed password for root from 14.116.250.2 port 47880 ssh2
Aug  2 12:24:38 myremote sshd[825155]: pam_unix(sshd:auth): authentication failure; logname= uid=0 euid=0 tty=ssh ruser= rhost=36.46.128.39  user=root
Aug  2 12:24:38 myremote sshd[825152]: Connection closed by authenticating user root 14.116.250.2 port 47880 [preauth]
Aug  2 12:24:40 myremote sshd[825155]: Failed password for root from 36.46.128.39 port 55482 ssh2
Aug  2 12:24:40 myremote sshd[825155]: Received disconnect from 36.46.128.39 port 55482:11: Bye Bye [preauth]
Aug  2 12:24:40 myremote sshd[825155]: Disconnected from authenticating user root 36.46.128.39 port 55482 [preauth]
Aug  2 12:24:43 myremote sshd[825158]: pam_unix(sshd:auth): authentication failure; logname= uid=0 euid=0 tty=ssh ruser= rhost=14.116.250.2  user=root
Aug  2 12:24:45 myremote sshd[825158]: Failed password for root from 14.116.250.2 port 50330 ssh2
Aug  2 12:24:46 myremote sshd[825161]: pam_unix(sshd:auth): authentication failure; logname= uid=0 euid=0 tty=ssh ruser= rhost=203.80.23.199  user=root
Aug  2 12:24:46 myremote sshd[825158]: Connection closed by authenticating user root 14.116.250.2 port 50330 [preauth]
Aug  2 12:24:48 myremote sshd[825161]: Failed password for root from 203.80.23.199 port 41052 ssh2
Aug  2 12:24:49 myremote sshd[825161]: Received disconnect from 203.80.23.199 port 41052:11: Bye Bye [preauth]
Aug  2 12:24:49 myremote sshd[825161]: Disconnected from authenticating user root 203.80.23.199 port 41052 [preauth]
Aug  2 12:24:51 myremote sshd[825164]: pam_unix(sshd:auth): authentication failure; logname= uid=0 euid=0 tty=ssh ruser= rhost=14.116.250.2  user=root
Aug  2 12:24:52 myremote sshd[825167]: pam_unix(sshd:auth): authentication failure; logname= uid=0 euid=0 tty=ssh ruser= rhost=210.59.205.48  user=root
Aug  2 12:24:52 myremote sshd[825164]: Failed password for root from 14.116.250.2 port 52514 ssh2
Aug  2 12:24:54 myremote sshd[825164]: Connection closed by authenticating user root 14.116.250.2 port 52514 [preauth]
Aug  2 12:24:55 myremote sshd[825167]: Failed password for root from 210.59.205.48 port 43954 ssh2
Aug  2 12:24:57 myremote sshd[825167]: Received disconnect from 210.59.205.48 port 43954:11: Bye Bye [preauth]
Aug  2 12:24:57 myremote sshd[825167]: Disconnected from authenticating user root 210.59.205.48 port 43954 [preauth]
Aug  2 12:24:58 myremote sshd[825170]: pam_unix(sshd:auth): authentication failure; logname= uid=0 euid=0 tty=ssh ruser= rhost=14.116.250.2  user=root
Aug  2 12:24:59 myremote sshd[825173]: Invalid user za from 170.210.155.249 port 40699
Aug  2 12:24:59 myremote sshd[825173]: pam_unix(sshd:auth): check pass; user unknown
Aug  2 12:24:59 myremote sshd[825173]: pam_unix(sshd:auth): authentication failure; logname= uid=0 euid=0 tty=ssh ruser= rhost=170.210.155.249 
Aug  2 12:25:00 myremote sshd[825170]: Failed password for root from 14.116.250.2 port 54580 ssh2
Aug  2 12:25:01 myremote sshd[825170]: Connection closed by authenticating user root 14.116.250.2 port 54580 [preauth]
Aug  2 12:25:02 myremote sshd[825173]: Failed password for invalid user za from 170.210.155.249 port 40699 ssh2
Aug  2 12:25:04 myremote sshd[825173]: Received disconnect from 170.210.155.249 port 40699:11: Bye Bye [preauth]
Aug  2 12:25:04 myremote sshd[825173]: Disconnected from invalid user za 170.210.155.249 port 40699 [preauth]
Aug  2 12:25:05 myremote sshd[825182]: pam_unix(sshd:auth): authentication failure; logname= uid=0 euid=0 tty=ssh ruser= rhost=220.86.29.35  user=root
Aug  2 12:25:05 myremote sshd[825179]: Invalid user nils from 1.71.130.206 port 49090
Aug  2 12:25:05 myremote sshd[825179]: pam_unix(sshd:auth): check pass; user unknown
Aug  2 12:25:05 myremote sshd[825179]: pam_unix(sshd:auth): authentication failure; logname= uid=0 euid=0 tty=ssh ruser= rhost=1.71.130.206 
Aug  2 12:25:05 myremote sshd[825176]: pam_unix(sshd:auth): authentication failure; logname= uid=0 euid=0 tty=ssh ruser= rhost=14.116.250.2  user=root
Aug  2 12:25:07 myremote sshd[825182]: Failed password for root from 220.86.29.35 port 24852 ssh2
Aug  2 12:25:07 myremote sshd[825179]: Failed password for invalid user nils from 1.71.130.206 port 49090 ssh2
Aug  2 12:25:07 myremote sshd[825176]: Failed password for root from 14.116.250.2 port 56604 ssh2
Aug  2 12:25:07 myremote sshd[825182]: Received disconnect from 220.86.29.35 port 24852:11: Bye Bye [preauth]
Aug  2 12:25:07 myremote sshd[825182]: Disconnected from authenticating user root 220.86.29.35 port 24852 [preauth]
Aug  2 12:25:07 myremote sshd[825185]: Invalid user jingjing from 113.125.153.122 port 41322
Aug  2 12:25:07 myremote sshd[825185]: pam_unix(sshd:auth): check pass; user unknown
Aug  2 12:25:07 myremote sshd[825185]: pam_unix(sshd:auth): authentication failure; logname= uid=0 euid=0 tty=ssh ruser= rhost=113.125.153.122 
Aug  2 12:25:08 myremote sshd[825179]: Received disconnect from 1.71.130.206 port 49090:11: Bye Bye [preauth]
Aug  2 12:25:08 myremote sshd[825179]: Disconnected from invalid user nils 1.71.130.206 port 49090 [preauth]
Aug  2 12:25:08 myremote sshd[825176]: Connection closed by authenticating user root 14.116.250.2 port 56604 [preauth]
Aug  2 12:25:09 myremote sshd[825185]: Failed password for invalid user jingjing from 113.125.153.122 port 41322 ssh2
Aug  2 12:25:10 myremote sshd[825185]: Received disconnect from 113.125.153.122 port 41322:11: Bye Bye [preauth]
Aug  2 12:25:10 myremote sshd[825185]: Disconnected from invalid user jingjing 113.125.153.122 port 41322 [preauth]
Aug  2 12:25:12 myremote sshd[825188]: pam_unix(sshd:auth): authentication failure; logname= uid=0 euid=0 tty=ssh ruser= rhost=14.116.250.2  user=root
Aug  2 12:25:15 myremote sshd[825188]: Failed password for root from 14.116.250.2 port 58518 ssh2
Aug  2 12:25:17 myremote sshd[825188]: Connection closed by authenticating user root 14.116.250.2 port 58518 [preauth]
Aug  2 12:25:23 myremote sshd[825191]: pam_unix(sshd:auth): authentication failure; logname= uid=0 euid=0 tty=ssh ruser= rhost=14.116.250.2  user=root
Aug  2 12:25:25 myremote sshd[825191]: Failed password for root from 14.116.250.2 port 32934 ssh2
Aug  2 12:25:28 myremote sshd[825191]: Connection closed by authenticating user root 14.116.250.2 port 32934 [preauth]
Aug  2 12:25:32 myremote sshd[825194]: pam_unix(sshd:auth): authentication failure; logname= uid=0 euid=0 tty=ssh ruser= rhost=14.116.250.2  user=root
Aug  2 12:25:33 myremote sshd[825197]: Invalid user cfb from 36.46.128.39 port 38994
Aug  2 12:25:33 myremote sshd[825197]: pam_unix(sshd:auth): check pass; user unknown
Aug  2 12:25:33 myremote sshd[825197]: pam_unix(sshd:auth): authentication failure; logname= uid=0 euid=0 tty=ssh ruser= rhost=36.46.128.39 
Aug  2 12:25:34 myremote sshd[825194]: Failed password for root from 14.116.250.2 port 35742 ssh2
Aug  2 12:25:35 myremote sshd[825194]: Connection closed by authenticating user root 14.116.250.2 port 35742 [preauth]
Aug  2 12:25:35 myremote sshd[825197]: Failed password for invalid user cfb from 36.46.128.39 port 38994 ssh2
Aug  2 12:25:36 myremote sshd[825197]: Received disconnect from 36.46.128.39 port 38994:11: Bye Bye [preauth]
Aug  2 12:25:36 myremote sshd[825197]: Disconnected from invalid user cfb 36.46.128.39 port 38994 [preauth]
Aug  2 12:25:39 myremote sshd[825200]: pam_unix(sshd:auth): authentication failure; logname= uid=0 euid=0 tty=ssh ruser= rhost=14.116.250.2  user=root
Aug  2 12:25:41 myremote sshd[825200]: Failed password for root from 14.116.250.2 port 37774 ssh2
Aug  2 12:25:42 myremote sshd[825200]: Connection closed by authenticating user root 14.116.250.2 port 37774 [preauth]
Aug  2 12:25:42 myremote sshd[825203]: pam_unix(sshd:auth): authentication failure; logname= uid=0 euid=0 tty=ssh ruser= rhost=167.71.220.19  user=root
Aug  2 12:25:45 myremote sshd[825203]: Failed password for root from 167.71.220.19 port 39584 ssh2
Aug  2 12:25:47 myremote sshd[825209]: pam_unix(sshd:auth): authentication failure; logname= uid=0 euid=0 tty=ssh ruser= rhost=14.116.250.2  user=root
Aug  2 12:25:47 myremote sshd[825203]: Received disconnect from 167.71.220.19 port 39584:11: Bye Bye [preauth]
Aug  2 12:25:47 myremote sshd[825203]: Disconnected from authenticating user root 167.71.220.19 port 39584 [preauth]
Aug  2 12:25:48 myremote sshd[825206]: Connection closed by 117.89.250.248 port 44146 [preauth]
Aug  2 12:25:49 myremote sshd[825209]: Failed password for root from 14.116.250.2 port 39816 ssh2
Aug  2 12:25:52 myremote sshd[825209]: Connection closed by authenticating user root 14.116.250.2 port 39816 [preauth]
Aug  2 12:25:52 myremote sshd[825212]: pam_unix(sshd:auth): authentication failure; logname= uid=0 euid=0 tty=ssh ruser= rhost=1.71.130.206  user=root
Aug  2 12:25:53 myremote sshd[825215]: pam_unix(sshd:auth): authentication failure; logname= uid=0 euid=0 tty=ssh ruser= rhost=85.209.11.227  user=root
Aug  2 12:25:54 myremote sshd[825212]: Failed password for root from 1.71.130.206 port 60994 ssh2
Aug  2 12:25:55 myremote sshd[825212]: Received disconnect from 1.71.130.206 port 60994:11: Bye Bye [preauth]
Aug  2 12:25:55 myremote sshd[825212]: Disconnected from authenticating user root 1.71.130.206 port 60994 [preauth]
Aug  2 12:25:56 myremote sshd[825215]: Failed password for root from 85.209.11.227 port 31531 ssh2
Aug  2 12:25:58 myremote sshd[825215]: Connection reset by authenticating user root 85.209.11.227 port 31531 [preauth]
Aug  2 12:25:58 myremote sshd[825221]: pam_unix(sshd:auth): authentication failure; logname= uid=0 euid=0 tty=ssh ruser= rhost=188.212.96.88  user=root
Aug  2 12:25:59 myremote sshd[825218]: pam_unix(sshd:auth): authentication failure; logname= uid=0 euid=0 tty=ssh ruser= rhost=14.116.250.2  user=root
Aug  2 12:25:59 myremote sshd[825224]: pam_unix(sshd:auth): authentication failure; logname= uid=0 euid=0 tty=ssh ruser= rhost=203.80.23.199  user=root
Aug  2 12:26:00 myremote sshd[825221]: Failed password for root from 188.212.96.88 port 43960 ssh2
Aug  2 12:26:01 myremote sshd[825218]: Failed password for root from 14.116.250.2 port 42360 ssh2
Aug  2 12:26:01 myremote sshd[825224]: Failed password for root from 203.80.23.199 port 56232 ssh2
Aug  2 12:26:02 myremote sshd[825221]: Received disconnect from 188.212.96.88 port 43960:11: Bye Bye [preauth]
Aug  2 12:26:02 myremote sshd[825221]: Disconnected from authenticating user root 188.212.96.88 port 43960 [preauth]
Aug  2 12:26:02 myremote sshd[825227]: Invalid user sai from 170.210.155.249 port 47841
Aug  2 12:26:02 myremote sshd[825227]: pam_unix(sshd:auth): check pass; user unknown
Aug  2 12:26:02 myremote sshd[825227]: pam_unix(sshd:auth): authentication failure; logname= uid=0 euid=0 tty=ssh ruser= rhost=170.210.155.249 
Aug  2 12:26:04 myremote sshd[825224]: Received disconnect from 203.80.23.199 port 56232:11: Bye Bye [preauth]
Aug  2 12:26:04 myremote sshd[825224]: Disconnected from authenticating user root 203.80.23.199 port 56232 [preauth]
Aug  2 12:26:04 myremote sshd[825218]: Connection closed by authenticating user root 14.116.250.2 port 42360 [preauth]
Aug  2 12:26:04 myremote sshd[825227]: Failed password for invalid user sai from 170.210.155.249 port 47841 ssh2
Aug  2 12:26:05 myremote sshd[825227]: Received disconnect from 170.210.155.249 port 47841:11: Bye Bye [preauth]
Aug  2 12:26:05 myremote sshd[825227]: Disconnected from invalid user sai 170.210.155.249 port 47841 [preauth]
Aug  2 12:26:09 myremote sshd[825230]: pam_unix(sshd:auth): authentication failure; logname= uid=0 euid=0 tty=ssh ruser= rhost=14.116.250.2  user=root
Aug  2 12:26:09 myremote sshd[825233]: Invalid user cfb from 210.59.205.48 port 55570
Aug  2 12:26:09 myremote sshd[825233]: pam_unix(sshd:auth): check pass; user unknown
Aug  2 12:26:09 myremote sshd[825233]: pam_unix(sshd:auth): authentication failure; logname= uid=0 euid=0 tty=ssh ruser= rhost=210.59.205.48 
Aug  2 12:26:11 myremote sshd[825230]: Failed password for root from 14.116.250.2 port 45746 ssh2
Aug  2 12:26:11 myremote sshd[825233]: Failed password for invalid user cfb from 210.59.205.48 port 55570 ssh2
Aug  2 12:26:13 myremote sshd[825239]: Invalid user arkserver from 220.86.29.35 port 33145
Aug  2 12:26:13 myremote sshd[825239]: pam_unix(sshd:auth): check pass; user unknown
Aug  2 12:26:13 myremote sshd[825239]: pam_unix(sshd:auth): authentication failure; logname= uid=0 euid=0 tty=ssh ruser= rhost=220.86.29.35 
Aug  2 12:26:13 myremote sshd[825236]: Invalid user sayed from 113.125.153.122 port 55542
Aug  2 12:26:13 myremote sshd[825236]: pam_unix(sshd:auth): check pass; user unknown
Aug  2 12:26:13 myremote sshd[825236]: pam_unix(sshd:auth): authentication failure; logname= uid=0 euid=0 tty=ssh ruser= rhost=113.125.153.122 
Aug  2 12:26:13 myremote sshd[825230]: Connection closed by authenticating user root 14.116.250.2 port 45746 [preauth]
Aug  2 12:26:14 myremote sshd[825233]: Received disconnect from 210.59.205.48 port 55570:11: Bye Bye [preauth]
Aug  2 12:26:14 myremote sshd[825233]: Disconnected from invalid user cfb 210.59.205.48 port 55570 [preauth]
Aug  2 12:26:15 myremote sshd[825239]: Failed password for invalid user arkserver from 220.86.29.35 port 33145 ssh2
Aug  2 12:26:15 myremote sshd[825236]: Failed password for invalid user sayed from 113.125.153.122 port 55542 ssh2
Aug  2 12:26:17 myremote sshd[825239]: Received disconnect from 220.86.29.35 port 33145:11: Bye Bye [preauth]
Aug  2 12:26:17 myremote sshd[825239]: Disconnected from invalid user arkserver 220.86.29.35 port 33145 [preauth]
Aug  2 12:26:17 myremote sshd[825236]: Received disconnect from 113.125.153.122 port 55542:11: Bye Bye [preauth]
Aug  2 12:26:17 myremote sshd[825236]: Disconnected from invalid user sayed 113.125.153.122 port 55542 [preauth]
Aug  2 12:26:18 myremote sshd[825242]: pam_unix(sshd:auth): authentication failure; logname= uid=0 euid=0 tty=ssh ruser= rhost=14.116.250.2  user=root
Aug  2 12:26:20 myremote sshd[825242]: Failed password for root from 14.116.250.2 port 48384 ssh2
Aug  2 12:26:23 myremote sshd[825242]: Connection closed by authenticating user root 14.116.250.2 port 48384 [preauth]
Aug  2 12:26:29 myremote sshd[825246]: pam_unix(sshd:auth): authentication failure; logname= uid=0 euid=0 tty=ssh ruser= rhost=14.116.250.2  user=root
Aug  2 12:26:29 myremote sshd[825249]: pam_unix(sshd:auth): authentication failure; logname= uid=0 euid=0 tty=ssh ruser= rhost=36.46.128.39  user=root
Aug  2 12:26:31 myremote sshd[825246]: Failed password for root from 14.116.250.2 port 50990 ssh2
Aug  2 12:26:32 myremote sshd[825249]: Failed password for root from 36.46.128.39 port 50730 ssh2
Aug  2 12:26:34 myremote sshd[825249]: Received disconnect from 36.46.128.39 port 50730:11: Bye Bye [preauth]
Aug  2 12:26:34 myremote sshd[825249]: Disconnected from authenticating user root 36.46.128.39 port 50730 [preauth]
Aug  2 12:26:34 myremote sshd[825246]: Connection closed by authenticating user root 14.116.250.2 port 50990 [preauth]
Aug  2 12:26:38 myremote sshd[825252]: pam_unix(sshd:auth): authentication failure; logname= uid=0 euid=0 tty=ssh ruser= rhost=14.116.250.2  user=root
Aug  2 12:26:40 myremote sshd[825252]: Failed password for root from 14.116.250.2 port 53914 ssh2
Aug  2 12:26:41 myremote sshd[825252]: Connection closed by authenticating user root 14.116.250.2 port 53914 [preauth]
Aug  2 12:26:42 myremote sshd[825255]: Invalid user celine from 1.71.130.206 port 44670
Aug  2 12:26:42 myremote sshd[825255]: pam_unix(sshd:auth): check pass; user unknown
Aug  2 12:26:42 myremote sshd[825255]: pam_unix(sshd:auth): authentication failure; logname= uid=0 euid=0 tty=ssh ruser= rhost=1.71.130.206 
Aug  2 12:26:44 myremote sshd[825255]: Failed password for invalid user celine from 1.71.130.206 port 44670 ssh2
Aug  2 12:26:45 myremote sshd[825258]: pam_unix(sshd:auth): authentication failure; logname= uid=0 euid=0 tty=ssh ruser= rhost=14.116.250.2  user=root
Aug  2 12:26:46 myremote sshd[825255]: Received disconnect from 1.71.130.206 port 44670:11: Bye Bye [preauth]
Aug  2 12:26:46 myremote sshd[825255]: Disconnected from invalid user celine 1.71.130.206 port 44670 [preauth]
Aug  2 12:26:48 myremote sshd[825258]: Failed password for root from 14.116.250.2 port 56040 ssh2
Aug  2 12:26:48 myremote sshd[825258]: Connection closed by authenticating user root 14.116.250.2 port 56040 [preauth]
Aug  2 12:26:53 myremote sshd[825261]: pam_unix(sshd:auth): authentication failure; logname= uid=0 euid=0 tty=ssh ruser= rhost=14.116.250.2  user=root
Aug  2 12:26:53 myremote sshd[825264]: Invalid user kkc from 167.71.220.19 port 43930
Aug  2 12:26:53 myremote sshd[825264]: pam_unix(sshd:auth): check pass; user unknown
Aug  2 12:26:53 myremote sshd[825264]: pam_unix(sshd:auth): authentication failure; logname= uid=0 euid=0 tty=ssh ruser= rhost=167.71.220.19 
Aug  2 12:26:55 myremote sshd[825261]: Failed password for root from 14.116.250.2 port 58090 ssh2
Aug  2 12:26:55 myremote sshd[825264]: Failed password for invalid user kkc from 167.71.220.19 port 43930 ssh2
Aug  2 12:26:57 myremote sshd[825264]: Received disconnect from 167.71.220.19 port 43930:11: Bye Bye [preauth]
Aug  2 12:26:57 myremote sshd[825264]: Disconnected from invalid user kkc 167.71.220.19 port 43930 [preauth]
Aug  2 12:26:58 myremote sshd[825261]: Connection closed by authenticating user root 14.116.250.2 port 58090 [preauth]
Aug  2 12:27:00 myremote sshd[825269]: pam_unix(sshd:auth): authentication failure; logname= uid=0 euid=0 tty=ssh ruser= rhost=188.212.96.88  user=root
Aug  2 12:27:02 myremote sshd[825269]: Failed password for root from 188.212.96.88 port 36216 ssh2
Aug  2 12:27:03 myremote sshd[825267]: pam_unix(sshd:auth): authentication failure; logname= uid=0 euid=0 tty=ssh ruser= rhost=14.116.250.2  user=root
Aug  2 12:27:04 myremote sshd[825273]: Invalid user patrick from 170.210.155.249 port 54984
Aug  2 12:27:04 myremote sshd[825267]: Failed password for root from 14.116.250.2 port 60700 ssh2
Aug  2 12:27:04 myremote sshd[825273]: pam_unix(sshd:auth): check pass; user unknown
Aug  2 12:27:04 myremote sshd[825273]: pam_unix(sshd:auth): authentication failure; logname= uid=0 euid=0 tty=ssh ruser= rhost=170.210.155.249 
Aug  2 12:27:05 myremote sshd[825269]: Received disconnect from 188.212.96.88 port 36216:11: Bye Bye [preauth]
Aug  2 12:27:05 myremote sshd[825269]: Disconnected from authenticating user root 188.212.96.88 port 36216 [preauth]
Aug  2 12:27:06 myremote sshd[825267]: Connection closed by authenticating user root 14.116.250.2 port 60700 [preauth]
Aug  2 12:27:07 myremote sshd[825273]: Failed password for invalid user patrick from 170.210.155.249 port 54984 ssh2
Aug  2 12:27:07 myremote sshd[825273]: Received disconnect from 170.210.155.249 port 54984:11: Bye Bye [preauth]
Aug  2 12:27:07 myremote sshd[825273]: Disconnected from invalid user patrick 170.210.155.249 port 54984 [preauth]
Aug  2 12:27:11 myremote sshd[825276]: pam_unix(sshd:auth): authentication failure; logname= uid=0 euid=0 tty=ssh ruser= rhost=14.116.250.2  user=root
Aug  2 12:27:11 myremote sshd[825279]: pam_unix(sshd:auth): authentication failure; logname= uid=0 euid=0 tty=ssh ruser= rhost=203.80.23.199  user=root
Aug  2 12:27:13 myremote sshd[825276]: Failed password for root from 14.116.250.2 port 34660 ssh2
Aug  2 12:27:13 myremote sshd[825279]: Failed password for root from 203.80.23.199 port 43178 ssh2
Aug  2 12:27:14 myremote sshd[825279]: Received disconnect from 203.80.23.199 port 43178:11: Bye Bye [preauth]
Aug  2 12:27:14 myremote sshd[825279]: Disconnected from authenticating user root 203.80.23.199 port 43178 [preauth]
Aug  2 12:27:14 myremote sshd[825276]: Connection closed by authenticating user root 14.116.250.2 port 34660 [preauth]
Aug  2 12:27:19 myremote sshd[825282]: pam_unix(sshd:auth): authentication failure; logname= uid=0 euid=0 tty=ssh ruser= rhost=14.116.250.2  user=root
Aug  2 12:27:21 myremote sshd[825282]: Failed password for root from 14.116.250.2 port 36836 ssh2
Aug  2 12:27:21 myremote sshd[825282]: Connection closed by authenticating user root 14.116.250.2 port 36836 [preauth]
Aug  2 12:27:22 myremote sshd[825285]: pam_unix(sshd:auth): authentication failure; logname= uid=0 euid=0 tty=ssh ruser= rhost=220.86.29.35  user=root
Aug  2 12:27:23 myremote sshd[825288]: Invalid user celine from 210.59.205.48 port 38942
Aug  2 12:27:23 myremote sshd[825288]: pam_unix(sshd:auth): check pass; user unknown
Aug  2 12:27:23 myremote sshd[825288]: pam_unix(sshd:auth): authentication failure; logname= uid=0 euid=0 tty=ssh ruser= rhost=210.59.205.48 
Aug  2 12:27:23 myremote sshd[825291]: Invalid user nils from 36.46.128.39 port 34242
Aug  2 12:27:23 myremote sshd[825291]: pam_unix(sshd:auth): check pass; user unknown
Aug  2 12:27:23 myremote sshd[825291]: pam_unix(sshd:auth): authentication failure; logname= uid=0 euid=0 tty=ssh ruser= rhost=36.46.128.39 
Aug  2 12:27:24 myremote sshd[825285]: Failed password for root from 220.86.29.35 port 41440 ssh2
Aug  2 12:27:25 myremote sshd[825288]: Failed password for invalid user celine from 210.59.205.48 port 38942 ssh2
Aug  2 12:27:25 myremote sshd[825291]: Failed password for invalid user nils from 36.46.128.39 port 34242 ssh2
Aug  2 12:27:26 myremote sshd[825294]: pam_unix(sshd:auth): authentication failure; logname= uid=0 euid=0 tty=ssh ruser= rhost=14.116.250.2  user=root
Aug  2 12:27:26 myremote sshd[825285]: Received disconnect from 220.86.29.35 port 41440:11: Bye Bye [preauth]
Aug  2 12:27:26 myremote sshd[825285]: Disconnected from authenticating user root 220.86.29.35 port 41440 [preauth]
Aug  2 12:27:26 myremote sshd[825291]: Received disconnect from 36.46.128.39 port 34242:11: Bye Bye [preauth]
Aug  2 12:27:26 myremote sshd[825291]: Disconnected from invalid user nils 36.46.128.39 port 34242 [preauth]
Aug  2 12:27:27 myremote sshd[825288]: Received disconnect from 210.59.205.48 port 38942:11: Bye Bye [preauth]
Aug  2 12:27:27 myremote sshd[825288]: Disconnected from invalid user celine 210.59.205.48 port 38942 [preauth]
Aug  2 12:27:27 myremote sshd[825294]: Failed password for root from 14.116.250.2 port 38800 ssh2
Aug  2 12:27:28 myremote sshd[825297]: Invalid user sugar from 117.89.250.248 port 57784
Aug  2 12:27:28 myremote sshd[825297]: pam_unix(sshd:auth): check pass; user unknown
Aug  2 12:27:28 myremote sshd[825297]: pam_unix(sshd:auth): authentication failure; logname= uid=0 euid=0 tty=ssh ruser= rhost=117.89.250.248 
Aug  2 12:27:29 myremote sshd[825294]: Connection closed by authenticating user root 14.116.250.2 port 38800 [preauth]
Aug  2 12:27:30 myremote sshd[825297]: Failed password for invalid user sugar from 117.89.250.248 port 57784 ssh2
Aug  2 12:27:32 myremote sshd[825300]: pam_unix(sshd:auth): authentication failure; logname= uid=0 euid=0 tty=ssh ruser= rhost=14.116.250.2  user=root
Aug  2 12:27:32 myremote sshd[825297]: Received disconnect from 117.89.250.248 port 57784:11: Bye Bye [preauth]
Aug  2 12:27:32 myremote sshd[825297]: Disconnected from invalid user sugar 117.89.250.248 port 57784 [preauth]
Aug  2 12:27:34 myremote sshd[825300]: Failed password for root from 14.116.250.2 port 40972 ssh2
Aug  2 12:27:35 myremote sshd[825300]: Connection closed by authenticating user root 14.116.250.2 port 40972 [preauth]
Aug  2 12:27:40 myremote sshd[825303]: pam_unix(sshd:auth): authentication failure; logname= uid=0 euid=0 tty=ssh ruser= rhost=14.116.250.2  user=root
Aug  2 12:27:43 myremote sshd[825303]: Failed password for root from 14.116.250.2 port 42960 ssh2
Aug  2 12:27:46 myremote sshd[825303]: Connection closed by authenticating user root 14.116.250.2 port 42960 [preauth]
Aug  2 12:27:51 myremote sshd[825306]: pam_unix(sshd:auth): authentication failure; logname= uid=0 euid=0 tty=ssh ruser= rhost=14.116.250.2  user=root
Aug  2 12:27:53 myremote sshd[825306]: Failed password for root from 14.116.250.2 port 45788 ssh2
Aug  2 12:27:56 myremote sshd[825306]: Connection closed by authenticating user root 14.116.250.2 port 45788 [preauth]
Aug  2 12:28:01 myremote sshd[825309]: pam_unix(sshd:auth): authentication failure; logname= uid=0 euid=0 tty=ssh ruser= rhost=14.116.250.2  user=root
Aug  2 12:28:02 myremote sshd[825309]: Failed password for root from 14.116.250.2 port 48788 ssh2
Aug  2 12:28:03 myremote sshd[825312]: Invalid user damien from 167.71.220.19 port 41050
Aug  2 12:28:03 myremote sshd[825312]: pam_unix(sshd:auth): check pass; user unknown
Aug  2 12:28:03 myremote sshd[825312]: pam_unix(sshd:auth): authentication failure; logname= uid=0 euid=0 tty=ssh ruser= rhost=167.71.220.19 
Aug  2 12:28:04 myremote sshd[825309]: Connection closed by authenticating user root 14.116.250.2 port 48788 [preauth]
Aug  2 12:28:05 myremote sshd[825317]: pam_unix(sshd:auth): authentication failure; logname= uid=0 euid=0 tty=ssh ruser= rhost=170.210.155.249  user=root
Aug  2 12:28:05 myremote sshd[825312]: Failed password for invalid user damien from 167.71.220.19 port 41050 ssh2
Aug  2 12:28:07 myremote sshd[825312]: Received disconnect from 167.71.220.19 port 41050:11: Bye Bye [preauth]
Aug  2 12:28:07 myremote sshd[825312]: Disconnected from invalid user damien 167.71.220.19 port 41050 [preauth]
Aug  2 12:28:07 myremote sshd[825317]: Failed password for root from 170.210.155.249 port 33895 ssh2
Aug  2 12:28:08 myremote sshd[825321]: Invalid user rstudio from 188.212.96.88 port 41682
Aug  2 12:28:08 myremote sshd[825321]: pam_unix(sshd:auth): check pass; user unknown
Aug  2 12:28:08 myremote sshd[825321]: pam_unix(sshd:auth): authentication failure; logname= uid=0 euid=0 tty=ssh ruser= rhost=188.212.96.88 
Aug  2 12:28:09 myremote sshd[825317]: Received disconnect from 170.210.155.249 port 33895:11: Bye Bye [preauth]
Aug  2 12:28:09 myremote sshd[825317]: Disconnected from authenticating user root 170.210.155.249 port 33895 [preauth]
Aug  2 12:28:09 myremote sshd[825315]: pam_unix(sshd:auth): authentication failure; logname= uid=0 euid=0 tty=ssh ruser= rhost=14.116.250.2  user=root
Aug  2 12:28:10 myremote sshd[825321]: Failed password for invalid user rstudio from 188.212.96.88 port 41682 ssh2
Aug  2 12:28:11 myremote sshd[825315]: Failed password for root from 14.116.250.2 port 50968 ssh2
Aug  2 12:28:12 myremote sshd[825321]: Received disconnect from 188.212.96.88 port 41682:11: Bye Bye [preauth]
Aug  2 12:28:12 myremote sshd[825321]: Disconnected from invalid user rstudio 188.212.96.88 port 41682 [preauth]
Aug  2 12:28:13 myremote sshd[825315]: Connection closed by authenticating user root 14.116.250.2 port 50968 [preauth]
Aug  2 12:28:14 myremote sshd[825324]: Invalid user rstudio from 36.46.128.39 port 45980
Aug  2 12:28:14 myremote sshd[825324]: pam_unix(sshd:auth): check pass; user unknown
Aug  2 12:28:14 myremote sshd[825324]: pam_unix(sshd:auth): authentication failure; logname= uid=0 euid=0 tty=ssh ruser= rhost=36.46.128.39 
Aug  2 12:28:16 myremote sshd[825324]: Failed password for invalid user rstudio from 36.46.128.39 port 45980 ssh2
Aug  2 12:28:17 myremote sshd[825327]: pam_unix(sshd:auth): authentication failure; logname= uid=0 euid=0 tty=ssh ruser= rhost=14.116.250.2  user=root
Aug  2 12:28:18 myremote sshd[825324]: Received disconnect from 36.46.128.39 port 45980:11: Bye Bye [preauth]
Aug  2 12:28:18 myremote sshd[825324]: Disconnected from invalid user rstudio 36.46.128.39 port 45980 [preauth]
Aug  2 12:28:19 myremote sshd[825327]: Failed password for root from 14.116.250.2 port 53504 ssh2
Aug  2 12:28:20 myremote sshd[825327]: Connection closed by authenticating user root 14.116.250.2 port 53504 [preauth]
Aug  2 12:28:23 myremote sshd[825332]: pam_unix(sshd:auth): authentication failure; logname= uid=0 euid=0 tty=ssh ruser= rhost=203.80.23.199  user=root
Aug  2 12:28:24 myremote sshd[825330]: pam_unix(sshd:auth): authentication failure; logname= uid=0 euid=0 tty=ssh ruser= rhost=14.116.250.2  user=root
Aug  2 12:28:25 myremote sshd[825332]: Failed password for root from 203.80.23.199 port 58354 ssh2
Aug  2 12:28:25 myremote sshd[825332]: Received disconnect from 203.80.23.199 port 58354:11: Bye Bye [preauth]
Aug  2 12:28:25 myremote sshd[825332]: Disconnected from authenticating user root 203.80.23.199 port 58354 [preauth]
Aug  2 12:28:26 myremote sshd[825330]: Failed password for root from 14.116.250.2 port 55402 ssh2
Aug  2 12:28:27 myremote sshd[825330]: Connection closed by authenticating user root 14.116.250.2 port 55402 [preauth]
Aug  2 12:28:29 myremote sshd[825336]: pam_unix(sshd:auth): authentication failure; logname= uid=0 euid=0 tty=ssh ruser= rhost=113.125.153.122  user=root
Aug  2 12:28:30 myremote sshd[825342]: Invalid user temp1 from 220.86.29.35 port 49733
Aug  2 12:28:30 myremote sshd[825342]: pam_unix(sshd:auth): check pass; user unknown
Aug  2 12:28:30 myremote sshd[825342]: pam_unix(sshd:auth): authentication failure; logname= uid=0 euid=0 tty=ssh ruser= rhost=220.86.29.35 
Aug  2 12:28:31 myremote sshd[825336]: Failed password for root from 113.125.153.122 port 55734 ssh2
Aug  2 12:28:32 myremote sshd[825339]: pam_unix(sshd:auth): authentication failure; logname= uid=0 euid=0 tty=ssh ruser= rhost=14.116.250.2  user=root
Aug  2 12:28:32 myremote sshd[825336]: Received disconnect from 113.125.153.122 port 55734:11: Bye Bye [preauth]
Aug  2 12:28:32 myremote sshd[825336]: Disconnected from authenticating user root 113.125.153.122 port 55734 [preauth]
Aug  2 12:28:32 myremote sshd[825342]: Failed password for invalid user temp1 from 220.86.29.35 port 49733 ssh2
Aug  2 12:28:32 myremote sshd[825342]: Received disconnect from 220.86.29.35 port 49733:11: Bye Bye [preauth]
Aug  2 12:28:32 myremote sshd[825342]: Disconnected from invalid user temp1 220.86.29.35 port 49733 [preauth]
Aug  2 12:28:33 myremote sshd[825339]: Failed password for root from 14.116.250.2 port 57472 ssh2
Aug  2 12:28:35 myremote sshd[825339]: Connection closed by authenticating user root 14.116.250.2 port 57472 [preauth]
Aug  2 12:28:37 myremote sshd[825345]: Invalid user sevtech from 210.59.205.48 port 50544
Aug  2 12:28:37 myremote sshd[825345]: pam_unix(sshd:auth): check pass; user unknown
Aug  2 12:28:37 myremote sshd[825345]: pam_unix(sshd:auth): authentication failure; logname= uid=0 euid=0 tty=ssh ruser= rhost=210.59.205.48 
Aug  2 12:28:38 myremote sshd[825345]: Failed password for invalid user sevtech from 210.59.205.48 port 50544 ssh2
Aug  2 12:28:39 myremote sshd[825348]: pam_unix(sshd:auth): authentication failure; logname= uid=0 euid=0 tty=ssh ruser= rhost=14.116.250.2  user=root
Aug  2 12:28:40 myremote sshd[825345]: Received disconnect from 210.59.205.48 port 50544:11: Bye Bye [preauth]
Aug  2 12:28:40 myremote sshd[825345]: Disconnected from invalid user sevtech 210.59.205.48 port 50544 [preauth]
Aug  2 12:28:41 myremote sshd[825348]: Failed password for root from 14.116.250.2 port 59794 ssh2
Aug  2 12:28:42 myremote sshd[825348]: Connection closed by authenticating user root 14.116.250.2 port 59794 [preauth]
Aug  2 12:28:47 myremote sshd[825351]: pam_unix(sshd:auth): authentication failure; logname= uid=0 euid=0 tty=ssh ruser= rhost=14.116.250.2  user=root
Aug  2 12:28:49 myremote sshd[825351]: Failed password for root from 14.116.250.2 port 33572 ssh2
Aug  2 12:28:49 myremote sshd[825351]: Connection closed by authenticating user root 14.116.250.2 port 33572 [preauth]
Aug  2 12:28:54 myremote sshd[825354]: pam_unix(sshd:auth): authentication failure; logname= uid=0 euid=0 tty=ssh ruser= rhost=14.116.250.2  user=root
Aug  2 12:28:56 myremote sshd[825354]: Failed password for root from 14.116.250.2 port 35706 ssh2
Aug  2 12:28:59 myremote sshd[825354]: Connection closed by authenticating user root 14.116.250.2 port 35706 [preauth]
Aug  2 12:29:03 myremote sshd[825357]: pam_unix(sshd:auth): authentication failure; logname= uid=0 euid=0 tty=ssh ruser= rhost=14.116.250.2  user=root
Aug  2 12:29:04 myremote sshd[825363]: Invalid user kkc from 170.210.155.249 port 41036
Aug  2 12:29:04 myremote sshd[825363]: pam_unix(sshd:auth): check pass; user unknown
Aug  2 12:29:04 myremote sshd[825363]: pam_unix(sshd:auth): authentication failure; logname= uid=0 euid=0 tty=ssh ruser= rhost=170.210.155.249 
Aug  2 12:29:05 myremote sshd[825357]: Failed password for root from 14.116.250.2 port 38430 ssh2
